warning[unused-type-ignore-comment]: Unused blanket `type: ignore` directive
 --> docs\source\conf.py:1:1
  |
1 | # type: ignore
  | ^^^^^^^^^^^^^^
2 | # Configuration file for the Sphinx documentation builder.
3 | #
  |
help: Remove the unused suppression comment
  - # type: ignore
1 + 
2 | # Configuration file for the Sphinx documentation builder.
3 | #
4 | # For the full list of built-in configuration values, see the documentation:

error[unresolved-reference]: Name `Slide` used when not defined
 --> docs\source\reference\magic_example.ipynb:cell 4:1:20
  |
1 | class MyOtherSlide(Slide):
  |                    ^^^^^
2 |     def construct(self):
3 |         text = VGroup(
  |
info: rule `unresolved-reference` is enabled by default

warning[unused-type-ignore-comment]: Unused blanket `type: ignore` directive
  --> manim_slides\config.py:28:27
   |
28 | class Signal(BaseModel):  # type: ignore[misc]
   |                           ^^^^^^^^^^^^^^^^^^^^
29 |     __receivers: list[Receiver] = PrivateAttr(default_factory=list)
   |
help: Remove the unused suppression comment
25 | Receiver = Callable[..., Any]
26 | 
27 | 
   - class Signal(BaseModel):  # type: ignore[misc]
28 + class Signal(BaseModel):
29 |     __receivers: list[Receiver] = PrivateAttr(default_factory=list)
30 | 
31 |     def connect(self, receiver: Receiver) -> None:

warning[unused-type-ignore-comment]: Unused blanket `type: ignore` directive
  --> manim_slides\config.py:49:24
   |
49 | class Key(BaseModel):  # type: ignore[misc]
   |                        ^^^^^^^^^^^^^^^^^^^^
50 |     """Represents a list of key codes, with optionally a name."""
   |
help: Remove the unused suppression comment
46 |     return getattr(Qt, f"Key_{name}")
47 | 
48 | 
   - class Key(BaseModel):  # type: ignore[misc]
49 + class Key(BaseModel):
50 |     """Represents a list of key codes, with optionally a name."""
51 | 
52 |     ids: conset(PositiveInt, min_length=1)  # type: ignore[valid-type]

warning[unused-type-ignore-comment]: Unused blanket `type: ignore` directive
  --> manim_slides\config.py:80:25
   |
80 | class Keys(BaseModel):  # type: ignore[misc]
   |                         ^^^^^^^^^^^^^^^^^^^^
81 |     QUIT: Key = Field(default_factory=lambda: Key(ids=[key_id("Q")], name="QUIT"))
82 |     PLAY_PAUSE: Key = Field(
   |
help: Remove the unused suppression comment
77 |         return list(self.ids)
78 | 
79 | 
   - class Keys(BaseModel):  # type: ignore[misc]
80 + class Keys(BaseModel):
81 |     QUIT: Key = Field(default_factory=lambda: Key(ids=[key_id("Q")], name="QUIT"))
82 |     PLAY_PAUSE: Key = Field(
83 |         default_factory=lambda: Key(ids=[key_id("Space")], name="PLAY / PAUSE")

error[not-subscriptable]: Cannot subscript object of type `Key` with no `__getitem__` method
   --> manim_slides\config.py:104:37
    |
103 |         for key in values.values():
104 |             if len(ids.intersection(key["ids"])) != 0:
    |                                     ^^^^^^^^^^
105 |                 raise ValueError(
106 |                     "Two or more keys share a common key code: please make sure each key has distinct key codes"
    |
info: rule `not-subscriptable` is enabled by default

error[not-subscriptable]: Cannot subscript object of type `Key` with no `__getitem__` method
   --> manim_slides\config.py:108:24
    |
106 |                     "Two or more keys share a common key code: please make sure each key has distinct key codes"
107 |                 )
108 |             ids.update(key["ids"])
    |                        ^^^^^^^^^^
109 |
110 |         return values
    |
info: rule `not-subscriptable` is enabled by default

warning[unused-type-ignore-comment]: Unused blanket `type: ignore` directive
   --> manim_slides\config.py:134:27
    |
134 | class Config(BaseModel):  # type: ignore[misc]
    |                           ^^^^^^^^^^^^^^^^^^^^
135 |     """General Manim Slides config."""
    |
help: Remove the unused suppression comment
131 |         return dispatch
132 | 
133 | 
    - class Config(BaseModel):  # type: ignore[misc]
134 + class Config(BaseModel):
135 |     """General Manim Slides config."""
136 | 
137 |     keys: Keys = Field(default_factory=Keys)

warning[unused-type-ignore-comment]: Unused blanket `type: ignore` directive
   --> manim_slides\config.py:142:54
    |
140 |     def from_file(cls, path: Path) -> "Config":
141 |         """Read a configuration from a file."""
142 |         return cls.model_validate(rtoml.load(path))  # type: ignore
    |                                                      ^^^^^^^^^^^^^^
143 |
144 |     def to_file(self, path: Path) -> None:
    |
help: Remove the unused suppression comment
139 |     @classmethod
140 |     def from_file(cls, path: Path) -> "Config":
141 |         """Read a configuration from a file."""
    -         return cls.model_validate(rtoml.load(path))  # type: ignore
142 +         return cls.model_validate(rtoml.load(path))
143 | 
144 |     def to_file(self, path: Path) -> None:
145 |         """Dump the configuration to a file."""

warning[unused-type-ignore-comment]: Unused blanket `type: ignore` directive
   --> manim_slides\config.py:154:36
    |
154 | class BaseSlideConfig(BaseModel):  # type: ignore
    |                                    ^^^^^^^^^^^^^^
155 |     """Base class for slide config."""
    |
help: Remove the unused suppression comment
151 |         return self
152 | 
153 | 
    - class BaseSlideConfig(BaseModel):  # type: ignore
154 + class BaseSlideConfig(BaseModel):
155 |     """Base class for slide config."""
156 | 
157 |     loop: bool = False

warning[unused-type-ignore-comment]: Unused blanket `type: ignore` directive
   --> manim_slides\config.py:291:39
    |
291 | class PresentationConfig(BaseModel):  # type: ignore[misc]
    |                                       ^^^^^^^^^^^^^^^^^^^^
292 |     slides: list[SlideConfig] = Field(min_length=1)
293 |     resolution: tuple[PositiveInt, PositiveInt] = (1920, 1080)
    |
help: Remove the unused suppression comment
288 |         return cls(file=file, rev_file=rev_file, **pre_slide_config.model_dump())
289 | 
290 | 
    - class PresentationConfig(BaseModel):  # type: ignore[misc]
291 + class PresentationConfig(BaseModel):
292 |     slides: list[SlideConfig] = Field(min_length=1)
293 |     resolution: tuple[PositiveInt, PositiveInt] = (1920, 1080)
294 |     background_color: Color = "black"

error[invalid-assignment]: Object of type `Literal["black"]` is not assignable to `Color`
   --> manim_slides\config.py:294:23
    |
292 |     slides: list[SlideConfig] = Field(min_length=1)
293 |     resolution: tuple[PositiveInt, PositiveInt] = (1920, 1080)
294 |     background_color: Color = "black"
    |                       -----   ^^^^^^^ Incompatible value of type `Literal["black"]`
    |                       |
    |                       Declared type
295 |
296 |     @classmethod
    |
info: rule `invalid-assignment` is enabled by default

warning[unused-type-ignore-comment]: Unused blanket `type: ignore` directive
   --> manim_slides\config.py:312:45
    |
310 |                     slide["rev_file"] = parent / rev_file
311 |
312 |             return cls.model_validate(obj)  # type: ignore
    |                                             ^^^^^^^^^^^^^^
313 |
314 |     def to_file(self, path: Path) -> None:
    |
help: Remove the unused suppression comment
309 |                 if rev_file := slide.get("rev_file", None):
310 |                     slide["rev_file"] = parent / rev_file
311 | 
    -             return cls.model_validate(obj)  # type: ignore
312 +             return cls.model_validate(obj)
313 | 
314 |     def to_file(self, path: Path) -> None:
315 |         """Dump the presentation configuration to a file."""

error[unresolved-import]: Module `lxml` has no member `etree`
  --> manim_slides\convert.py:24:18
   |
22 | from click import Context, Parameter
23 | from jinja2 import Template
24 | from lxml import etree
   |                  ^^^^^
25 | from PIL import Image
26 | from pydantic import (
   |
info: rule `unresolved-import` is enabled by default

warning[unused-type-ignore-comment]: Unused blanket `type: ignore` directive
  --> manim_slides\convert.py:52:34
   |
50 |         subprocess.call(("open", str(file)))
51 |     elif system == "Windows":
52 |         os.startfile(str(file))  # type: ignore[attr-defined]
   |                                  ^^^^^^^^^^^^^^^^^^^^^^^^^^^^
53 |     else:
54 |         subprocess.call(("xdg-open", str(file)))
   |
help: Remove the unused suppression comment
49 |     if system == "Darwin":
50 |         subprocess.call(("open", str(file)))
51 |     elif system == "Windows":
   -         os.startfile(str(file))  # type: ignore[attr-defined]
52 +         os.startfile(str(file))
53 |     else:
54 |         subprocess.call(("xdg-open", str(file)))
55 | 

error[unsupported-operator]: Unsupported `*` operation
  --> manim_slides\convert.py:89:22
   |
87 |         video = container.streams.video[0]
88 |
89 |         return float(1000 * video.duration * video.time_base)
   |                      ----^^^--------------
   |                      |      |
   |                      |      Has type `int | None`
   |                      Has type `Literal[1000]`
   |
info: rule `unsupported-operator` is enabled by default

error[invalid-type-form]: Module `PIL.Image` is not valid in a type expression
  --> manim_slides\convert.py:92:74
   |
92 | def read_image_from_video_file(file: Path, frame_index: "FrameIndex") -> Image:
   |                                                                          ^^^^^ Did you mean to use the module's member `Image.Image`?
93 |     """Read a image from a video file at a given index."""
94 |     with av.open(str(file)) as container:
   |
info: rule `invalid-type-form` is enabled by default

warning[unused-type-ignore-comment]: Unused blanket `type: ignore` directive
   --> manim_slides\convert.py:105:30
    |
105 | class Converter(BaseModel):  # type: ignore
    |                              ^^^^^^^^^^^^^^
106 |     presentation_configs: list[PresentationConfig]
107 |     assets_dir: str = Field(
    |
help: Remove the unused suppression comment
102 |         return frame.to_image()
103 | 
104 | 
    - class Converter(BaseModel):  # type: ignore
105 + class Converter(BaseModel):
106 |     presentation_configs: list[PresentationConfig]
107 |     assets_dir: str = Field(
108 |         "{basename}_assets",

warning[unused-type-ignore-comment]: Unused blanket `type: ignore` directive
   --> manim_slides\convert.py:176:30
    |
176 | class JsBool(Str, StrEnum):  # type: ignore
    |                              ^^^^^^^^^^^^^^
177 |     true = "true"
178 |     false = "false"
    |
help: Remove the unused suppression comment
173 |     false = "false"
174 | 
175 | 
    - class JsBool(Str, StrEnum):  # type: ignore
176 + class JsBool(Str, StrEnum):
177 |     true = "true"
178 |     false = "false"
179 | 

warning[unused-type-ignore-comment]: Unused blanket `type: ignore` directive
   --> manim_slides\convert.py:181:30
    |
181 | class JsNull(Str, StrEnum):  # type: ignore
    |                              ^^^^^^^^^^^^^^
182 |     null = "null"
    |
help: Remove the unused suppression comment
178 |     false = "false"
179 | 
180 | 
    - class JsNull(Str, StrEnum):  # type: ignore
181 + class JsNull(Str, StrEnum):
182 |     null = "null"
183 | 
184 | 

warning[unused-type-ignore-comment]: Unused blanket `type: ignore` directive
   --> manim_slides\convert.py:185:38
    |
185 | class ControlsLayout(Str, StrEnum):  # type: ignore
    |                                      ^^^^^^^^^^^^^^
186 |     edges = "edges"
187 |     bottom_right = "bottom-right"
    |
help: Remove the unused suppression comment
182 |     null = "null"
183 | 
184 | 
    - class ControlsLayout(Str, StrEnum):  # type: ignore
185 + class ControlsLayout(Str, StrEnum):
186 |     edges = "edges"
187 |     bottom_right = "bottom-right"
188 | 

warning[unused-type-ignore-comment]: Unused blanket `type: ignore` directive
   --> manim_slides\convert.py:190:42
    |
190 | class ControlsBackArrows(Str, StrEnum):  # type: ignore
    |                                          ^^^^^^^^^^^^^^
191 |     faded = "faded"
192 |     hidden = "hidden"
    |
help: Remove the unused suppression comment
187 |     bottom_right = "bottom-right"
188 | 
189 | 
    - class ControlsBackArrows(Str, StrEnum):  # type: ignore
190 + class ControlsBackArrows(Str, StrEnum):
191 |     faded = "faded"
192 |     hidden = "hidden"
193 |     visibly = "visibly"

warning[unused-type-ignore-comment]: Unused blanket `type: ignore` directive
   --> manim_slides\convert.py:196:35
    |
196 | class SlideNumber(Str, StrEnum):  # type: ignore
    |                                   ^^^^^^^^^^^^^^
197 |     true = "true"
198 |     false = "false"
    |
help: Remove the unused suppression comment
193 |     visibly = "visibly"
194 | 
195 | 
    - class SlideNumber(Str, StrEnum):  # type: ignore
196 + class SlideNumber(Str, StrEnum):
197 |     true = "true"
198 |     false = "false"
199 |     hdotv = "h.v"

warning[unused-type-ignore-comment]: Unused blanket `type: ignore` directive
   --> manim_slides\convert.py:205:39
    |
205 | class ShowSlideNumber(Str, StrEnum):  # type: ignore
    |                                       ^^^^^^^^^^^^^^
206 |     all = "all"
207 |     print = "print"
    |
help: Remove the unused suppression comment
202 |     candt = "c/t"
203 | 
204 | 
    - class ShowSlideNumber(Str, StrEnum):  # type: ignore
205 + class ShowSlideNumber(Str, StrEnum):
206 |     all = "all"
207 |     print = "print"
208 |     speaker = "speaker"

warning[unused-type-ignore-comment]: Unused blanket `type: ignore` directive
   --> manim_slides\convert.py:211:41
    |
211 | class KeyboardCondition(Str, StrEnum):  # type: ignore
    |                                         ^^^^^^^^^^^^^^
212 |     null = "null"
213 |     focused = "focused"
    |
help: Remove the unused suppression comment
208 |     speaker = "speaker"
209 | 
210 | 
    - class KeyboardCondition(Str, StrEnum):  # type: ignore
211 + class KeyboardCondition(Str, StrEnum):
212 |     null = "null"
213 |     focused = "focused"
214 | 

warning[unused-type-ignore-comment]: Unused blanket `type: ignore` directive
   --> manim_slides\convert.py:216:38
    |
216 | class NavigationMode(Str, StrEnum):  # type: ignore
    |                                      ^^^^^^^^^^^^^^
217 |     default = "default"
218 |     linear = "linear"
    |
help: Remove the unused suppression comment
213 |     focused = "focused"
214 | 
215 | 
    - class NavigationMode(Str, StrEnum):  # type: ignore
216 + class NavigationMode(Str, StrEnum):
217 |     default = "default"
218 |     linear = "linear"
219 |     grid = "grid"

warning[unused-type-ignore-comment]: Unused blanket `type: ignore` directive
   --> manim_slides\convert.py:222:37
    |
222 | class AutoPlayMedia(Str, StrEnum):  # type: ignore
    |                                     ^^^^^^^^^^^^^^
223 |     null = "null"
224 |     true = "true"
    |
help: Remove the unused suppression comment
219 |     grid = "grid"
220 | 
221 | 
    - class AutoPlayMedia(Str, StrEnum):  # type: ignore
222 + class AutoPlayMedia(Str, StrEnum):
223 |     null = "null"
224 |     true = "true"
225 |     false = "false"

warning[unused-type-ignore-comment]: Unused blanket `type: ignore` directive
   --> manim_slides\convert.py:231:42
    |
231 | class AutoAnimateMatcher(Str, StrEnum):  # type: ignore
    |                                          ^^^^^^^^^^^^^^
232 |     null = "null"
    |
help: Remove the unused suppression comment
228 | PreloadIframes = AutoPlayMedia
229 | 
230 | 
    - class AutoAnimateMatcher(Str, StrEnum):  # type: ignore
231 + class AutoAnimateMatcher(Str, StrEnum):
232 |     null = "null"
233 | 
234 | 

warning[unused-type-ignore-comment]: Unused blanket `type: ignore` directive
   --> manim_slides\convert.py:235:41
    |
235 | class AutoAnimateEasing(Str, StrEnum):  # type: ignore
    |                                         ^^^^^^^^^^^^^^
236 |     ease = "ease"
    |
help: Remove the unused suppression comment
232 |     null = "null"
233 | 
234 | 
    - class AutoAnimateEasing(Str, StrEnum):  # type: ignore
235 + class AutoAnimateEasing(Str, StrEnum):
236 |     ease = "ease"
237 | 
238 | 

warning[unused-type-ignore-comment]: Unused blanket `type: ignore` directive
   --> manim_slides\convert.py:242:39
    |
242 | class AutoSlideMethod(Str, StrEnum):  # type: ignore
    |                                       ^^^^^^^^^^^^^^
243 |     null = "null"
    |
help: Remove the unused suppression comment
239 | AutoSlide = Union[PositiveInt, JsFalse]
240 | 
241 | 
    - class AutoSlideMethod(Str, StrEnum):  # type: ignore
242 + class AutoSlideMethod(Str, StrEnum):
243 |     null = "null"
244 | 
245 | 

warning[unused-type-ignore-comment]: Unused blanket `type: ignore` directive
   --> manim_slides\convert.py:249:34
    |
249 | class Transition(Str, StrEnum):  # type: ignore
    |                                  ^^^^^^^^^^^^^^
250 |     none = "none"
251 |     fade = "fade"
    |
help: Remove the unused suppression comment
246 | MouseWheel = Union[JsNull, float]
247 | 
248 | 
    - class Transition(Str, StrEnum):  # type: ignore
249 + class Transition(Str, StrEnum):
250 |     none = "none"
251 |     fade = "fade"
252 |     slide = "slide"

warning[unused-type-ignore-comment]: Unused blanket `type: ignore` directive
   --> manim_slides\convert.py:258:39
    |
258 | class TransitionSpeed(Str, StrEnum):  # type: ignore
    |                                       ^^^^^^^^^^^^^^
259 |     default = "default"
260 |     fast = "fast"
    |
help: Remove the unused suppression comment
255 |     zoom = "zoom"
256 | 
257 | 
    - class TransitionSpeed(Str, StrEnum):  # type: ignore
258 + class TransitionSpeed(Str, StrEnum):
259 |     default = "default"
260 |     fast = "fast"
261 |     slow = "slow"

warning[unused-type-ignore-comment]: Unused blanket `type: ignore` directive
   --> manim_slides\convert.py:264:38
    |
264 | class BackgroundSize(Str, StrEnum):  # type: ignore
    |                                      ^^^^^^^^^^^^^^
265 |     # From: https://developer.mozilla.org/en-US/docs/Web/CSS/background-size
266 |     # TODO: support more background size
    |
help: Remove the unused suppression comment
261 |     slow = "slow"
262 | 
263 | 
    - class BackgroundSize(Str, StrEnum):  # type: ignore
264 + class BackgroundSize(Str, StrEnum):
265 |     # From: https://developer.mozilla.org/en-US/docs/Web/CSS/background-size
266 |     # TODO: support more background size
267 |     contain = "contain"

warning[unused-type-ignore-comment]: Unused blanket `type: ignore` directive
   --> manim_slides\convert.py:274:31
    |
274 | class Display(Str, StrEnum):  # type: ignore
    |                               ^^^^^^^^^^^^^^
275 |     block = "block"
    |
help: Remove the unused suppression comment
271 | BackgroundTransition = Transition
272 | 
273 | 
    - class Display(Str, StrEnum):  # type: ignore
274 + class Display(Str, StrEnum):
275 |     block = "block"
276 | 
277 | 

error[invalid-assignment]: Object of type `dataclasses.Field[Literal["black"]]` is not assignable to `Color`
   --> manim_slides\convert.py:530:23
    |
528 |       )
529 |       # Appearance options from RevealJS
530 |       background_color: Color = Field(
    |  _______________________-----___^
    | |                       |
    | |                       Declared type
531 | |         "black",
532 | |         description="Background color used in slides, not relevant if videos fill the whole area.",
533 | |     )
    | |_____^ Incompatible value of type `dataclasses.Field[Literal["black"]]`
534 |       reveal_version: str = Field("5.2.0", description="RevealJS version.")
535 |       reveal_theme: RevealTheme = Field(
    |
info: rule `invalid-assignment` is enabled by default

warning[possibly-missing-attribute]: Attribute `startswith` may be missing on object of type `str | AttributeValueList`
   --> manim_slides\convert.py:631:49
    |
629 |             for tag, inner in [("link", "href"), ("script", "src")]:
630 |                 for item in soup.find_all(tag):
631 |                     if item.has_attr(inner) and (link := item[inner]).startswith(
    |                                                 ^^^^^^^^^^^^^^^^^^^^^^^^^^^^^^^^
632 |                         "http"
633 |                     ):
    |
info: rule `possibly-missing-attribute` is enabled by default

warning[possibly-missing-attribute]: Attribute `rsplit` may be missing on object of type `str | AttributeValueList`
   --> manim_slides\convert.py:634:38
    |
632 |                         "http"
633 |                     ):
634 |                         asset_name = link.rsplit("/", 1)[1]
    |                                      ^^^^^^^^^^^
635 |                         asset = session.get(link)
636 |                         if self.one_file:
    |
info: rule `possibly-missing-attribute` is enabled by default

warning[possibly-missing-attribute]: Attribute `append` may be missing on object of type `Tag | None`
   --> manim_slides\convert.py:642:33
    |
640 | ΓÇª                         style = soup.new_tag("style")
641 | ΓÇª                         style.string = asset.text
642 | ΓÇª                         soup.head.append(style)
    |                           ^^^^^^^^^^^^^^^^
643 | ΓÇª                     # If it is a JS file, inline it
644 | ΓÇª                     elif tag == "script":
    |
info: rule `possibly-missing-attribute` is enabled by default

warning[possibly-missing-attribute]: Attribute `append` may be missing on object of type `Tag | None`
   --> manim_slides\convert.py:648:33
    |
646 | ΓÇª                         script = soup.new_tag("script")
647 | ΓÇª                         script.string = asset.text
648 | ΓÇª                         soup.head.append(script)
    |                           ^^^^^^^^^^^^^^^^
649 | ΓÇª                     else:
650 | ΓÇª                         raise ValueError(
    |
info: rule `possibly-missing-attribute` is enabled by default

error[invalid-assignment]: Invalid assignment to data descriptor attribute `slide_width` on type `Presentation` with custom `__set__` method
   --> manim_slides\convert.py:753:9
    |
751 |         """Convert this configuration into a PowerPoint presentation, saved to DEST."""
752 |         prs = pptx.Presentation()
753 |         prs.slide_width = self.width * 9525
    |         ^^^^^^^^^^^^^^^
754 |         prs.slide_height = self.height * 9525
    |
info: rule `invalid-assignment` is enabled by default

error[invalid-assignment]: Invalid assignment to data descriptor attribute `slide_height` on type `Presentation` with custom `__set__` method
   --> manim_slides\convert.py:754:9
    |
752 |         prs = pptx.Presentation()
753 |         prs.slide_width = self.width * 9525
754 |         prs.slide_height = self.height * 9525
    |         ^^^^^^^^^^^^^^^^
755 |
756 |         layout = prs.slide_layouts[6]  # Should be blank
    |
info: rule `invalid-assignment` is enabled by default

warning[possibly-missing-attribute]: Submodule `shapes` may not be available as an attribute on module `pptx`
   --> manim_slides\convert.py:761:20
    |
759 |         # - https://github.com/scanny/python-pptx/issues/427#issuecomment-856724440
760 |         def auto_play_media(
761 |             media: pptx.shapes.picture.Movie, loop: bool = False
    |                    ^^^^^^^^^^^
762 |         ) -> None:
763 |             el_id = xpath(media.element, ".//p:cNvPr")[0].attrib["id"]
    |
help: Consider explicitly importing `pptx.shapes`
info: rule `possibly-missing-attribute` is enabled by default

error[invalid-argument-type]: Argument to bound method `save` is incorrect
   --> manim_slides\convert.py:820:22
    |
819 |             dest.parent.mkdir(parents=True, exist_ok=True)
820 |             prs.save(dest)
    |                      ^^^^ Expected `str | IO[bytes]`, found `Path`
    |
info: Method defined here
  --> .venv\Lib\site-packages\pptx\presentation.py:45:9
   |
43 |         return self.part.notes_master
44 |
45 |     def save(self, file: str | IO[bytes]):
   |         ^^^^       --------------------- Parameter declared here
46 |         """Writes this presentation to `file`.
   |
info: rule `invalid-argument-type` is enabled by default

warning[unused-type-ignore-comment]: Unused blanket `type: ignore` directive
   --> manim_slides\convert.py:860:27
    |
858 |         ctx.exit()
859 |
860 |     return click.option(  # type: ignore
    |                           ^^^^^^^^^^^^^^
861 |         "--show-config",
862 |         is_flag=True,
    |
help: Remove the unused suppression comment
857 | 
858 |         ctx.exit()
859 | 
    -     return click.option(  # type: ignore
860 +     return click.option(
861 |         "--show-config",
862 |         is_flag=True,
863 |         help="Show supported options for given format and exit.",

warning[unused-type-ignore-comment]: Unused blanket `type: ignore` directive
   --> manim_slides\convert.py:901:27
    |
899 |         ctx.exit()
900 |
901 |     return click.option(  # type: ignore
    |                           ^^^^^^^^^^^^^^
902 |         "--show-template",
903 |         is_flag=True,
    |
help: Remove the unused suppression comment
898 | 
899 |         ctx.exit()
900 | 
    -     return click.option(  # type: ignore
901 +     return click.option(
902 |         "--show-template",
903 |         is_flag=True,
904 |         help="Show the template (currently) used for a given conversion format and exit.",

warning[unused-type-ignore-comment]: Unused blanket `type: ignore` directive
  --> manim_slides\ipython\ipython_magic.py:51:34
   |
50 | @magics_class
51 | class ManimSlidesMagic(Magics):  # type: ignore
   |                                  ^^^^^^^^^^^^^^
52 |     def __init__(self, shell: InteractiveShell) -> None:
53 |         super().__init__(shell)
   |
help: Remove the unused suppression comment
48 | 
49 | 
50 | @magics_class
   - class ManimSlidesMagic(Magics):  # type: ignore
51 + class ManimSlidesMagic(Magics):
52 |     def __init__(self, shell: InteractiveShell) -> None:
53 |         super().__init__(shell)
54 |         self.rendered_files: dict[Path, Path] = {}

error[invalid-argument-type]: Argument is incorrect
   --> manim_slides\ipython\ipython_magic.py:252:65
    |
250 |                 [clsname], Path("./slides")
251 |             )
252 |             RevealJS(presentation_configs=presentation_configs, **kwargs).convert_to(
    |                                                                 ^^^^^^^^ Expected `JsBool`, found `str`
253 |                 tmpfile
254 |             )
    |
info: rule `invalid-argument-type` is enabled by default

error[invalid-argument-type]: Argument is incorrect
   --> manim_slides\ipython\ipython_magic.py:252:65
    |
250 |                 [clsname], Path("./slides")
251 |             )
252 |             RevealJS(presentation_configs=presentation_configs, **kwargs).convert_to(
    |                                                                 ^^^^^^^^ Expected `Str | int`, found `str`
253 |                 tmpfile
254 |             )
    |
info: rule `invalid-argument-type` is enabled by default

error[invalid-argument-type]: Argument is incorrect
   --> manim_slides\ipython\ipython_magic.py:252:65
    |
250 |                 [clsname], Path("./slides")
251 |             )
252 |             RevealJS(presentation_configs=presentation_configs, **kwargs).convert_to(
    |                                                                 ^^^^^^^^ Expected `Str | int`, found `str`
253 |                 tmpfile
254 |             )
    |
info: rule `invalid-argument-type` is enabled by default

error[invalid-argument-type]: Argument is incorrect
   --> manim_slides\ipython\ipython_magic.py:252:65
    |
250 |                 [clsname], Path("./slides")
251 |             )
252 |             RevealJS(presentation_configs=presentation_configs, **kwargs).convert_to(
    |                                                                 ^^^^^^^^ Expected `int | float`, found `str`
253 |                 tmpfile
254 |             )
    |
info: rule `invalid-argument-type` is enabled by default

error[invalid-argument-type]: Argument is incorrect
   --> manim_slides\ipython\ipython_magic.py:252:65
    |
250 |                 [clsname], Path("./slides")
251 |             )
252 |             RevealJS(presentation_configs=presentation_configs, **kwargs).convert_to(
    |                                                                 ^^^^^^^^ Expected `int | float`, found `str`
253 |                 tmpfile
254 |             )
    |
info: rule `invalid-argument-type` is enabled by default

error[invalid-argument-type]: Argument is incorrect
   --> manim_slides\ipython\ipython_magic.py:252:65
    |
250 |                 [clsname], Path("./slides")
251 |             )
252 |             RevealJS(presentation_configs=presentation_configs, **kwargs).convert_to(
    |                                                                 ^^^^^^^^ Expected `int | float`, found `str`
253 |                 tmpfile
254 |             )
    |
info: rule `invalid-argument-type` is enabled by default

error[invalid-argument-type]: Argument is incorrect
   --> manim_slides\ipython\ipython_magic.py:252:65
    |
250 |                 [clsname], Path("./slides")
251 |             )
252 |             RevealJS(presentation_configs=presentation_configs, **kwargs).convert_to(
    |                                                                 ^^^^^^^^ Expected `JsBool`, found `str`
253 |                 tmpfile
254 |             )
    |
info: rule `invalid-argument-type` is enabled by default

error[invalid-argument-type]: Argument is incorrect
   --> manim_slides\ipython\ipython_magic.py:252:65
    |
250 |                 [clsname], Path("./slides")
251 |             )
252 |             RevealJS(presentation_configs=presentation_configs, **kwargs).convert_to(
    |                                                                 ^^^^^^^^ Expected `JsBool`, found `str`
253 |                 tmpfile
254 |             )
    |
info: rule `invalid-argument-type` is enabled by default

error[invalid-argument-type]: Argument is incorrect
   --> manim_slides\ipython\ipython_magic.py:252:65
    |
250 |                 [clsname], Path("./slides")
251 |             )
252 |             RevealJS(presentation_configs=presentation_configs, **kwargs).convert_to(
    |                                                                 ^^^^^^^^ Expected `ControlsLayout`, found `str`
253 |                 tmpfile
254 |             )
    |
info: rule `invalid-argument-type` is enabled by default

error[invalid-argument-type]: Argument is incorrect
   --> manim_slides\ipython\ipython_magic.py:252:65
    |
250 |                 [clsname], Path("./slides")
251 |             )
252 |             RevealJS(presentation_configs=presentation_configs, **kwargs).convert_to(
    |                                                                 ^^^^^^^^ Expected `ControlsBackArrows`, found `str`
253 |                 tmpfile
254 |             )
    |
info: rule `invalid-argument-type` is enabled by default

error[invalid-argument-type]: Argument is incorrect
   --> manim_slides\ipython\ipython_magic.py:252:65
    |
250 |                 [clsname], Path("./slides")
251 |             )
252 |             RevealJS(presentation_configs=presentation_configs, **kwargs).convert_to(
    |                                                                 ^^^^^^^^ Expected `JsBool`, found `str`
253 |                 tmpfile
254 |             )
    |
info: rule `invalid-argument-type` is enabled by default

error[invalid-argument-type]: Argument is incorrect
   --> manim_slides\ipython\ipython_magic.py:252:65
    |
250 |                 [clsname], Path("./slides")
251 |             )
252 |             RevealJS(presentation_configs=presentation_configs, **kwargs).convert_to(
    |                                                                 ^^^^^^^^ Expected `SlideNumber`, found `str`
253 |                 tmpfile
254 |             )
    |
info: rule `invalid-argument-type` is enabled by default

error[invalid-argument-type]: Argument is incorrect
   --> manim_slides\ipython\ipython_magic.py:252:65
    |
250 |                 [clsname], Path("./slides")
251 |             )
252 |             RevealJS(presentation_configs=presentation_configs, **kwargs).convert_to(
    |                                                                 ^^^^^^^^ Expected `JsBool`, found `str`
253 |                 tmpfile
254 |             )
    |
info: rule `invalid-argument-type` is enabled by default

error[invalid-argument-type]: Argument is incorrect
   --> manim_slides\ipython\ipython_magic.py:252:65
    |
250 |                 [clsname], Path("./slides")
251 |             )
252 |             RevealJS(presentation_configs=presentation_configs, **kwargs).convert_to(
    |                                                                 ^^^^^^^^ Expected `JsBool`, found `str`
253 |                 tmpfile
254 |             )
    |
info: rule `invalid-argument-type` is enabled by default

error[invalid-argument-type]: Argument is incorrect
   --> manim_slides\ipython\ipython_magic.py:252:65
    |
250 |                 [clsname], Path("./slides")
251 |             )
252 |             RevealJS(presentation_configs=presentation_configs, **kwargs).convert_to(
    |                                                                 ^^^^^^^^ Expected `JsBool`, found `str`
253 |                 tmpfile
254 |             )
    |
info: rule `invalid-argument-type` is enabled by default

error[invalid-argument-type]: Argument is incorrect
   --> manim_slides\ipython\ipython_magic.py:252:65
    |
250 |                 [clsname], Path("./slides")
251 |             )
252 |             RevealJS(presentation_configs=presentation_configs, **kwargs).convert_to(
    |                                                                 ^^^^^^^^ Expected `JsBool`, found `str`
253 |                 tmpfile
254 |             )
    |
info: rule `invalid-argument-type` is enabled by default

error[invalid-argument-type]: Argument is incorrect
   --> manim_slides\ipython\ipython_magic.py:252:65
    |
250 |                 [clsname], Path("./slides")
251 |             )
252 |             RevealJS(presentation_configs=presentation_configs, **kwargs).convert_to(
    |                                                                 ^^^^^^^^ Expected `JsBool`, found `str`
253 |                 tmpfile
254 |             )
    |
info: rule `invalid-argument-type` is enabled by default

error[invalid-argument-type]: Argument is incorrect
   --> manim_slides\ipython\ipython_magic.py:252:65
    |
250 |                 [clsname], Path("./slides")
251 |             )
252 |             RevealJS(presentation_configs=presentation_configs, **kwargs).convert_to(
    |                                                                 ^^^^^^^^ Expected `JsBool`, found `str`
253 |                 tmpfile
254 |             )
    |
info: rule `invalid-argument-type` is enabled by default

error[invalid-argument-type]: Argument is incorrect
   --> manim_slides\ipython\ipython_magic.py:252:65
    |
250 |                 [clsname], Path("./slides")
251 |             )
252 |             RevealJS(presentation_configs=presentation_configs, **kwargs).convert_to(
    |                                                                 ^^^^^^^^ Expected `JsBool`, found `str`
253 |                 tmpfile
254 |             )
    |
info: rule `invalid-argument-type` is enabled by default

error[invalid-argument-type]: Argument is incorrect
   --> manim_slides\ipython\ipython_magic.py:252:65
    |
250 |                 [clsname], Path("./slides")
251 |             )
252 |             RevealJS(presentation_configs=presentation_configs, **kwargs).convert_to(
    |                                                                 ^^^^^^^^ Expected `JsBool`, found `str`
253 |                 tmpfile
254 |             )
    |
info: rule `invalid-argument-type` is enabled by default

error[invalid-argument-type]: Argument is incorrect
   --> manim_slides\ipython\ipython_magic.py:252:65
    |
250 |                 [clsname], Path("./slides")
251 |             )
252 |             RevealJS(presentation_configs=presentation_configs, **kwargs).convert_to(
    |                                                                 ^^^^^^^^ Expected `JsBool`, found `str`
253 |                 tmpfile
254 |             )
    |
info: rule `invalid-argument-type` is enabled by default

error[invalid-argument-type]: Argument is incorrect
   --> manim_slides\ipython\ipython_magic.py:252:65
    |
250 |                 [clsname], Path("./slides")
251 |             )
252 |             RevealJS(presentation_configs=presentation_configs, **kwargs).convert_to(
    |                                                                 ^^^^^^^^ Expected `JsBool`, found `str`
253 |                 tmpfile
254 |             )
    |
info: rule `invalid-argument-type` is enabled by default

error[invalid-argument-type]: Argument is incorrect
   --> manim_slides\ipython\ipython_magic.py:252:65
    |
250 |                 [clsname], Path("./slides")
251 |             )
252 |             RevealJS(presentation_configs=presentation_configs, **kwargs).convert_to(
    |                                                                 ^^^^^^^^ Expected `JsBool`, found `str`
253 |                 tmpfile
254 |             )
    |
info: rule `invalid-argument-type` is enabled by default

error[invalid-argument-type]: Argument is incorrect
   --> manim_slides\ipython\ipython_magic.py:252:65
    |
250 |                 [clsname], Path("./slides")
251 |             )
252 |             RevealJS(presentation_configs=presentation_configs, **kwargs).convert_to(
    |                                                                 ^^^^^^^^ Expected `JsBool`, found `str`
253 |                 tmpfile
254 |             )
    |
info: rule `invalid-argument-type` is enabled by default

error[invalid-argument-type]: Argument is incorrect
   --> manim_slides\ipython\ipython_magic.py:252:65
    |
250 |                 [clsname], Path("./slides")
251 |             )
252 |             RevealJS(presentation_configs=presentation_configs, **kwargs).convert_to(
    |                                                                 ^^^^^^^^ Expected `NavigationMode`, found `str`
253 |                 tmpfile
254 |             )
    |
info: rule `invalid-argument-type` is enabled by default

error[invalid-argument-type]: Argument is incorrect
   --> manim_slides\ipython\ipython_magic.py:252:65
    |
250 |                 [clsname], Path("./slides")
251 |             )
252 |             RevealJS(presentation_configs=presentation_configs, **kwargs).convert_to(
    |                                                                 ^^^^^^^^ Expected `JsBool`, found `str`
253 |                 tmpfile
254 |             )
    |
info: rule `invalid-argument-type` is enabled by default

error[invalid-argument-type]: Argument is incorrect
   --> manim_slides\ipython\ipython_magic.py:252:65
    |
250 |                 [clsname], Path("./slides")
251 |             )
252 |             RevealJS(presentation_configs=presentation_configs, **kwargs).convert_to(
    |                                                                 ^^^^^^^^ Expected `JsBool`, found `str`
253 |                 tmpfile
254 |             )
    |
info: rule `invalid-argument-type` is enabled by default

error[invalid-argument-type]: Argument is incorrect
   --> manim_slides\ipython\ipython_magic.py:252:65
    |
250 |                 [clsname], Path("./slides")
251 |             )
252 |             RevealJS(presentation_configs=presentation_configs, **kwargs).convert_to(
    |                                                                 ^^^^^^^^ Expected `JsBool`, found `str`
253 |                 tmpfile
254 |             )
    |
info: rule `invalid-argument-type` is enabled by default

error[invalid-argument-type]: Argument is incorrect
   --> manim_slides\ipython\ipython_magic.py:252:65
    |
250 |                 [clsname], Path("./slides")
251 |             )
252 |             RevealJS(presentation_configs=presentation_configs, **kwargs).convert_to(
    |                                                                 ^^^^^^^^ Expected `bool`, found `str`
253 |                 tmpfile
254 |             )
    |
info: rule `invalid-argument-type` is enabled by default

error[invalid-argument-type]: Argument is incorrect
   --> manim_slides\ipython\ipython_magic.py:252:65
    |
250 |                 [clsname], Path("./slides")
251 |             )
252 |             RevealJS(presentation_configs=presentation_configs, **kwargs).convert_to(
    |                                                                 ^^^^^^^^ Expected `JsBool`, found `str`
253 |                 tmpfile
254 |             )
    |
info: rule `invalid-argument-type` is enabled by default

error[invalid-argument-type]: Argument is incorrect
   --> manim_slides\ipython\ipython_magic.py:252:65
    |
250 |                 [clsname], Path("./slides")
251 |             )
252 |             RevealJS(presentation_configs=presentation_configs, **kwargs).convert_to(
    |                                                                 ^^^^^^^^ Expected `JsBool`, found `str`
253 |                 tmpfile
254 |             )
    |
info: rule `invalid-argument-type` is enabled by default

error[invalid-argument-type]: Argument is incorrect
   --> manim_slides\ipython\ipython_magic.py:252:65
    |
250 |                 [clsname], Path("./slides")
251 |             )
252 |             RevealJS(presentation_configs=presentation_configs, **kwargs).convert_to(
    |                                                                 ^^^^^^^^ Expected `JsBool`, found `str`
253 |                 tmpfile
254 |             )
    |
info: rule `invalid-argument-type` is enabled by default

error[invalid-argument-type]: Argument is incorrect
   --> manim_slides\ipython\ipython_magic.py:252:65
    |
250 |                 [clsname], Path("./slides")
251 |             )
252 |             RevealJS(presentation_configs=presentation_configs, **kwargs).convert_to(
    |                                                                 ^^^^^^^^ Expected `AutoPlayMedia`, found `str`
253 |                 tmpfile
254 |             )
    |
info: rule `invalid-argument-type` is enabled by default

error[invalid-argument-type]: Argument is incorrect
   --> manim_slides\ipython\ipython_magic.py:252:65
    |
250 |                 [clsname], Path("./slides")
251 |             )
252 |             RevealJS(presentation_configs=presentation_configs, **kwargs).convert_to(
    |                                                                 ^^^^^^^^ Expected `AutoPlayMedia`, found `str`
253 |                 tmpfile
254 |             )
    |
info: rule `invalid-argument-type` is enabled by default

error[invalid-argument-type]: Argument is incorrect
   --> manim_slides\ipython\ipython_magic.py:252:65
    |
250 |                 [clsname], Path("./slides")
251 |             )
252 |             RevealJS(presentation_configs=presentation_configs, **kwargs).convert_to(
    |                                                                 ^^^^^^^^ Expected `Path | None`, found `str`
253 |                 tmpfile
254 |             )
    |
info: rule `invalid-argument-type` is enabled by default

error[invalid-argument-type]: Argument is incorrect
   --> manim_slides\ipython\ipython_magic.py:252:65
    |
250 |                 [clsname], Path("./slides")
251 |             )
252 |             RevealJS(presentation_configs=presentation_configs, **kwargs).convert_to(
    |                                                                 ^^^^^^^^ Expected `AutoAnimateEasing`, found `str`
253 |                 tmpfile
254 |             )
    |
info: rule `invalid-argument-type` is enabled by default

error[invalid-argument-type]: Argument is incorrect
   --> manim_slides\ipython\ipython_magic.py:252:65
    |
250 |                 [clsname], Path("./slides")
251 |             )
252 |             RevealJS(presentation_configs=presentation_configs, **kwargs).convert_to(
    |                                                                 ^^^^^^^^ Expected `int | float`, found `str`
253 |                 tmpfile
254 |             )
    |
info: rule `invalid-argument-type` is enabled by default

error[invalid-argument-type]: Argument is incorrect
   --> manim_slides\ipython\ipython_magic.py:252:65
    |
250 |                 [clsname], Path("./slides")
251 |             )
252 |             RevealJS(presentation_configs=presentation_configs, **kwargs).convert_to(
    |                                                                 ^^^^^^^^ Expected `JsBool`, found `str`
253 |                 tmpfile
254 |             )
    |
info: rule `invalid-argument-type` is enabled by default

error[invalid-argument-type]: Argument is incorrect
   --> manim_slides\ipython\ipython_magic.py:252:65
    |
250 |                 [clsname], Path("./slides")
251 |             )
252 |             RevealJS(presentation_configs=presentation_configs, **kwargs).convert_to(
    |                                                                 ^^^^^^^^ Expected `list[str]`, found `str`
253 |                 tmpfile
254 |             )
    |
info: rule `invalid-argument-type` is enabled by default

error[invalid-argument-type]: Argument is incorrect
   --> manim_slides\ipython\ipython_magic.py:252:65
    |
250 |                 [clsname], Path("./slides")
251 |             )
252 |             RevealJS(presentation_configs=presentation_configs, **kwargs).convert_to(
    |                                                                 ^^^^^^^^ Expected `int | JsFalse`, found `str`
253 |                 tmpfile
254 |             )
    |
info: rule `invalid-argument-type` is enabled by default

error[invalid-argument-type]: Argument is incorrect
   --> manim_slides\ipython\ipython_magic.py:252:65
    |
250 |                 [clsname], Path("./slides")
251 |             )
252 |             RevealJS(presentation_configs=presentation_configs, **kwargs).convert_to(
    |                                                                 ^^^^^^^^ Expected `JsBool`, found `str`
253 |                 tmpfile
254 |             )
    |
info: rule `invalid-argument-type` is enabled by default

error[invalid-argument-type]: Argument is incorrect
   --> manim_slides\ipython\ipython_magic.py:252:65
    |
250 |                 [clsname], Path("./slides")
251 |             )
252 |             RevealJS(presentation_configs=presentation_configs, **kwargs).convert_to(
    |                                                                 ^^^^^^^^ Expected `JsNull | int`, found `str`
253 |                 tmpfile
254 |             )
    |
info: rule `invalid-argument-type` is enabled by default

error[invalid-argument-type]: Argument is incorrect
   --> manim_slides\ipython\ipython_magic.py:252:65
    |
250 |                 [clsname], Path("./slides")
251 |             )
252 |             RevealJS(presentation_configs=presentation_configs, **kwargs).convert_to(
    |                                                                 ^^^^^^^^ Expected `JsBool`, found `str`
253 |                 tmpfile
254 |             )
    |
info: rule `invalid-argument-type` is enabled by default

error[invalid-argument-type]: Argument is incorrect
   --> manim_slides\ipython\ipython_magic.py:252:65
    |
250 |                 [clsname], Path("./slides")
251 |             )
252 |             RevealJS(presentation_configs=presentation_configs, **kwargs).convert_to(
    |                                                                 ^^^^^^^^ Expected `JsBool`, found `str`
253 |                 tmpfile
254 |             )
    |
info: rule `invalid-argument-type` is enabled by default

error[invalid-argument-type]: Argument is incorrect
   --> manim_slides\ipython\ipython_magic.py:252:65
    |
250 |                 [clsname], Path("./slides")
251 |             )
252 |             RevealJS(presentation_configs=presentation_configs, **kwargs).convert_to(
    |                                                                 ^^^^^^^^ Expected `JsBool`, found `str`
253 |                 tmpfile
254 |             )
    |
info: rule `invalid-argument-type` is enabled by default

error[invalid-argument-type]: Argument is incorrect
   --> manim_slides\ipython\ipython_magic.py:252:65
    |
250 |                 [clsname], Path("./slides")
251 |             )
252 |             RevealJS(presentation_configs=presentation_configs, **kwargs).convert_to(
    |                                                                 ^^^^^^^^ Expected `JsBool`, found `str`
253 |                 tmpfile
254 |             )
    |
info: rule `invalid-argument-type` is enabled by default

error[invalid-argument-type]: Argument is incorrect
   --> manim_slides\ipython\ipython_magic.py:252:65
    |
250 |                 [clsname], Path("./slides")
251 |             )
252 |             RevealJS(presentation_configs=presentation_configs, **kwargs).convert_to(
    |                                                                 ^^^^^^^^ Expected `JsBool`, found `str`
253 |                 tmpfile
254 |             )
    |
info: rule `invalid-argument-type` is enabled by default

error[invalid-argument-type]: Argument is incorrect
   --> manim_slides\ipython\ipython_magic.py:252:65
    |
250 |                 [clsname], Path("./slides")
251 |             )
252 |             RevealJS(presentation_configs=presentation_configs, **kwargs).convert_to(
    |                                                                 ^^^^^^^^ Expected `Transition`, found `str`
253 |                 tmpfile
254 |             )
    |
info: rule `invalid-argument-type` is enabled by default

error[invalid-argument-type]: Argument is incorrect
   --> manim_slides\ipython\ipython_magic.py:252:65
    |
250 |                 [clsname], Path("./slides")
251 |             )
252 |             RevealJS(presentation_configs=presentation_configs, **kwargs).convert_to(
    |                                                                 ^^^^^^^^ Expected `TransitionSpeed`, found `str`
253 |                 tmpfile
254 |             )
    |
info: rule `invalid-argument-type` is enabled by default

error[invalid-argument-type]: Argument is incorrect
   --> manim_slides\ipython\ipython_magic.py:252:65
    |
250 |                 [clsname], Path("./slides")
251 |             )
252 |             RevealJS(presentation_configs=presentation_configs, **kwargs).convert_to(
    |                                                                 ^^^^^^^^ Expected `BackgroundSize`, found `str`
253 |                 tmpfile
254 |             )
    |
info: rule `invalid-argument-type` is enabled by default

error[invalid-argument-type]: Argument is incorrect
   --> manim_slides\ipython\ipython_magic.py:252:65
    |
250 |                 [clsname], Path("./slides")
251 |             )
252 |             RevealJS(presentation_configs=presentation_configs, **kwargs).convert_to(
    |                                                                 ^^^^^^^^ Expected `Transition`, found `str`
253 |                 tmpfile
254 |             )
    |
info: rule `invalid-argument-type` is enabled by default

error[invalid-argument-type]: Argument is incorrect
   --> manim_slides\ipython\ipython_magic.py:252:65
    |
250 |                 [clsname], Path("./slides")
251 |             )
252 |             RevealJS(presentation_configs=presentation_configs, **kwargs).convert_to(
    |                                                                 ^^^^^^^^ Expected `JsBool`, found `str`
253 |                 tmpfile
254 |             )
    |
info: rule `invalid-argument-type` is enabled by default

error[invalid-argument-type]: Argument is incorrect
   --> manim_slides\ipython\ipython_magic.py:252:65
    |
250 |                 [clsname], Path("./slides")
251 |             )
252 |             RevealJS(presentation_configs=presentation_configs, **kwargs).convert_to(
    |                                                                 ^^^^^^^^ Expected `int`, found `str`
253 |                 tmpfile
254 |             )
    |
info: rule `invalid-argument-type` is enabled by default

error[invalid-argument-type]: Argument is incorrect
   --> manim_slides\ipython\ipython_magic.py:252:65
    |
250 |                 [clsname], Path("./slides")
251 |             )
252 |             RevealJS(presentation_configs=presentation_configs, **kwargs).convert_to(
    |                                                                 ^^^^^^^^ Expected `int`, found `str`
253 |                 tmpfile
254 |             )
    |
info: rule `invalid-argument-type` is enabled by default

error[invalid-argument-type]: Argument is incorrect
   --> manim_slides\ipython\ipython_magic.py:252:65
    |
250 |                 [clsname], Path("./slides")
251 |             )
252 |             RevealJS(presentation_configs=presentation_configs, **kwargs).convert_to(
    |                                                                 ^^^^^^^^ Expected `int`, found `str`
253 |                 tmpfile
254 |             )
    |
info: rule `invalid-argument-type` is enabled by default

error[invalid-argument-type]: Argument is incorrect
   --> manim_slides\ipython\ipython_magic.py:252:65
    |
250 |                 [clsname], Path("./slides")
251 |             )
252 |             RevealJS(presentation_configs=presentation_configs, **kwargs).convert_to(
    |                                                                 ^^^^^^^^ Expected `Display`, found `str`
253 |                 tmpfile
254 |             )
    |
info: rule `invalid-argument-type` is enabled by default

error[invalid-argument-type]: Argument is incorrect
   --> manim_slides\ipython\ipython_magic.py:252:65
    |
250 |                 [clsname], Path("./slides")
251 |             )
252 |             RevealJS(presentation_configs=presentation_configs, **kwargs).convert_to(
    |                                                                 ^^^^^^^^ Expected `JsBool`, found `str`
253 |                 tmpfile
254 |             )
    |
info: rule `invalid-argument-type` is enabled by default

error[invalid-argument-type]: Argument is incorrect
   --> manim_slides\ipython\ipython_magic.py:252:65
    |
250 |                 [clsname], Path("./slides")
251 |             )
252 |             RevealJS(presentation_configs=presentation_configs, **kwargs).convert_to(
    |                                                                 ^^^^^^^^ Expected `int`, found `str`
253 |                 tmpfile
254 |             )
    |
info: rule `invalid-argument-type` is enabled by default

error[invalid-argument-type]: Argument is incorrect
   --> manim_slides\ipython\ipython_magic.py:252:65
    |
250 |                 [clsname], Path("./slides")
251 |             )
252 |             RevealJS(presentation_configs=presentation_configs, **kwargs).convert_to(
    |                                                                 ^^^^^^^^ Expected `Color`, found `str`
253 |                 tmpfile
254 |             )
    |
info: rule `invalid-argument-type` is enabled by default

error[invalid-argument-type]: Argument is incorrect
   --> manim_slides\ipython\ipython_magic.py:252:65
    |
250 |                 [clsname], Path("./slides")
251 |             )
252 |             RevealJS(presentation_configs=presentation_configs, **kwargs).convert_to(
    |                                                                 ^^^^^^^^ Expected `RevealTheme`, found `str`
253 |                 tmpfile
254 |             )
    |
info: rule `invalid-argument-type` is enabled by default

error[invalid-argument-type]: Argument is incorrect
   --> manim_slides\ipython\ipython_magic.py:252:65
    |
250 |                 [clsname], Path("./slides")
251 |             )
252 |             RevealJS(presentation_configs=presentation_configs, **kwargs).convert_to(
    |                                                                 ^^^^^^^^ Expected `bool`, found `str`
253 |                 tmpfile
254 |             )
    |
info: rule `invalid-argument-type` is enabled by default

error[invalid-argument-type]: Argument is incorrect
   --> manim_slides\ipython\ipython_magic.py:252:65
    |
250 |                 [clsname], Path("./slides")
251 |             )
252 |             RevealJS(presentation_configs=presentation_configs, **kwargs).convert_to(
    |                                                                 ^^^^^^^^ Expected `JsBool`, found `str`
253 |                 tmpfile
254 |             )
    |
info: rule `invalid-argument-type` is enabled by default

warning[unused-type-ignore-comment]: Unused blanket `type: ignore` directive
   --> manim_slides\ipython\ipython_magic.py:278:91
    |
277 | def _generate_file_name() -> str:
278 |     return config["scene_names"][0] + "@" + datetime.now().strftime("%Y-%m-%d@%H-%M-%S")  # type: ignore
    |                                                                                           ^^^^^^^^^^^^^^
    |
help: Remove the unused suppression comment
275 | 
276 | 
277 | def _generate_file_name() -> str:
    -     return config["scene_names"][0] + "@" + datetime.now().strftime("%Y-%m-%d@%H-%M-%S")  # type: ignore
278 +     return config["scene_names"][0] + "@" + datetime.now().strftime("%Y-%m-%d@%H-%M-%S")

warning[unused-type-ignore-comment]: Unused blanket `type: ignore` directive
  --> manim_slides\present\__init__.py:73:28
   |
71 |         try:
72 |             scenes = click.prompt("Choice(s)", value_proc=value_proc)
73 |             return scenes  # type: ignore
   |                            ^^^^^^^^^^^^^^
74 |         except ValueError as e:
75 |             raise click.UsageError(str(e)) from None
   |
help: Remove the unused suppression comment
70 |     while True:
71 |         try:
72 |             scenes = click.prompt("Choice(s)", value_proc=value_proc)
   -             return scenes  # type: ignore
73 +             return scenes
74 |         except ValueError as e:
75 |             raise click.UsageError(str(e)) from None
76 | 

error[unresolved-attribute]: Object of type `<class 'PyQt6.QtCore.Qt'> | <class 'PySide6.QtCore.Qt'>` has no attribute `KeepAspectRatio`
   --> manim_slides\present\__init__.py:340:17
    |
339 |     aspect_ratio_modes = {
340 |         "keep": Qt.KeepAspectRatio,
    |                 ^^^^^^^^^^^^^^^^^^
341 |         "ignore": Qt.IgnoreAspectRatio,
342 |     }
    |
info: rule `unresolved-attribute` is enabled by default

error[unresolved-attribute]: Object of type `<class 'PyQt6.QtCore.Qt'> | <class 'PySide6.QtCore.Qt'>` has no attribute `IgnoreAspectRatio`
   --> manim_slides\present\__init__.py:341:19
    |
339 |     aspect_ratio_modes = {
340 |         "keep": Qt.KeepAspectRatio,
341 |         "ignore": Qt.IgnoreAspectRatio,
    |                   ^^^^^^^^^^^^^^^^^^^^
342 |     }
    |
info: rule `unresolved-attribute` is enabled by default

error[invalid-argument-type]: Argument to bound method `show` is incorrect
   --> manim_slides\present\__init__.py:362:17
    |
360 |     )
361 |
362 |     player.show(screens)
    |                 ^^^^^^^ Expected `list[PyQt6.QtGui.QScreen | PySide6.QtGui.QScreen]`, found `list[PyQt6.QtGui.QScreen] | list[PySide6.QtGui.QScreen]`
363 |
364 |     signal.signal(signal.SIGINT, signal.SIG_DFL)
    |
info: Method defined here
   --> manim_slides\present\player.py:482:9
    |
480 |             self.info.next_media_player.play()
481 |
482 |     def show(self, screens: list[QScreen]) -> None:
    |         ^^^^       ---------------------- Parameter declared here
483 |         """Screens is necessary to prevent the info window from being shown on the same screen as the main window (especially in fullΓÇª
484 |         super().show()
    |
info: Union variant `bound method Player.show(screens: list[QScreen | QScreen]) -> None` is incompatible with this call site
info: Attempted to call union type `(bound method Player.show(screens: list[QScreen | QScreen]) -> None) | @Todo`
info: rule `invalid-argument-type` is enabled by default

error[invalid-argument-type]: Argument to bound method `addWidget` is incorrect
  --> manim_slides\present\player.py:46:13
   |
44 |         left_layout = QVBoxLayout()
45 |         left_layout.addWidget(
46 |             QLabel("Current slide"),
   |             ^^^^^^^^^^^^^^^^^^^^^^^ Expected `QWidget`, found `PyQt6.QtWidgets.QLabel | PySide6.QtWidgets.QLabel`
47 |             alignment=Qt.AlignmentFlag.AlignBottom | Qt.AlignmentFlag.AlignHCenter,
48 |         )
   |
info: Element `QLabel` of this union is not assignable to `QWidget`
info: Method defined here
   --> .venv\Lib\site-packages\PySide6\QtWidgets.pyi:721:9
    |
719 |     def addStretch(self, /, stretch: int | None = ...) -> None: ...
720 |     def addStrut(self, arg__1: int, /) -> None: ...
721 |     def addWidget(self, arg__1: PySide6.QtWidgets.QWidget, /, stretch: int | None = ..., alignment: PySide6.QtCore.Qt.AlignmentFlag =ΓÇª
    |         ^^^^^^^^^       --------------------------------- Parameter declared here
722 |     def count(self, /) -> int: ...
723 |     def direction(self, /) -> PySide6.QtWidgets.QBoxLayout.Direction: ...
    |
info: Union variant `bound method QVBoxLayout.addWidget(arg__1: QWidget, /, stretch: int | None = ..., alignment: AlignmentFlag = ...) -> None` is incompatible with this call site
info: Attempted to call union type `(bound method PyQt6.QtWidgets.QVBoxLayout.addWidget(a0: QWidget | None, stretch: int = ..., alignment: AlignmentFlag = ...) -> None) | (bound method PySide6.QtWidgets.QVBoxLayout.addWidget(arg__1: QWidget, /, stretch: int | None = ..., alignment: AlignmentFlag = ...) -> None)`
info: rule `invalid-argument-type` is enabled by default

error[invalid-argument-type]: Argument to bound method `addWidget` is incorrect
  --> manim_slides\present\player.py:46:13
   |
44 |         left_layout = QVBoxLayout()
45 |         left_layout.addWidget(
46 |             QLabel("Current slide"),
   |             ^^^^^^^^^^^^^^^^^^^^^^^ Expected `QWidget | None`, found `PyQt6.QtWidgets.QLabel | PySide6.QtWidgets.QLabel`
47 |             alignment=Qt.AlignmentFlag.AlignBottom | Qt.AlignmentFlag.AlignHCenter,
48 |         )
   |
info: Element `QLabel` of this union is not assignable to `QWidget | None`
info: Method defined here
    --> .venv\Lib\site-packages\PyQt6\QtWidgets.pyi:1194:9
     |
1192 |     def addStrut(self, a0: int) -> None: ...
1193 |     def addLayout(self, layout: typing.Optional[QLayout], stretch: int = ...) -> None: ...
1194 |     def addWidget(self, a0: typing.Optional[QWidget], stretch: int = ..., alignment: QtCore.Qt.AlignmentFlag = ...) -> None: ...
     |         ^^^^^^^^^       ---------------------------- Parameter declared here
1195 |     def addStretch(self, stretch: int = ...) -> None: ...
1196 |     def addSpacing(self, size: int) -> None: ...
     |
info: Union variant `bound method QVBoxLayout.addWidget(a0: QWidget | None, stretch: int = ..., alignment: AlignmentFlag = ...) -> None` is incompatible with this call site
info: Attempted to call union type `(bound method PyQt6.QtWidgets.QVBoxLayout.addWidget(a0: QWidget | None, stretch: int = ..., alignment: AlignmentFlag = ...) -> None) | (bound method PySide6.QtWidgets.QVBoxLayout.addWidget(arg__1: QWidget, /, stretch: int | None = ..., alignment: AlignmentFlag = ...) -> None)`
info: rule `invalid-argument-type` is enabled by default

error[invalid-argument-type]: Argument to bound method `addWidget` is incorrect
  --> manim_slides\present\player.py:47:13
   |
45 |         left_layout.addWidget(
46 |             QLabel("Current slide"),
47 |             alignment=Qt.AlignmentFlag.AlignBottom | Qt.AlignmentFlag.AlignHCenter,
   |             ^^^^^^^^^^^^^^^^^^^^^^^^^^^^^^^^^^^^^^^^^^^^^^^^^^^^^^^^^^^^^^^^^^^^^^ Expected `PySide6.QtCore.Qt.AlignmentFlag`, found `Literal[PyQt6.QtCore.Qt.AlignmentFlag.AlignBottom, PySide6.QtCore.Qt.AlignmentFlag.AlignBottom]`
48 |         )
49 |         main_video_widget = QVideoWidget()
   |
info: Element `Literal[AlignmentFlag.AlignBottom]` of this union is not assignable to `PySide6.QtCore.Qt.AlignmentFlag`
info: Method defined here
   --> .venv\Lib\site-packages\PySide6\QtWidgets.pyi:721:9
    |
719 | ΓÇª def addStretch(self, /, stretch: int | None = ...) -> None: ...
720 | ΓÇª def addStrut(self, arg__1: int, /) -> None: ...
721 | ΓÇª def addWidget(self, arg__1: PySide6.QtWidgets.QWidget, /, stretch: int | None = ..., alignment: PySide6.QtCore.Qt.AlignmentFlag = ...) -> ΓÇª
    |       ^^^^^^^^^                                                                        ------------------------------------------------ Parameter declared here
722 | ΓÇª def count(self, /) -> int: ...
723 | ΓÇª def direction(self, /) -> PySide6.QtWidgets.QBoxLayout.Direction: ...
    |
info: Union variant `bound method QVBoxLayout.addWidget(arg__1: QWidget, /, stretch: int | None = ..., alignment: AlignmentFlag = ...) -> None` is incompatible with this call site
info: Attempted to call union type `(bound method PyQt6.QtWidgets.QVBoxLayout.addWidget(a0: QWidget | None, stretch: int = ..., alignment: AlignmentFlag = ...) -> None) | (bound method PySide6.QtWidgets.QVBoxLayout.addWidget(arg__1: QWidget, /, stretch: int | None = ..., alignment: AlignmentFlag = ...) -> None)`
info: rule `invalid-argument-type` is enabled by default

error[invalid-argument-type]: Argument to bound method `addWidget` is incorrect
  --> manim_slides\present\player.py:47:13
   |
45 |         left_layout.addWidget(
46 |             QLabel("Current slide"),
47 |             alignment=Qt.AlignmentFlag.AlignBottom | Qt.AlignmentFlag.AlignHCenter,
   |             ^^^^^^^^^^^^^^^^^^^^^^^^^^^^^^^^^^^^^^^^^^^^^^^^^^^^^^^^^^^^^^^^^^^^^^ Expected `PyQt6.QtCore.Qt.AlignmentFlag`, found `Literal[PyQt6.QtCore.Qt.AlignmentFlag.AlignBottom, PySide6.QtCore.Qt.AlignmentFlag.AlignBottom]`
48 |         )
49 |         main_video_widget = QVideoWidget()
   |
info: Element `Literal[AlignmentFlag.AlignBottom]` of this union is not assignable to `PyQt6.QtCore.Qt.AlignmentFlag`
info: Method defined here
    --> .venv\Lib\site-packages\PyQt6\QtWidgets.pyi:1194:9
     |
1192 |     def addStrut(self, a0: int) -> None: ...
1193 |     def addLayout(self, layout: typing.Optional[QLayout], stretch: int = ...) -> None: ...
1194 |     def addWidget(self, a0: typing.Optional[QWidget], stretch: int = ..., alignment: QtCore.Qt.AlignmentFlag = ...) -> None: ...
     |         ^^^^^^^^^                                                         ---------------------------------------- Parameter declared here
1195 |     def addStretch(self, stretch: int = ...) -> None: ...
1196 |     def addSpacing(self, size: int) -> None: ...
     |
info: Union variant `bound method QVBoxLayout.addWidget(a0: QWidget | None, stretch: int = ..., alignment: AlignmentFlag = ...) -> None` is incompatible with this call site
info: Attempted to call union type `(bound method PyQt6.QtWidgets.QVBoxLayout.addWidget(a0: QWidget | None, stretch: int = ..., alignment: AlignmentFlag = ...) -> None) | (bound method PySide6.QtWidgets.QVBoxLayout.addWidget(arg__1: QWidget, /, stretch: int | None = ..., alignment: AlignmentFlag = ...) -> None)`
info: rule `invalid-argument-type` is enabled by default

error[invalid-argument-type]: Argument to bound method `setAspectRatioMode` is incorrect
  --> manim_slides\present\player.py:50:46
   |
48 |         )
49 |         main_video_widget = QVideoWidget()
50 |         main_video_widget.setAspectRatioMode(aspect_ratio_mode)
   |                                              ^^^^^^^^^^^^^^^^^ Expected `PyQt6.QtCore.Qt.AspectRatioMode`, found `PyQt6.QtCore.Qt.AspectRatioMode | PySide6.QtCore.Qt.AspectRatioMode`
51 |         main_video_widget.setFixedSize(720, 480)
52 |         self.video_sink = main_video_widget.videoSink()
   |
info: Element `AspectRatioMode` of this union is not assignable to `PyQt6.QtCore.Qt.AspectRatioMode`
info: Method defined here
  --> .venv\Lib\site-packages\PyQt6\QtMultimediaWidgets.pyi:77:9
   |
75 |     aspectRatioModeChanged: typing.ClassVar[QtCore.pyqtSignal]
76 |     fullScreenChanged: typing.ClassVar[QtCore.pyqtSignal]
77 |     def setAspectRatioMode(self, mode: QtCore.Qt.AspectRatioMode) -> None: ...
   |         ^^^^^^^^^^^^^^^^^^       ------------------------------- Parameter declared here
78 |     def setFullScreen(self, fullScreen: bool) -> None: ...
79 |     def sizeHint(self) -> QtCore.QSize: ...
   |
info: Union variant `bound method QVideoWidget.setAspectRatioMode(mode: AspectRatioMode) -> None` is incompatible with this call site
info: Attempted to call union type `(bound method PyQt6.QtMultimediaWidgets.QVideoWidget.setAspectRatioMode(mode: AspectRatioMode) -> None) | (bound method PySide6.QtMultimediaWidgets.QVideoWidget.setAspectRatioMode(mode: AspectRatioMode, /) -> None)`
info: rule `invalid-argument-type` is enabled by default

error[invalid-argument-type]: Argument to bound method `setAspectRatioMode` is incorrect
  --> manim_slides\present\player.py:50:46
   |
48 |         )
49 |         main_video_widget = QVideoWidget()
50 |         main_video_widget.setAspectRatioMode(aspect_ratio_mode)
   |                                              ^^^^^^^^^^^^^^^^^ Expected `PySide6.QtCore.Qt.AspectRatioMode`, found `PyQt6.QtCore.Qt.AspectRatioMode | PySide6.QtCore.Qt.AspectRatioMode`
51 |         main_video_widget.setFixedSize(720, 480)
52 |         self.video_sink = main_video_widget.videoSink()
   |
info: Element `AspectRatioMode` of this union is not assignable to `PySide6.QtCore.Qt.AspectRatioMode`
info: Method defined here
  --> .venv\Lib\site-packages\PySide6\QtMultimediaWidgets.pyi:57:9
   |
55 |     def moveEvent(self, event: PySide6.QtGui.QMoveEvent, /) -> None: ...
56 |     def resizeEvent(self, event: PySide6.QtGui.QResizeEvent, /) -> None: ...
57 |     def setAspectRatioMode(self, mode: PySide6.QtCore.Qt.AspectRatioMode, /) -> None: ...
   |         ^^^^^^^^^^^^^^^^^^       --------------------------------------- Parameter declared here
58 |     def setFullScreen(self, fullScreen: bool, /) -> None: ...
59 |     def showEvent(self, event: PySide6.QtGui.QShowEvent, /) -> None: ...
   |
info: Union variant `bound method QVideoWidget.setAspectRatioMode(mode: AspectRatioMode, /) -> None` is incompatible with this call site
info: Attempted to call union type `(bound method PyQt6.QtMultimediaWidgets.QVideoWidget.setAspectRatioMode(mode: AspectRatioMode) -> None) | (bound method PySide6.QtMultimediaWidgets.QVideoWidget.setAspectRatioMode(mode: AspectRatioMode, /) -> None)`
info: rule `invalid-argument-type` is enabled by default

error[invalid-argument-type]: Argument to bound method `addWidget` is incorrect
  --> manim_slides\present\player.py:53:31
   |
51 |         main_video_widget.setFixedSize(720, 480)
52 |         self.video_sink = main_video_widget.videoSink()
53 |         left_layout.addWidget(main_video_widget)
   |                               ^^^^^^^^^^^^^^^^^ Expected `QWidget | None`, found `PyQt6.QtMultimediaWidgets.QVideoWidget | PySide6.QtMultimediaWidgets.QVideoWidget`
54 |
55 |         # Current slide information
   |
info: Element `QVideoWidget` of this union is not assignable to `QWidget | None`
info: Method defined here
    --> .venv\Lib\site-packages\PyQt6\QtWidgets.pyi:1194:9
     |
1192 |     def addStrut(self, a0: int) -> None: ...
1193 |     def addLayout(self, layout: typing.Optional[QLayout], stretch: int = ...) -> None: ...
1194 |     def addWidget(self, a0: typing.Optional[QWidget], stretch: int = ..., alignment: QtCore.Qt.AlignmentFlag = ...) -> None: ...
     |         ^^^^^^^^^       ---------------------------- Parameter declared here
1195 |     def addStretch(self, stretch: int = ...) -> None: ...
1196 |     def addSpacing(self, size: int) -> None: ...
     |
info: Union variant `bound method QVBoxLayout.addWidget(a0: QWidget | None, stretch: int = ..., alignment: AlignmentFlag = ...) -> None` is incompatible with this call site
info: Attempted to call union type `(bound method PyQt6.QtWidgets.QVBoxLayout.addWidget(a0: QWidget | None, stretch: int = ..., alignment: AlignmentFlag = ...) -> None) | (bound method PySide6.QtWidgets.QVBoxLayout.addWidget(arg__1: QWidget, /, stretch: int | None = ..., alignment: AlignmentFlag = ...) -> None)`
info: rule `invalid-argument-type` is enabled by default

error[invalid-argument-type]: Argument to bound method `addWidget` is incorrect
  --> manim_slides\present\player.py:53:31
   |
51 |         main_video_widget.setFixedSize(720, 480)
52 |         self.video_sink = main_video_widget.videoSink()
53 |         left_layout.addWidget(main_video_widget)
   |                               ^^^^^^^^^^^^^^^^^ Expected `QWidget`, found `PyQt6.QtMultimediaWidgets.QVideoWidget | PySide6.QtMultimediaWidgets.QVideoWidget`
54 |
55 |         # Current slide information
   |
info: Element `QVideoWidget` of this union is not assignable to `QWidget`
info: Method defined here
   --> .venv\Lib\site-packages\PySide6\QtWidgets.pyi:721:9
    |
719 |     def addStretch(self, /, stretch: int | None = ...) -> None: ...
720 |     def addStrut(self, arg__1: int, /) -> None: ...
721 |     def addWidget(self, arg__1: PySide6.QtWidgets.QWidget, /, stretch: int | None = ..., alignment: PySide6.QtCore.Qt.AlignmentFlag =ΓÇª
    |         ^^^^^^^^^       --------------------------------- Parameter declared here
722 |     def count(self, /) -> int: ...
723 |     def direction(self, /) -> PySide6.QtWidgets.QBoxLayout.Direction: ...
    |
info: Union variant `bound method QVBoxLayout.addWidget(arg__1: QWidget, /, stretch: int | None = ..., alignment: AlignmentFlag = ...) -> None` is incompatible with this call site
info: Attempted to call union type `(bound method PyQt6.QtWidgets.QVBoxLayout.addWidget(a0: QWidget | None, stretch: int = ..., alignment: AlignmentFlag = ...) -> None) | (bound method PySide6.QtWidgets.QVBoxLayout.addWidget(arg__1: QWidget, /, stretch: int | None = ..., alignment: AlignmentFlag = ...) -> None)`
info: rule `invalid-argument-type` is enabled by default

error[invalid-argument-type]: Argument to bound method `addWidget` is incorrect
  --> manim_slides\present\player.py:68:13
   |
66 |         bottom_left_layout = QHBoxLayout()
67 |         bottom_left_layout.addWidget(
68 |             QLabel("Scene:"),
   |             ^^^^^^^^^^^^^^^^ Expected `QWidget | None`, found `PyQt6.QtWidgets.QLabel | PySide6.QtWidgets.QLabel`
69 |             alignment=Qt.AlignmentFlag.AlignTop | Qt.AlignmentFlag.AlignRight,
70 |         )
   |
info: Element `QLabel` of this union is not assignable to `QWidget | None`
info: Method defined here
    --> .venv\Lib\site-packages\PyQt6\QtWidgets.pyi:1194:9
     |
1192 |     def addStrut(self, a0: int) -> None: ...
1193 |     def addLayout(self, layout: typing.Optional[QLayout], stretch: int = ...) -> None: ...
1194 |     def addWidget(self, a0: typing.Optional[QWidget], stretch: int = ..., alignment: QtCore.Qt.AlignmentFlag = ...) -> None: ...
     |         ^^^^^^^^^       ---------------------------- Parameter declared here
1195 |     def addStretch(self, stretch: int = ...) -> None: ...
1196 |     def addSpacing(self, size: int) -> None: ...
     |
info: Union variant `bound method QHBoxLayout.addWidget(a0: QWidget | None, stretch: int = ..., alignment: AlignmentFlag = ...) -> None` is incompatible with this call site
info: Attempted to call union type `(bound method PyQt6.QtWidgets.QHBoxLayout.addWidget(a0: QWidget | None, stretch: int = ..., alignment: AlignmentFlag = ...) -> None) | (bound method PySide6.QtWidgets.QHBoxLayout.addWidget(arg__1: QWidget, /, stretch: int | None = ..., alignment: AlignmentFlag = ...) -> None)`
info: rule `invalid-argument-type` is enabled by default

error[invalid-argument-type]: Argument to bound method `addWidget` is incorrect
  --> manim_slides\present\player.py:68:13
   |
66 |         bottom_left_layout = QHBoxLayout()
67 |         bottom_left_layout.addWidget(
68 |             QLabel("Scene:"),
   |             ^^^^^^^^^^^^^^^^ Expected `QWidget`, found `PyQt6.QtWidgets.QLabel | PySide6.QtWidgets.QLabel`
69 |             alignment=Qt.AlignmentFlag.AlignTop | Qt.AlignmentFlag.AlignRight,
70 |         )
   |
info: Element `QLabel` of this union is not assignable to `QWidget`
info: Method defined here
   --> .venv\Lib\site-packages\PySide6\QtWidgets.pyi:721:9
    |
719 |     def addStretch(self, /, stretch: int | None = ...) -> None: ...
720 |     def addStrut(self, arg__1: int, /) -> None: ...
721 |     def addWidget(self, arg__1: PySide6.QtWidgets.QWidget, /, stretch: int | None = ..., alignment: PySide6.QtCore.Qt.AlignmentFlag =ΓÇª
    |         ^^^^^^^^^       --------------------------------- Parameter declared here
722 |     def count(self, /) -> int: ...
723 |     def direction(self, /) -> PySide6.QtWidgets.QBoxLayout.Direction: ...
    |
info: Union variant `bound method QHBoxLayout.addWidget(arg__1: QWidget, /, stretch: int | None = ..., alignment: AlignmentFlag = ...) -> None` is incompatible with this call site
info: Attempted to call union type `(bound method PyQt6.QtWidgets.QHBoxLayout.addWidget(a0: QWidget | None, stretch: int = ..., alignment: AlignmentFlag = ...) -> None) | (bound method PySide6.QtWidgets.QHBoxLayout.addWidget(arg__1: QWidget, /, stretch: int | None = ..., alignment: AlignmentFlag = ...) -> None)`
info: rule `invalid-argument-type` is enabled by default

error[invalid-argument-type]: Argument to bound method `addWidget` is incorrect
  --> manim_slides\present\player.py:69:13
   |
67 |         bottom_left_layout.addWidget(
68 |             QLabel("Scene:"),
69 |             alignment=Qt.AlignmentFlag.AlignTop | Qt.AlignmentFlag.AlignRight,
   |             ^^^^^^^^^^^^^^^^^^^^^^^^^^^^^^^^^^^^^^^^^^^^^^^^^^^^^^^^^^^^^^^^^ Expected `PyQt6.QtCore.Qt.AlignmentFlag`, found `Literal[PyQt6.QtCore.Qt.AlignmentFlag.AlignTop, PySide6.QtCore.Qt.AlignmentFlag.AlignTop]`
70 |         )
71 |         bottom_left_layout.addWidget(
   |
info: Element `Literal[AlignmentFlag.AlignTop]` of this union is not assignable to `PyQt6.QtCore.Qt.AlignmentFlag`
info: Method defined here
    --> .venv\Lib\site-packages\PyQt6\QtWidgets.pyi:1194:9
     |
1192 |     def addStrut(self, a0: int) -> None: ...
1193 |     def addLayout(self, layout: typing.Optional[QLayout], stretch: int = ...) -> None: ...
1194 |     def addWidget(self, a0: typing.Optional[QWidget], stretch: int = ..., alignment: QtCore.Qt.AlignmentFlag = ...) -> None: ...
     |         ^^^^^^^^^                                                         ---------------------------------------- Parameter declared here
1195 |     def addStretch(self, stretch: int = ...) -> None: ...
1196 |     def addSpacing(self, size: int) -> None: ...
     |
info: Union variant `bound method QHBoxLayout.addWidget(a0: QWidget | None, stretch: int = ..., alignment: AlignmentFlag = ...) -> None` is incompatible with this call site
info: Attempted to call union type `(bound method PyQt6.QtWidgets.QHBoxLayout.addWidget(a0: QWidget | None, stretch: int = ..., alignment: AlignmentFlag = ...) -> None) | (bound method PySide6.QtWidgets.QHBoxLayout.addWidget(arg__1: QWidget, /, stretch: int | None = ..., alignment: AlignmentFlag = ...) -> None)`
info: rule `invalid-argument-type` is enabled by default

error[invalid-argument-type]: Argument to bound method `addWidget` is incorrect
  --> manim_slides\present\player.py:69:13
   |
67 |         bottom_left_layout.addWidget(
68 |             QLabel("Scene:"),
69 |             alignment=Qt.AlignmentFlag.AlignTop | Qt.AlignmentFlag.AlignRight,
   |             ^^^^^^^^^^^^^^^^^^^^^^^^^^^^^^^^^^^^^^^^^^^^^^^^^^^^^^^^^^^^^^^^^ Expected `PySide6.QtCore.Qt.AlignmentFlag`, found `Literal[PyQt6.QtCore.Qt.AlignmentFlag.AlignTop, PySide6.QtCore.Qt.AlignmentFlag.AlignTop]`
70 |         )
71 |         bottom_left_layout.addWidget(
   |
info: Element `Literal[AlignmentFlag.AlignTop]` of this union is not assignable to `PySide6.QtCore.Qt.AlignmentFlag`
info: Method defined here
   --> .venv\Lib\site-packages\PySide6\QtWidgets.pyi:721:9
    |
719 | ΓÇª def addStretch(self, /, stretch: int | None = ...) -> None: ...
720 | ΓÇª def addStrut(self, arg__1: int, /) -> None: ...
721 | ΓÇª def addWidget(self, arg__1: PySide6.QtWidgets.QWidget, /, stretch: int | None = ..., alignment: PySide6.QtCore.Qt.AlignmentFlag = ...) -> ΓÇª
    |       ^^^^^^^^^                                                                        ------------------------------------------------ Parameter declared here
722 | ΓÇª def count(self, /) -> int: ...
723 | ΓÇª def direction(self, /) -> PySide6.QtWidgets.QBoxLayout.Direction: ...
    |
info: Union variant `bound method QHBoxLayout.addWidget(arg__1: QWidget, /, stretch: int | None = ..., alignment: AlignmentFlag = ...) -> None` is incompatible with this call site
info: Attempted to call union type `(bound method PyQt6.QtWidgets.QHBoxLayout.addWidget(a0: QWidget | None, stretch: int = ..., alignment: AlignmentFlag = ...) -> None) | (bound method PySide6.QtWidgets.QHBoxLayout.addWidget(arg__1: QWidget, /, stretch: int | None = ..., alignment: AlignmentFlag = ...) -> None)`
info: rule `invalid-argument-type` is enabled by default

error[invalid-argument-type]: Argument to bound method `addWidget` is incorrect
  --> manim_slides\present\player.py:73:13
   |
71 |         bottom_left_layout.addWidget(
72 |             self.scene_label,
73 |             alignment=Qt.AlignmentFlag.AlignTop | Qt.AlignmentFlag.AlignLeft,
   |             ^^^^^^^^^^^^^^^^^^^^^^^^^^^^^^^^^^^^^^^^^^^^^^^^^^^^^^^^^^^^^^^^ Expected `PyQt6.QtCore.Qt.AlignmentFlag`, found `Literal[PyQt6.QtCore.Qt.AlignmentFlag.AlignTop, PySide6.QtCore.Qt.AlignmentFlag.AlignTop]`
74 |         )
75 |         bottom_left_layout.addWidget(
   |
info: Element `Literal[AlignmentFlag.AlignTop]` of this union is not assignable to `PyQt6.QtCore.Qt.AlignmentFlag`
info: Method defined here
    --> .venv\Lib\site-packages\PyQt6\QtWidgets.pyi:1194:9
     |
1192 |     def addStrut(self, a0: int) -> None: ...
1193 |     def addLayout(self, layout: typing.Optional[QLayout], stretch: int = ...) -> None: ...
1194 |     def addWidget(self, a0: typing.Optional[QWidget], stretch: int = ..., alignment: QtCore.Qt.AlignmentFlag = ...) -> None: ...
     |         ^^^^^^^^^                                                         ---------------------------------------- Parameter declared here
1195 |     def addStretch(self, stretch: int = ...) -> None: ...
1196 |     def addSpacing(self, size: int) -> None: ...
     |
info: Union variant `bound method QHBoxLayout.addWidget(a0: QWidget | None, stretch: int = ..., alignment: AlignmentFlag = ...) -> None` is incompatible with this call site
info: Attempted to call union type `(bound method PyQt6.QtWidgets.QHBoxLayout.addWidget(a0: QWidget | None, stretch: int = ..., alignment: AlignmentFlag = ...) -> None) | (bound method PySide6.QtWidgets.QHBoxLayout.addWidget(arg__1: QWidget, /, stretch: int | None = ..., alignment: AlignmentFlag = ...) -> None)`
info: rule `invalid-argument-type` is enabled by default

error[invalid-argument-type]: Argument to bound method `addWidget` is incorrect
  --> manim_slides\present\player.py:73:13
   |
71 |         bottom_left_layout.addWidget(
72 |             self.scene_label,
73 |             alignment=Qt.AlignmentFlag.AlignTop | Qt.AlignmentFlag.AlignLeft,
   |             ^^^^^^^^^^^^^^^^^^^^^^^^^^^^^^^^^^^^^^^^^^^^^^^^^^^^^^^^^^^^^^^^ Expected `PySide6.QtCore.Qt.AlignmentFlag`, found `Literal[PyQt6.QtCore.Qt.AlignmentFlag.AlignTop, PySide6.QtCore.Qt.AlignmentFlag.AlignTop]`
74 |         )
75 |         bottom_left_layout.addWidget(
   |
info: Element `Literal[AlignmentFlag.AlignTop]` of this union is not assignable to `PySide6.QtCore.Qt.AlignmentFlag`
info: Method defined here
   --> .venv\Lib\site-packages\PySide6\QtWidgets.pyi:721:9
    |
719 | ΓÇª def addStretch(self, /, stretch: int | None = ...) -> None: ...
720 | ΓÇª def addStrut(self, arg__1: int, /) -> None: ...
721 | ΓÇª def addWidget(self, arg__1: PySide6.QtWidgets.QWidget, /, stretch: int | None = ..., alignment: PySide6.QtCore.Qt.AlignmentFlag = ...) -> ΓÇª
    |       ^^^^^^^^^                                                                        ------------------------------------------------ Parameter declared here
722 | ΓÇª def count(self, /) -> int: ...
723 | ΓÇª def direction(self, /) -> PySide6.QtWidgets.QBoxLayout.Direction: ...
    |
info: Union variant `bound method QHBoxLayout.addWidget(arg__1: QWidget, /, stretch: int | None = ..., alignment: AlignmentFlag = ...) -> None` is incompatible with this call site
info: Attempted to call union type `(bound method PyQt6.QtWidgets.QHBoxLayout.addWidget(a0: QWidget | None, stretch: int = ..., alignment: AlignmentFlag = ...) -> None) | (bound method PySide6.QtWidgets.QHBoxLayout.addWidget(arg__1: QWidget, /, stretch: int | None = ..., alignment: AlignmentFlag = ...) -> None)`
info: rule `invalid-argument-type` is enabled by default

error[invalid-argument-type]: Argument to bound method `addWidget` is incorrect
  --> manim_slides\present\player.py:76:13
   |
74 |         )
75 |         bottom_left_layout.addWidget(
76 |             QLabel("Slide:"),
   |             ^^^^^^^^^^^^^^^^ Expected `QWidget | None`, found `PyQt6.QtWidgets.QLabel | PySide6.QtWidgets.QLabel`
77 |             alignment=Qt.AlignmentFlag.AlignTop | Qt.AlignmentFlag.AlignRight,
78 |         )
   |
info: Element `QLabel` of this union is not assignable to `QWidget | None`
info: Method defined here
    --> .venv\Lib\site-packages\PyQt6\QtWidgets.pyi:1194:9
     |
1192 |     def addStrut(self, a0: int) -> None: ...
1193 |     def addLayout(self, layout: typing.Optional[QLayout], stretch: int = ...) -> None: ...
1194 |     def addWidget(self, a0: typing.Optional[QWidget], stretch: int = ..., alignment: QtCore.Qt.AlignmentFlag = ...) -> None: ...
     |         ^^^^^^^^^       ---------------------------- Parameter declared here
1195 |     def addStretch(self, stretch: int = ...) -> None: ...
1196 |     def addSpacing(self, size: int) -> None: ...
     |
info: Union variant `bound method QHBoxLayout.addWidget(a0: QWidget | None, stretch: int = ..., alignment: AlignmentFlag = ...) -> None` is incompatible with this call site
info: Attempted to call union type `(bound method PyQt6.QtWidgets.QHBoxLayout.addWidget(a0: QWidget | None, stretch: int = ..., alignment: AlignmentFlag = ...) -> None) | (bound method PySide6.QtWidgets.QHBoxLayout.addWidget(arg__1: QWidget, /, stretch: int | None = ..., alignment: AlignmentFlag = ...) -> None)`
info: rule `invalid-argument-type` is enabled by default

error[invalid-argument-type]: Argument to bound method `addWidget` is incorrect
  --> manim_slides\present\player.py:76:13
   |
74 |         )
75 |         bottom_left_layout.addWidget(
76 |             QLabel("Slide:"),
   |             ^^^^^^^^^^^^^^^^ Expected `QWidget`, found `PyQt6.QtWidgets.QLabel | PySide6.QtWidgets.QLabel`
77 |             alignment=Qt.AlignmentFlag.AlignTop | Qt.AlignmentFlag.AlignRight,
78 |         )
   |
info: Element `QLabel` of this union is not assignable to `QWidget`
info: Method defined here
   --> .venv\Lib\site-packages\PySide6\QtWidgets.pyi:721:9
    |
719 |     def addStretch(self, /, stretch: int | None = ...) -> None: ...
720 |     def addStrut(self, arg__1: int, /) -> None: ...
721 |     def addWidget(self, arg__1: PySide6.QtWidgets.QWidget, /, stretch: int | None = ..., alignment: PySide6.QtCore.Qt.AlignmentFlag =ΓÇª
    |         ^^^^^^^^^       --------------------------------- Parameter declared here
722 |     def count(self, /) -> int: ...
723 |     def direction(self, /) -> PySide6.QtWidgets.QBoxLayout.Direction: ...
    |
info: Union variant `bound method QHBoxLayout.addWidget(arg__1: QWidget, /, stretch: int | None = ..., alignment: AlignmentFlag = ...) -> None` is incompatible with this call site
info: Attempted to call union type `(bound method PyQt6.QtWidgets.QHBoxLayout.addWidget(a0: QWidget | None, stretch: int = ..., alignment: AlignmentFlag = ...) -> None) | (bound method PySide6.QtWidgets.QHBoxLayout.addWidget(arg__1: QWidget, /, stretch: int | None = ..., alignment: AlignmentFlag = ...) -> None)`
info: rule `invalid-argument-type` is enabled by default

error[invalid-argument-type]: Argument to bound method `addWidget` is incorrect
  --> manim_slides\present\player.py:77:13
   |
75 |         bottom_left_layout.addWidget(
76 |             QLabel("Slide:"),
77 |             alignment=Qt.AlignmentFlag.AlignTop | Qt.AlignmentFlag.AlignRight,
   |             ^^^^^^^^^^^^^^^^^^^^^^^^^^^^^^^^^^^^^^^^^^^^^^^^^^^^^^^^^^^^^^^^^ Expected `PySide6.QtCore.Qt.AlignmentFlag`, found `Literal[PyQt6.QtCore.Qt.AlignmentFlag.AlignTop, PySide6.QtCore.Qt.AlignmentFlag.AlignTop]`
78 |         )
79 |         bottom_left_layout.addWidget(
   |
info: Element `Literal[AlignmentFlag.AlignTop]` of this union is not assignable to `PySide6.QtCore.Qt.AlignmentFlag`
info: Method defined here
   --> .venv\Lib\site-packages\PySide6\QtWidgets.pyi:721:9
    |
719 | ΓÇª def addStretch(self, /, stretch: int | None = ...) -> None: ...
720 | ΓÇª def addStrut(self, arg__1: int, /) -> None: ...
721 | ΓÇª def addWidget(self, arg__1: PySide6.QtWidgets.QWidget, /, stretch: int | None = ..., alignment: PySide6.QtCore.Qt.AlignmentFlag = ...) -> ΓÇª
    |       ^^^^^^^^^                                                                        ------------------------------------------------ Parameter declared here
722 | ΓÇª def count(self, /) -> int: ...
723 | ΓÇª def direction(self, /) -> PySide6.QtWidgets.QBoxLayout.Direction: ...
    |
info: Union variant `bound method QHBoxLayout.addWidget(arg__1: QWidget, /, stretch: int | None = ..., alignment: AlignmentFlag = ...) -> None` is incompatible with this call site
info: Attempted to call union type `(bound method PyQt6.QtWidgets.QHBoxLayout.addWidget(a0: QWidget | None, stretch: int = ..., alignment: AlignmentFlag = ...) -> None) | (bound method PySide6.QtWidgets.QHBoxLayout.addWidget(arg__1: QWidget, /, stretch: int | None = ..., alignment: AlignmentFlag = ...) -> None)`
info: rule `invalid-argument-type` is enabled by default

error[invalid-argument-type]: Argument to bound method `addWidget` is incorrect
  --> manim_slides\present\player.py:77:13
   |
75 |         bottom_left_layout.addWidget(
76 |             QLabel("Slide:"),
77 |             alignment=Qt.AlignmentFlag.AlignTop | Qt.AlignmentFlag.AlignRight,
   |             ^^^^^^^^^^^^^^^^^^^^^^^^^^^^^^^^^^^^^^^^^^^^^^^^^^^^^^^^^^^^^^^^^ Expected `PyQt6.QtCore.Qt.AlignmentFlag`, found `Literal[PyQt6.QtCore.Qt.AlignmentFlag.AlignTop, PySide6.QtCore.Qt.AlignmentFlag.AlignTop]`
78 |         )
79 |         bottom_left_layout.addWidget(
   |
info: Element `Literal[AlignmentFlag.AlignTop]` of this union is not assignable to `PyQt6.QtCore.Qt.AlignmentFlag`
info: Method defined here
    --> .venv\Lib\site-packages\PyQt6\QtWidgets.pyi:1194:9
     |
1192 |     def addStrut(self, a0: int) -> None: ...
1193 |     def addLayout(self, layout: typing.Optional[QLayout], stretch: int = ...) -> None: ...
1194 |     def addWidget(self, a0: typing.Optional[QWidget], stretch: int = ..., alignment: QtCore.Qt.AlignmentFlag = ...) -> None: ...
     |         ^^^^^^^^^                                                         ---------------------------------------- Parameter declared here
1195 |     def addStretch(self, stretch: int = ...) -> None: ...
1196 |     def addSpacing(self, size: int) -> None: ...
     |
info: Union variant `bound method QHBoxLayout.addWidget(a0: QWidget | None, stretch: int = ..., alignment: AlignmentFlag = ...) -> None` is incompatible with this call site
info: Attempted to call union type `(bound method PyQt6.QtWidgets.QHBoxLayout.addWidget(a0: QWidget | None, stretch: int = ..., alignment: AlignmentFlag = ...) -> None) | (bound method PySide6.QtWidgets.QHBoxLayout.addWidget(arg__1: QWidget, /, stretch: int | None = ..., alignment: AlignmentFlag = ...) -> None)`
info: rule `invalid-argument-type` is enabled by default

error[invalid-argument-type]: Argument to bound method `addWidget` is incorrect
  --> manim_slides\present\player.py:81:13
   |
79 |         bottom_left_layout.addWidget(
80 |             self.slide_label,
81 |             alignment=Qt.AlignmentFlag.AlignTop | Qt.AlignmentFlag.AlignLeft,
   |             ^^^^^^^^^^^^^^^^^^^^^^^^^^^^^^^^^^^^^^^^^^^^^^^^^^^^^^^^^^^^^^^^ Expected `PyQt6.QtCore.Qt.AlignmentFlag`, found `Literal[PyQt6.QtCore.Qt.AlignmentFlag.AlignTop, PySide6.QtCore.Qt.AlignmentFlag.AlignTop]`
82 |         )
83 |         bottom_left_layout.addWidget(
   |
info: Element `Literal[AlignmentFlag.AlignTop]` of this union is not assignable to `PyQt6.QtCore.Qt.AlignmentFlag`
info: Method defined here
    --> .venv\Lib\site-packages\PyQt6\QtWidgets.pyi:1194:9
     |
1192 |     def addStrut(self, a0: int) -> None: ...
1193 |     def addLayout(self, layout: typing.Optional[QLayout], stretch: int = ...) -> None: ...
1194 |     def addWidget(self, a0: typing.Optional[QWidget], stretch: int = ..., alignment: QtCore.Qt.AlignmentFlag = ...) -> None: ...
     |         ^^^^^^^^^                                                         ---------------------------------------- Parameter declared here
1195 |     def addStretch(self, stretch: int = ...) -> None: ...
1196 |     def addSpacing(self, size: int) -> None: ...
     |
info: Union variant `bound method QHBoxLayout.addWidget(a0: QWidget | None, stretch: int = ..., alignment: AlignmentFlag = ...) -> None` is incompatible with this call site
info: Attempted to call union type `(bound method PyQt6.QtWidgets.QHBoxLayout.addWidget(a0: QWidget | None, stretch: int = ..., alignment: AlignmentFlag = ...) -> None) | (bound method PySide6.QtWidgets.QHBoxLayout.addWidget(arg__1: QWidget, /, stretch: int | None = ..., alignment: AlignmentFlag = ...) -> None)`
info: rule `invalid-argument-type` is enabled by default

error[invalid-argument-type]: Argument to bound method `addWidget` is incorrect
  --> manim_slides\present\player.py:81:13
   |
79 |         bottom_left_layout.addWidget(
80 |             self.slide_label,
81 |             alignment=Qt.AlignmentFlag.AlignTop | Qt.AlignmentFlag.AlignLeft,
   |             ^^^^^^^^^^^^^^^^^^^^^^^^^^^^^^^^^^^^^^^^^^^^^^^^^^^^^^^^^^^^^^^^ Expected `PySide6.QtCore.Qt.AlignmentFlag`, found `Literal[PyQt6.QtCore.Qt.AlignmentFlag.AlignTop, PySide6.QtCore.Qt.AlignmentFlag.AlignTop]`
82 |         )
83 |         bottom_left_layout.addWidget(
   |
info: Element `Literal[AlignmentFlag.AlignTop]` of this union is not assignable to `PySide6.QtCore.Qt.AlignmentFlag`
info: Method defined here
   --> .venv\Lib\site-packages\PySide6\QtWidgets.pyi:721:9
    |
719 | ΓÇª def addStretch(self, /, stretch: int | None = ...) -> None: ...
720 | ΓÇª def addStrut(self, arg__1: int, /) -> None: ...
721 | ΓÇª def addWidget(self, arg__1: PySide6.QtWidgets.QWidget, /, stretch: int | None = ..., alignment: PySide6.QtCore.Qt.AlignmentFlag = ...) -> ΓÇª
    |       ^^^^^^^^^                                                                        ------------------------------------------------ Parameter declared here
722 | ΓÇª def count(self, /) -> int: ...
723 | ΓÇª def direction(self, /) -> PySide6.QtWidgets.QBoxLayout.Direction: ...
    |
info: Union variant `bound method QHBoxLayout.addWidget(arg__1: QWidget, /, stretch: int | None = ..., alignment: AlignmentFlag = ...) -> None` is incompatible with this call site
info: Attempted to call union type `(bound method PyQt6.QtWidgets.QHBoxLayout.addWidget(a0: QWidget | None, stretch: int = ..., alignment: AlignmentFlag = ...) -> None) | (bound method PySide6.QtWidgets.QHBoxLayout.addWidget(arg__1: QWidget, /, stretch: int | None = ..., alignment: AlignmentFlag = ...) -> None)`
info: rule `invalid-argument-type` is enabled by default

error[invalid-argument-type]: Argument to bound method `addWidget` is incorrect
  --> manim_slides\present\player.py:84:13
   |
82 |         )
83 |         bottom_left_layout.addWidget(
84 |             QLabel("Time:"),
   |             ^^^^^^^^^^^^^^^ Expected `QWidget | None`, found `PyQt6.QtWidgets.QLabel | PySide6.QtWidgets.QLabel`
85 |             alignment=Qt.AlignmentFlag.AlignTop | Qt.AlignmentFlag.AlignRight,
86 |         )
   |
info: Element `QLabel` of this union is not assignable to `QWidget | None`
info: Method defined here
    --> .venv\Lib\site-packages\PyQt6\QtWidgets.pyi:1194:9
     |
1192 |     def addStrut(self, a0: int) -> None: ...
1193 |     def addLayout(self, layout: typing.Optional[QLayout], stretch: int = ...) -> None: ...
1194 |     def addWidget(self, a0: typing.Optional[QWidget], stretch: int = ..., alignment: QtCore.Qt.AlignmentFlag = ...) -> None: ...
     |         ^^^^^^^^^       ---------------------------- Parameter declared here
1195 |     def addStretch(self, stretch: int = ...) -> None: ...
1196 |     def addSpacing(self, size: int) -> None: ...
     |
info: Union variant `bound method QHBoxLayout.addWidget(a0: QWidget | None, stretch: int = ..., alignment: AlignmentFlag = ...) -> None` is incompatible with this call site
info: Attempted to call union type `(bound method PyQt6.QtWidgets.QHBoxLayout.addWidget(a0: QWidget | None, stretch: int = ..., alignment: AlignmentFlag = ...) -> None) | (bound method PySide6.QtWidgets.QHBoxLayout.addWidget(arg__1: QWidget, /, stretch: int | None = ..., alignment: AlignmentFlag = ...) -> None)`
info: rule `invalid-argument-type` is enabled by default

error[invalid-argument-type]: Argument to bound method `addWidget` is incorrect
  --> manim_slides\present\player.py:84:13
   |
82 |         )
83 |         bottom_left_layout.addWidget(
84 |             QLabel("Time:"),
   |             ^^^^^^^^^^^^^^^ Expected `QWidget`, found `PyQt6.QtWidgets.QLabel | PySide6.QtWidgets.QLabel`
85 |             alignment=Qt.AlignmentFlag.AlignTop | Qt.AlignmentFlag.AlignRight,
86 |         )
   |
info: Element `QLabel` of this union is not assignable to `QWidget`
info: Method defined here
   --> .venv\Lib\site-packages\PySide6\QtWidgets.pyi:721:9
    |
719 |     def addStretch(self, /, stretch: int | None = ...) -> None: ...
720 |     def addStrut(self, arg__1: int, /) -> None: ...
721 |     def addWidget(self, arg__1: PySide6.QtWidgets.QWidget, /, stretch: int | None = ..., alignment: PySide6.QtCore.Qt.AlignmentFlag =ΓÇª
    |         ^^^^^^^^^       --------------------------------- Parameter declared here
722 |     def count(self, /) -> int: ...
723 |     def direction(self, /) -> PySide6.QtWidgets.QBoxLayout.Direction: ...
    |
info: Union variant `bound method QHBoxLayout.addWidget(arg__1: QWidget, /, stretch: int | None = ..., alignment: AlignmentFlag = ...) -> None` is incompatible with this call site
info: Attempted to call union type `(bound method PyQt6.QtWidgets.QHBoxLayout.addWidget(a0: QWidget | None, stretch: int = ..., alignment: AlignmentFlag = ...) -> None) | (bound method PySide6.QtWidgets.QHBoxLayout.addWidget(arg__1: QWidget, /, stretch: int | None = ..., alignment: AlignmentFlag = ...) -> None)`
info: rule `invalid-argument-type` is enabled by default

error[invalid-argument-type]: Argument to bound method `addWidget` is incorrect
  --> manim_slides\present\player.py:85:13
   |
83 |         bottom_left_layout.addWidget(
84 |             QLabel("Time:"),
85 |             alignment=Qt.AlignmentFlag.AlignTop | Qt.AlignmentFlag.AlignRight,
   |             ^^^^^^^^^^^^^^^^^^^^^^^^^^^^^^^^^^^^^^^^^^^^^^^^^^^^^^^^^^^^^^^^^ Expected `PyQt6.QtCore.Qt.AlignmentFlag`, found `Literal[PyQt6.QtCore.Qt.AlignmentFlag.AlignTop, PySide6.QtCore.Qt.AlignmentFlag.AlignTop]`
86 |         )
87 |         bottom_left_layout.addWidget(
   |
info: Element `Literal[AlignmentFlag.AlignTop]` of this union is not assignable to `PyQt6.QtCore.Qt.AlignmentFlag`
info: Method defined here
    --> .venv\Lib\site-packages\PyQt6\QtWidgets.pyi:1194:9
     |
1192 |     def addStrut(self, a0: int) -> None: ...
1193 |     def addLayout(self, layout: typing.Optional[QLayout], stretch: int = ...) -> None: ...
1194 |     def addWidget(self, a0: typing.Optional[QWidget], stretch: int = ..., alignment: QtCore.Qt.AlignmentFlag = ...) -> None: ...
     |         ^^^^^^^^^                                                         ---------------------------------------- Parameter declared here
1195 |     def addStretch(self, stretch: int = ...) -> None: ...
1196 |     def addSpacing(self, size: int) -> None: ...
     |
info: Union variant `bound method QHBoxLayout.addWidget(a0: QWidget | None, stretch: int = ..., alignment: AlignmentFlag = ...) -> None` is incompatible with this call site
info: Attempted to call union type `(bound method PyQt6.QtWidgets.QHBoxLayout.addWidget(a0: QWidget | None, stretch: int = ..., alignment: AlignmentFlag = ...) -> None) | (bound method PySide6.QtWidgets.QHBoxLayout.addWidget(arg__1: QWidget, /, stretch: int | None = ..., alignment: AlignmentFlag = ...) -> None)`
info: rule `invalid-argument-type` is enabled by default

error[invalid-argument-type]: Argument to bound method `addWidget` is incorrect
  --> manim_slides\present\player.py:85:13
   |
83 |         bottom_left_layout.addWidget(
84 |             QLabel("Time:"),
85 |             alignment=Qt.AlignmentFlag.AlignTop | Qt.AlignmentFlag.AlignRight,
   |             ^^^^^^^^^^^^^^^^^^^^^^^^^^^^^^^^^^^^^^^^^^^^^^^^^^^^^^^^^^^^^^^^^ Expected `PySide6.QtCore.Qt.AlignmentFlag`, found `Literal[PyQt6.QtCore.Qt.AlignmentFlag.AlignTop, PySide6.QtCore.Qt.AlignmentFlag.AlignTop]`
86 |         )
87 |         bottom_left_layout.addWidget(
   |
info: Element `Literal[AlignmentFlag.AlignTop]` of this union is not assignable to `PySide6.QtCore.Qt.AlignmentFlag`
info: Method defined here
   --> .venv\Lib\site-packages\PySide6\QtWidgets.pyi:721:9
    |
719 | ΓÇª def addStretch(self, /, stretch: int | None = ...) -> None: ...
720 | ΓÇª def addStrut(self, arg__1: int, /) -> None: ...
721 | ΓÇª def addWidget(self, arg__1: PySide6.QtWidgets.QWidget, /, stretch: int | None = ..., alignment: PySide6.QtCore.Qt.AlignmentFlag = ...) -> ΓÇª
    |       ^^^^^^^^^                                                                        ------------------------------------------------ Parameter declared here
722 | ΓÇª def count(self, /) -> int: ...
723 | ΓÇª def direction(self, /) -> PySide6.QtWidgets.QBoxLayout.Direction: ...
    |
info: Union variant `bound method QHBoxLayout.addWidget(arg__1: QWidget, /, stretch: int | None = ..., alignment: AlignmentFlag = ...) -> None` is incompatible with this call site
info: Attempted to call union type `(bound method PyQt6.QtWidgets.QHBoxLayout.addWidget(a0: QWidget | None, stretch: int = ..., alignment: AlignmentFlag = ...) -> None) | (bound method PySide6.QtWidgets.QHBoxLayout.addWidget(arg__1: QWidget, /, stretch: int | None = ..., alignment: AlignmentFlag = ...) -> None)`
info: rule `invalid-argument-type` is enabled by default

error[invalid-argument-type]: Argument to bound method `addWidget` is incorrect
  --> manim_slides\present\player.py:89:13
   |
87 |         bottom_left_layout.addWidget(
88 |             self.time_label,
89 |             alignment=Qt.AlignmentFlag.AlignTop | Qt.AlignmentFlag.AlignLeft,
   |             ^^^^^^^^^^^^^^^^^^^^^^^^^^^^^^^^^^^^^^^^^^^^^^^^^^^^^^^^^^^^^^^^ Expected `PyQt6.QtCore.Qt.AlignmentFlag`, found `Literal[PyQt6.QtCore.Qt.AlignmentFlag.AlignTop, PySide6.QtCore.Qt.AlignmentFlag.AlignTop]`
90 |         )
91 |         bottom_left_layout.addWidget(
   |
info: Element `Literal[AlignmentFlag.AlignTop]` of this union is not assignable to `PyQt6.QtCore.Qt.AlignmentFlag`
info: Method defined here
    --> .venv\Lib\site-packages\PyQt6\QtWidgets.pyi:1194:9
     |
1192 |     def addStrut(self, a0: int) -> None: ...
1193 |     def addLayout(self, layout: typing.Optional[QLayout], stretch: int = ...) -> None: ...
1194 |     def addWidget(self, a0: typing.Optional[QWidget], stretch: int = ..., alignment: QtCore.Qt.AlignmentFlag = ...) -> None: ...
     |         ^^^^^^^^^                                                         ---------------------------------------- Parameter declared here
1195 |     def addStretch(self, stretch: int = ...) -> None: ...
1196 |     def addSpacing(self, size: int) -> None: ...
     |
info: Union variant `bound method QHBoxLayout.addWidget(a0: QWidget | None, stretch: int = ..., alignment: AlignmentFlag = ...) -> None` is incompatible with this call site
info: Attempted to call union type `(bound method PyQt6.QtWidgets.QHBoxLayout.addWidget(a0: QWidget | None, stretch: int = ..., alignment: AlignmentFlag = ...) -> None) | (bound method PySide6.QtWidgets.QHBoxLayout.addWidget(arg__1: QWidget, /, stretch: int | None = ..., alignment: AlignmentFlag = ...) -> None)`
info: rule `invalid-argument-type` is enabled by default

error[invalid-argument-type]: Argument to bound method `addWidget` is incorrect
  --> manim_slides\present\player.py:89:13
   |
87 |         bottom_left_layout.addWidget(
88 |             self.time_label,
89 |             alignment=Qt.AlignmentFlag.AlignTop | Qt.AlignmentFlag.AlignLeft,
   |             ^^^^^^^^^^^^^^^^^^^^^^^^^^^^^^^^^^^^^^^^^^^^^^^^^^^^^^^^^^^^^^^^ Expected `PySide6.QtCore.Qt.AlignmentFlag`, found `Literal[PyQt6.QtCore.Qt.AlignmentFlag.AlignTop, PySide6.QtCore.Qt.AlignmentFlag.AlignTop]`
90 |         )
91 |         bottom_left_layout.addWidget(
   |
info: Element `Literal[AlignmentFlag.AlignTop]` of this union is not assignable to `PySide6.QtCore.Qt.AlignmentFlag`
info: Method defined here
   --> .venv\Lib\site-packages\PySide6\QtWidgets.pyi:721:9
    |
719 | ΓÇª def addStretch(self, /, stretch: int | None = ...) -> None: ...
720 | ΓÇª def addStrut(self, arg__1: int, /) -> None: ...
721 | ΓÇª def addWidget(self, arg__1: PySide6.QtWidgets.QWidget, /, stretch: int | None = ..., alignment: PySide6.QtCore.Qt.AlignmentFlag = ...) -> ΓÇª
    |       ^^^^^^^^^                                                                        ------------------------------------------------ Parameter declared here
722 | ΓÇª def count(self, /) -> int: ...
723 | ΓÇª def direction(self, /) -> PySide6.QtWidgets.QBoxLayout.Direction: ...
    |
info: Union variant `bound method QHBoxLayout.addWidget(arg__1: QWidget, /, stretch: int | None = ..., alignment: AlignmentFlag = ...) -> None` is incompatible with this call site
info: Attempted to call union type `(bound method PyQt6.QtWidgets.QHBoxLayout.addWidget(a0: QWidget | None, stretch: int = ..., alignment: AlignmentFlag = ...) -> None) | (bound method PySide6.QtWidgets.QHBoxLayout.addWidget(arg__1: QWidget, /, stretch: int | None = ..., alignment: AlignmentFlag = ...) -> None)`
info: rule `invalid-argument-type` is enabled by default

error[invalid-argument-type]: Argument to bound method `addWidget` is incorrect
  --> manim_slides\present\player.py:92:13
   |
90 |         )
91 |         bottom_left_layout.addWidget(
92 |             QLabel("Elapsed:"),
   |             ^^^^^^^^^^^^^^^^^^ Expected `QWidget | None`, found `PyQt6.QtWidgets.QLabel | PySide6.QtWidgets.QLabel`
93 |             alignment=Qt.AlignmentFlag.AlignTop | Qt.AlignmentFlag.AlignRight,
94 |         )
   |
info: Element `QLabel` of this union is not assignable to `QWidget | None`
info: Method defined here
    --> .venv\Lib\site-packages\PyQt6\QtWidgets.pyi:1194:9
     |
1192 |     def addStrut(self, a0: int) -> None: ...
1193 |     def addLayout(self, layout: typing.Optional[QLayout], stretch: int = ...) -> None: ...
1194 |     def addWidget(self, a0: typing.Optional[QWidget], stretch: int = ..., alignment: QtCore.Qt.AlignmentFlag = ...) -> None: ...
     |         ^^^^^^^^^       ---------------------------- Parameter declared here
1195 |     def addStretch(self, stretch: int = ...) -> None: ...
1196 |     def addSpacing(self, size: int) -> None: ...
     |
info: Union variant `bound method QHBoxLayout.addWidget(a0: QWidget | None, stretch: int = ..., alignment: AlignmentFlag = ...) -> None` is incompatible with this call site
info: Attempted to call union type `(bound method PyQt6.QtWidgets.QHBoxLayout.addWidget(a0: QWidget | None, stretch: int = ..., alignment: AlignmentFlag = ...) -> None) | (bound method PySide6.QtWidgets.QHBoxLayout.addWidget(arg__1: QWidget, /, stretch: int | None = ..., alignment: AlignmentFlag = ...) -> None)`
info: rule `invalid-argument-type` is enabled by default

error[invalid-argument-type]: Argument to bound method `addWidget` is incorrect
  --> manim_slides\present\player.py:92:13
   |
90 |         )
91 |         bottom_left_layout.addWidget(
92 |             QLabel("Elapsed:"),
   |             ^^^^^^^^^^^^^^^^^^ Expected `QWidget`, found `PyQt6.QtWidgets.QLabel | PySide6.QtWidgets.QLabel`
93 |             alignment=Qt.AlignmentFlag.AlignTop | Qt.AlignmentFlag.AlignRight,
94 |         )
   |
info: Element `QLabel` of this union is not assignable to `QWidget`
info: Method defined here
   --> .venv\Lib\site-packages\PySide6\QtWidgets.pyi:721:9
    |
719 |     def addStretch(self, /, stretch: int | None = ...) -> None: ...
720 |     def addStrut(self, arg__1: int, /) -> None: ...
721 |     def addWidget(self, arg__1: PySide6.QtWidgets.QWidget, /, stretch: int | None = ..., alignment: PySide6.QtCore.Qt.AlignmentFlag =ΓÇª
    |         ^^^^^^^^^       --------------------------------- Parameter declared here
722 |     def count(self, /) -> int: ...
723 |     def direction(self, /) -> PySide6.QtWidgets.QBoxLayout.Direction: ...
    |
info: Union variant `bound method QHBoxLayout.addWidget(arg__1: QWidget, /, stretch: int | None = ..., alignment: AlignmentFlag = ...) -> None` is incompatible with this call site
info: Attempted to call union type `(bound method PyQt6.QtWidgets.QHBoxLayout.addWidget(a0: QWidget | None, stretch: int = ..., alignment: AlignmentFlag = ...) -> None) | (bound method PySide6.QtWidgets.QHBoxLayout.addWidget(arg__1: QWidget, /, stretch: int | None = ..., alignment: AlignmentFlag = ...) -> None)`
info: rule `invalid-argument-type` is enabled by default

error[invalid-argument-type]: Argument to bound method `addWidget` is incorrect
  --> manim_slides\present\player.py:93:13
   |
91 |         bottom_left_layout.addWidget(
92 |             QLabel("Elapsed:"),
93 |             alignment=Qt.AlignmentFlag.AlignTop | Qt.AlignmentFlag.AlignRight,
   |             ^^^^^^^^^^^^^^^^^^^^^^^^^^^^^^^^^^^^^^^^^^^^^^^^^^^^^^^^^^^^^^^^^ Expected `PyQt6.QtCore.Qt.AlignmentFlag`, found `Literal[PyQt6.QtCore.Qt.AlignmentFlag.AlignTop, PySide6.QtCore.Qt.AlignmentFlag.AlignTop]`
94 |         )
95 |         bottom_left_layout.addWidget(
   |
info: Element `Literal[AlignmentFlag.AlignTop]` of this union is not assignable to `PyQt6.QtCore.Qt.AlignmentFlag`
info: Method defined here
    --> .venv\Lib\site-packages\PyQt6\QtWidgets.pyi:1194:9
     |
1192 |     def addStrut(self, a0: int) -> None: ...
1193 |     def addLayout(self, layout: typing.Optional[QLayout], stretch: int = ...) -> None: ...
1194 |     def addWidget(self, a0: typing.Optional[QWidget], stretch: int = ..., alignment: QtCore.Qt.AlignmentFlag = ...) -> None: ...
     |         ^^^^^^^^^                                                         ---------------------------------------- Parameter declared here
1195 |     def addStretch(self, stretch: int = ...) -> None: ...
1196 |     def addSpacing(self, size: int) -> None: ...
     |
info: Union variant `bound method QHBoxLayout.addWidget(a0: QWidget | None, stretch: int = ..., alignment: AlignmentFlag = ...) -> None` is incompatible with this call site
info: Attempted to call union type `(bound method PyQt6.QtWidgets.QHBoxLayout.addWidget(a0: QWidget | None, stretch: int = ..., alignment: AlignmentFlag = ...) -> None) | (bound method PySide6.QtWidgets.QHBoxLayout.addWidget(arg__1: QWidget, /, stretch: int | None = ..., alignment: AlignmentFlag = ...) -> None)`
info: rule `invalid-argument-type` is enabled by default

error[invalid-argument-type]: Argument to bound method `addWidget` is incorrect
  --> manim_slides\present\player.py:93:13
   |
91 |         bottom_left_layout.addWidget(
92 |             QLabel("Elapsed:"),
93 |             alignment=Qt.AlignmentFlag.AlignTop | Qt.AlignmentFlag.AlignRight,
   |             ^^^^^^^^^^^^^^^^^^^^^^^^^^^^^^^^^^^^^^^^^^^^^^^^^^^^^^^^^^^^^^^^^ Expected `PySide6.QtCore.Qt.AlignmentFlag`, found `Literal[PyQt6.QtCore.Qt.AlignmentFlag.AlignTop, PySide6.QtCore.Qt.AlignmentFlag.AlignTop]`
94 |         )
95 |         bottom_left_layout.addWidget(
   |
info: Element `Literal[AlignmentFlag.AlignTop]` of this union is not assignable to `PySide6.QtCore.Qt.AlignmentFlag`
info: Method defined here
   --> .venv\Lib\site-packages\PySide6\QtWidgets.pyi:721:9
    |
719 | ΓÇª def addStretch(self, /, stretch: int | None = ...) -> None: ...
720 | ΓÇª def addStrut(self, arg__1: int, /) -> None: ...
721 | ΓÇª def addWidget(self, arg__1: PySide6.QtWidgets.QWidget, /, stretch: int | None = ..., alignment: PySide6.QtCore.Qt.AlignmentFlag = ...) -> ΓÇª
    |       ^^^^^^^^^                                                                        ------------------------------------------------ Parameter declared here
722 | ΓÇª def count(self, /) -> int: ...
723 | ΓÇª def direction(self, /) -> PySide6.QtWidgets.QBoxLayout.Direction: ...
    |
info: Union variant `bound method QHBoxLayout.addWidget(arg__1: QWidget, /, stretch: int | None = ..., alignment: AlignmentFlag = ...) -> None` is incompatible with this call site
info: Attempted to call union type `(bound method PyQt6.QtWidgets.QHBoxLayout.addWidget(a0: QWidget | None, stretch: int = ..., alignment: AlignmentFlag = ...) -> None) | (bound method PySide6.QtWidgets.QHBoxLayout.addWidget(arg__1: QWidget, /, stretch: int | None = ..., alignment: AlignmentFlag = ...) -> None)`
info: rule `invalid-argument-type` is enabled by default

error[invalid-argument-type]: Argument to bound method `addWidget` is incorrect
  --> manim_slides\present\player.py:97:13
   |
95 |         bottom_left_layout.addWidget(
96 |             self.elapsed_label,
97 |             alignment=Qt.AlignmentFlag.AlignTop | Qt.AlignmentFlag.AlignLeft,
   |             ^^^^^^^^^^^^^^^^^^^^^^^^^^^^^^^^^^^^^^^^^^^^^^^^^^^^^^^^^^^^^^^^ Expected `PyQt6.QtCore.Qt.AlignmentFlag`, found `Literal[PyQt6.QtCore.Qt.AlignmentFlag.AlignTop, PySide6.QtCore.Qt.AlignmentFlag.AlignTop]`
98 |         )
99 |         left_layout.addLayout(bottom_left_layout)
   |
info: Element `Literal[AlignmentFlag.AlignTop]` of this union is not assignable to `PyQt6.QtCore.Qt.AlignmentFlag`
info: Method defined here
    --> .venv\Lib\site-packages\PyQt6\QtWidgets.pyi:1194:9
     |
1192 |     def addStrut(self, a0: int) -> None: ...
1193 |     def addLayout(self, layout: typing.Optional[QLayout], stretch: int = ...) -> None: ...
1194 |     def addWidget(self, a0: typing.Optional[QWidget], stretch: int = ..., alignment: QtCore.Qt.AlignmentFlag = ...) -> None: ...
     |         ^^^^^^^^^                                                         ---------------------------------------- Parameter declared here
1195 |     def addStretch(self, stretch: int = ...) -> None: ...
1196 |     def addSpacing(self, size: int) -> None: ...
     |
info: Union variant `bound method QHBoxLayout.addWidget(a0: QWidget | None, stretch: int = ..., alignment: AlignmentFlag = ...) -> None` is incompatible with this call site
info: Attempted to call union type `(bound method PyQt6.QtWidgets.QHBoxLayout.addWidget(a0: QWidget | None, stretch: int = ..., alignment: AlignmentFlag = ...) -> None) | (bound method PySide6.QtWidgets.QHBoxLayout.addWidget(arg__1: QWidget, /, stretch: int | None = ..., alignment: AlignmentFlag = ...) -> None)`
info: rule `invalid-argument-type` is enabled by default

error[invalid-argument-type]: Argument to bound method `addWidget` is incorrect
  --> manim_slides\present\player.py:97:13
   |
95 |         bottom_left_layout.addWidget(
96 |             self.elapsed_label,
97 |             alignment=Qt.AlignmentFlag.AlignTop | Qt.AlignmentFlag.AlignLeft,
   |             ^^^^^^^^^^^^^^^^^^^^^^^^^^^^^^^^^^^^^^^^^^^^^^^^^^^^^^^^^^^^^^^^ Expected `PySide6.QtCore.Qt.AlignmentFlag`, found `Literal[PyQt6.QtCore.Qt.AlignmentFlag.AlignTop, PySide6.QtCore.Qt.AlignmentFlag.AlignTop]`
98 |         )
99 |         left_layout.addLayout(bottom_left_layout)
   |
info: Element `Literal[AlignmentFlag.AlignTop]` of this union is not assignable to `PySide6.QtCore.Qt.AlignmentFlag`
info: Method defined here
   --> .venv\Lib\site-packages\PySide6\QtWidgets.pyi:721:9
    |
719 | ΓÇª def addStretch(self, /, stretch: int | None = ...) -> None: ...
720 | ΓÇª def addStrut(self, arg__1: int, /) -> None: ...
721 | ΓÇª def addWidget(self, arg__1: PySide6.QtWidgets.QWidget, /, stretch: int | None = ..., alignment: PySide6.QtCore.Qt.AlignmentFlag = ...) -> ΓÇª
    |       ^^^^^^^^^                                                                        ------------------------------------------------ Parameter declared here
722 | ΓÇª def count(self, /) -> int: ...
723 | ΓÇª def direction(self, /) -> PySide6.QtWidgets.QBoxLayout.Direction: ...
    |
info: Union variant `bound method QHBoxLayout.addWidget(arg__1: QWidget, /, stretch: int | None = ..., alignment: AlignmentFlag = ...) -> None` is incompatible with this call site
info: Attempted to call union type `(bound method PyQt6.QtWidgets.QHBoxLayout.addWidget(a0: QWidget | None, stretch: int = ..., alignment: AlignmentFlag = ...) -> None) | (bound method PySide6.QtWidgets.QHBoxLayout.addWidget(arg__1: QWidget, /, stretch: int | None = ..., alignment: AlignmentFlag = ...) -> None)`
info: rule `invalid-argument-type` is enabled by default

error[invalid-argument-type]: Argument to bound method `addLayout` is incorrect
   --> manim_slides\present\player.py:99:31
    |
 97 |             alignment=Qt.AlignmentFlag.AlignTop | Qt.AlignmentFlag.AlignLeft,
 98 |         )
 99 |         left_layout.addLayout(bottom_left_layout)
    |                               ^^^^^^^^^^^^^^^^^^ Expected `QLayout | None`, found `PyQt6.QtWidgets.QHBoxLayout | PySide6.QtWidgets.QHBoxLayout`
100 |         layout.addLayout(left_layout)
    |
info: Element `QHBoxLayout` of this union is not assignable to `QLayout | None`
info: Method defined here
    --> .venv\Lib\site-packages\PyQt6\QtWidgets.pyi:1193:9
     |
1191 |     def addItem(self, a0: typing.Optional[QLayoutItem]) -> None: ...
1192 |     def addStrut(self, a0: int) -> None: ...
1193 |     def addLayout(self, layout: typing.Optional[QLayout], stretch: int = ...) -> None: ...
     |         ^^^^^^^^^       -------------------------------- Parameter declared here
1194 |     def addWidget(self, a0: typing.Optional[QWidget], stretch: int = ..., alignment: QtCore.Qt.AlignmentFlag = ...) -> None: ...
1195 |     def addStretch(self, stretch: int = ...) -> None: ...
     |
info: Union variant `bound method QVBoxLayout.addLayout(layout: QLayout | None, stretch: int = ...) -> None` is incompatible with this call site
info: Attempted to call union type `(bound method PyQt6.QtWidgets.QVBoxLayout.addLayout(layout: QLayout | None, stretch: int = ...) -> None) | (bound method PySide6.QtWidgets.QVBoxLayout.addLayout(layout: QLayout, /, stretch: int | None = ...) -> None)`
info: rule `invalid-argument-type` is enabled by default

error[invalid-argument-type]: Argument to bound method `addLayout` is incorrect
   --> manim_slides\present\player.py:99:31
    |
 97 |             alignment=Qt.AlignmentFlag.AlignTop | Qt.AlignmentFlag.AlignLeft,
 98 |         )
 99 |         left_layout.addLayout(bottom_left_layout)
    |                               ^^^^^^^^^^^^^^^^^^ Expected `QLayout`, found `PyQt6.QtWidgets.QHBoxLayout | PySide6.QtWidgets.QHBoxLayout`
100 |         layout.addLayout(left_layout)
    |
info: Element `QHBoxLayout` of this union is not assignable to `QLayout`
info: Method defined here
   --> .venv\Lib\site-packages\PySide6\QtWidgets.pyi:716:9
    |
715 |     def addItem(self, arg__1: PySide6.QtWidgets.QLayoutItem, /) -> None: ...
716 |     def addLayout(self, layout: PySide6.QtWidgets.QLayout, /, stretch: int | None = ...) -> None: ...
    |         ^^^^^^^^^       --------------------------------- Parameter declared here
717 |     def addSpacerItem(self, spacerItem: PySide6.QtWidgets.QSpacerItem, /) -> None: ...
718 |     def addSpacing(self, size: int, /) -> None: ...
    |
info: Union variant `bound method QVBoxLayout.addLayout(layout: QLayout, /, stretch: int | None = ...) -> None` is incompatible with this call site
info: Attempted to call union type `(bound method PyQt6.QtWidgets.QVBoxLayout.addLayout(layout: QLayout | None, stretch: int = ...) -> None) | (bound method PySide6.QtWidgets.QVBoxLayout.addLayout(layout: QLayout, /, stretch: int | None = ...) -> None)`
info: rule `invalid-argument-type` is enabled by default

error[invalid-argument-type]: Argument to bound method `addLayout` is incorrect
   --> manim_slides\present\player.py:100:26
    |
 98 |         )
 99 |         left_layout.addLayout(bottom_left_layout)
100 |         layout.addLayout(left_layout)
    |                          ^^^^^^^^^^^ Expected `QLayout | None`, found `PyQt6.QtWidgets.QVBoxLayout | PySide6.QtWidgets.QVBoxLayout`
101 |
102 |         layout.addSpacing(20)
    |
info: Element `QVBoxLayout` of this union is not assignable to `QLayout | None`
info: Method defined here
    --> .venv\Lib\site-packages\PyQt6\QtWidgets.pyi:1193:9
     |
1191 |     def addItem(self, a0: typing.Optional[QLayoutItem]) -> None: ...
1192 |     def addStrut(self, a0: int) -> None: ...
1193 |     def addLayout(self, layout: typing.Optional[QLayout], stretch: int = ...) -> None: ...
     |         ^^^^^^^^^       -------------------------------- Parameter declared here
1194 |     def addWidget(self, a0: typing.Optional[QWidget], stretch: int = ..., alignment: QtCore.Qt.AlignmentFlag = ...) -> None: ...
1195 |     def addStretch(self, stretch: int = ...) -> None: ...
     |
info: Union variant `bound method QHBoxLayout.addLayout(layout: QLayout | None, stretch: int = ...) -> None` is incompatible with this call site
info: Attempted to call union type `(bound method PyQt6.QtWidgets.QHBoxLayout.addLayout(layout: QLayout | None, stretch: int = ...) -> None) | (bound method PySide6.QtWidgets.QHBoxLayout.addLayout(layout: QLayout, /, stretch: int | None = ...) -> None)`
info: rule `invalid-argument-type` is enabled by default

error[invalid-argument-type]: Argument to bound method `addLayout` is incorrect
   --> manim_slides\present\player.py:100:26
    |
 98 |         )
 99 |         left_layout.addLayout(bottom_left_layout)
100 |         layout.addLayout(left_layout)
    |                          ^^^^^^^^^^^ Expected `QLayout`, found `PyQt6.QtWidgets.QVBoxLayout | PySide6.QtWidgets.QVBoxLayout`
101 |
102 |         layout.addSpacing(20)
    |
info: Element `QVBoxLayout` of this union is not assignable to `QLayout`
info: Method defined here
   --> .venv\Lib\site-packages\PySide6\QtWidgets.pyi:716:9
    |
715 |     def addItem(self, arg__1: PySide6.QtWidgets.QLayoutItem, /) -> None: ...
716 |     def addLayout(self, layout: PySide6.QtWidgets.QLayout, /, stretch: int | None = ...) -> None: ...
    |         ^^^^^^^^^       --------------------------------- Parameter declared here
717 |     def addSpacerItem(self, spacerItem: PySide6.QtWidgets.QSpacerItem, /) -> None: ...
718 |     def addSpacing(self, size: int, /) -> None: ...
    |
info: Union variant `bound method QHBoxLayout.addLayout(layout: QLayout, /, stretch: int | None = ...) -> None` is incompatible with this call site
info: Attempted to call union type `(bound method PyQt6.QtWidgets.QHBoxLayout.addLayout(layout: QLayout | None, stretch: int = ...) -> None) | (bound method PySide6.QtWidgets.QHBoxLayout.addLayout(layout: QLayout, /, stretch: int | None = ...) -> None)`
info: rule `invalid-argument-type` is enabled by default

error[invalid-argument-type]: Argument to bound method `addWidget` is incorrect
   --> manim_slides\present\player.py:108:13
    |
106 |         right_layout = QVBoxLayout()
107 |         right_layout.addWidget(
108 |             QLabel("Next slide"),
    |             ^^^^^^^^^^^^^^^^^^^^ Expected `QWidget | None`, found `PyQt6.QtWidgets.QLabel | PySide6.QtWidgets.QLabel`
109 |             alignment=Qt.AlignmentFlag.AlignBottom | Qt.AlignmentFlag.AlignHCenter,
110 |         )
    |
info: Element `QLabel` of this union is not assignable to `QWidget | None`
info: Method defined here
    --> .venv\Lib\site-packages\PyQt6\QtWidgets.pyi:1194:9
     |
1192 |     def addStrut(self, a0: int) -> None: ...
1193 |     def addLayout(self, layout: typing.Optional[QLayout], stretch: int = ...) -> None: ...
1194 |     def addWidget(self, a0: typing.Optional[QWidget], stretch: int = ..., alignment: QtCore.Qt.AlignmentFlag = ...) -> None: ...
     |         ^^^^^^^^^       ---------------------------- Parameter declared here
1195 |     def addStretch(self, stretch: int = ...) -> None: ...
1196 |     def addSpacing(self, size: int) -> None: ...
     |
info: Union variant `bound method QVBoxLayout.addWidget(a0: QWidget | None, stretch: int = ..., alignment: AlignmentFlag = ...) -> None` is incompatible with this call site
info: Attempted to call union type `(bound method PyQt6.QtWidgets.QVBoxLayout.addWidget(a0: QWidget | None, stretch: int = ..., alignment: AlignmentFlag = ...) -> None) | (bound method PySide6.QtWidgets.QVBoxLayout.addWidget(arg__1: QWidget, /, stretch: int | None = ..., alignment: AlignmentFlag = ...) -> None)`
info: rule `invalid-argument-type` is enabled by default

error[invalid-argument-type]: Argument to bound method `addWidget` is incorrect
   --> manim_slides\present\player.py:108:13
    |
106 |         right_layout = QVBoxLayout()
107 |         right_layout.addWidget(
108 |             QLabel("Next slide"),
    |             ^^^^^^^^^^^^^^^^^^^^ Expected `QWidget`, found `PyQt6.QtWidgets.QLabel | PySide6.QtWidgets.QLabel`
109 |             alignment=Qt.AlignmentFlag.AlignBottom | Qt.AlignmentFlag.AlignHCenter,
110 |         )
    |
info: Element `QLabel` of this union is not assignable to `QWidget`
info: Method defined here
   --> .venv\Lib\site-packages\PySide6\QtWidgets.pyi:721:9
    |
719 |     def addStretch(self, /, stretch: int | None = ...) -> None: ...
720 |     def addStrut(self, arg__1: int, /) -> None: ...
721 |     def addWidget(self, arg__1: PySide6.QtWidgets.QWidget, /, stretch: int | None = ..., alignment: PySide6.QtCore.Qt.AlignmentFlag =ΓÇª
    |         ^^^^^^^^^       --------------------------------- Parameter declared here
722 |     def count(self, /) -> int: ...
723 |     def direction(self, /) -> PySide6.QtWidgets.QBoxLayout.Direction: ...
    |
info: Union variant `bound method QVBoxLayout.addWidget(arg__1: QWidget, /, stretch: int | None = ..., alignment: AlignmentFlag = ...) -> None` is incompatible with this call site
info: Attempted to call union type `(bound method PyQt6.QtWidgets.QVBoxLayout.addWidget(a0: QWidget | None, stretch: int = ..., alignment: AlignmentFlag = ...) -> None) | (bound method PySide6.QtWidgets.QVBoxLayout.addWidget(arg__1: QWidget, /, stretch: int | None = ..., alignment: AlignmentFlag = ...) -> None)`
info: rule `invalid-argument-type` is enabled by default

error[invalid-argument-type]: Argument to bound method `addWidget` is incorrect
   --> manim_slides\present\player.py:109:13
    |
107 |         right_layout.addWidget(
108 |             QLabel("Next slide"),
109 |             alignment=Qt.AlignmentFlag.AlignBottom | Qt.AlignmentFlag.AlignHCenter,
    |             ^^^^^^^^^^^^^^^^^^^^^^^^^^^^^^^^^^^^^^^^^^^^^^^^^^^^^^^^^^^^^^^^^^^^^^ Expected `PyQt6.QtCore.Qt.AlignmentFlag`, found `Literal[PyQt6.QtCore.Qt.AlignmentFlag.AlignBottom, PySide6.QtCore.Qt.AlignmentFlag.AlignBottom]`
110 |         )
111 |         next_video_widget = QVideoWidget()
    |
info: Element `Literal[AlignmentFlag.AlignBottom]` of this union is not assignable to `PyQt6.QtCore.Qt.AlignmentFlag`
info: Method defined here
    --> .venv\Lib\site-packages\PyQt6\QtWidgets.pyi:1194:9
     |
1192 |     def addStrut(self, a0: int) -> None: ...
1193 |     def addLayout(self, layout: typing.Optional[QLayout], stretch: int = ...) -> None: ...
1194 |     def addWidget(self, a0: typing.Optional[QWidget], stretch: int = ..., alignment: QtCore.Qt.AlignmentFlag = ...) -> None: ...
     |         ^^^^^^^^^                                                         ---------------------------------------- Parameter declared here
1195 |     def addStretch(self, stretch: int = ...) -> None: ...
1196 |     def addSpacing(self, size: int) -> None: ...
     |
info: Union variant `bound method QVBoxLayout.addWidget(a0: QWidget | None, stretch: int = ..., alignment: AlignmentFlag = ...) -> None` is incompatible with this call site
info: Attempted to call union type `(bound method PyQt6.QtWidgets.QVBoxLayout.addWidget(a0: QWidget | None, stretch: int = ..., alignment: AlignmentFlag = ...) -> None) | (bound method PySide6.QtWidgets.QVBoxLayout.addWidget(arg__1: QWidget, /, stretch: int | None = ..., alignment: AlignmentFlag = ...) -> None)`
info: rule `invalid-argument-type` is enabled by default

error[invalid-argument-type]: Argument to bound method `addWidget` is incorrect
   --> manim_slides\present\player.py:109:13
    |
107 |         right_layout.addWidget(
108 |             QLabel("Next slide"),
109 |             alignment=Qt.AlignmentFlag.AlignBottom | Qt.AlignmentFlag.AlignHCenter,
    |             ^^^^^^^^^^^^^^^^^^^^^^^^^^^^^^^^^^^^^^^^^^^^^^^^^^^^^^^^^^^^^^^^^^^^^^ Expected `PySide6.QtCore.Qt.AlignmentFlag`, found `Literal[PyQt6.QtCore.Qt.AlignmentFlag.AlignBottom, PySide6.QtCore.Qt.AlignmentFlag.AlignBottom]`
110 |         )
111 |         next_video_widget = QVideoWidget()
    |
info: Element `Literal[AlignmentFlag.AlignBottom]` of this union is not assignable to `PySide6.QtCore.Qt.AlignmentFlag`
info: Method defined here
   --> .venv\Lib\site-packages\PySide6\QtWidgets.pyi:721:9
    |
719 | ΓÇª def addStretch(self, /, stretch: int | None = ...) -> None: ...
720 | ΓÇª def addStrut(self, arg__1: int, /) -> None: ...
721 | ΓÇª def addWidget(self, arg__1: PySide6.QtWidgets.QWidget, /, stretch: int | None = ..., alignment: PySide6.QtCore.Qt.AlignmentFlag = ...) -> ΓÇª
    |       ^^^^^^^^^                                                                        ------------------------------------------------ Parameter declared here
722 | ΓÇª def count(self, /) -> int: ...
723 | ΓÇª def direction(self, /) -> PySide6.QtWidgets.QBoxLayout.Direction: ...
    |
info: Union variant `bound method QVBoxLayout.addWidget(arg__1: QWidget, /, stretch: int | None = ..., alignment: AlignmentFlag = ...) -> None` is incompatible with this call site
info: Attempted to call union type `(bound method PyQt6.QtWidgets.QVBoxLayout.addWidget(a0: QWidget | None, stretch: int = ..., alignment: AlignmentFlag = ...) -> None) | (bound method PySide6.QtWidgets.QVBoxLayout.addWidget(arg__1: QWidget, /, stretch: int | None = ..., alignment: AlignmentFlag = ...) -> None)`
info: rule `invalid-argument-type` is enabled by default

error[invalid-argument-type]: Argument to bound method `setAspectRatioMode` is incorrect
   --> manim_slides\present\player.py:112:46
    |
110 |         )
111 |         next_video_widget = QVideoWidget()
112 |         next_video_widget.setAspectRatioMode(aspect_ratio_mode)
    |                                              ^^^^^^^^^^^^^^^^^ Expected `PyQt6.QtCore.Qt.AspectRatioMode`, found `PyQt6.QtCore.Qt.AspectRatioMode | PySide6.QtCore.Qt.AspectRatioMode`
113 |         next_video_widget.setFixedSize(360, 240)
114 |         self.next_media_player = QMediaPlayer()
    |
info: Element `AspectRatioMode` of this union is not assignable to `PyQt6.QtCore.Qt.AspectRatioMode`
info: Method defined here
  --> .venv\Lib\site-packages\PyQt6\QtMultimediaWidgets.pyi:77:9
   |
75 |     aspectRatioModeChanged: typing.ClassVar[QtCore.pyqtSignal]
76 |     fullScreenChanged: typing.ClassVar[QtCore.pyqtSignal]
77 |     def setAspectRatioMode(self, mode: QtCore.Qt.AspectRatioMode) -> None: ...
   |         ^^^^^^^^^^^^^^^^^^       ------------------------------- Parameter declared here
78 |     def setFullScreen(self, fullScreen: bool) -> None: ...
79 |     def sizeHint(self) -> QtCore.QSize: ...
   |
info: Union variant `bound method QVideoWidget.setAspectRatioMode(mode: AspectRatioMode) -> None` is incompatible with this call site
info: Attempted to call union type `(bound method PyQt6.QtMultimediaWidgets.QVideoWidget.setAspectRatioMode(mode: AspectRatioMode) -> None) | (bound method PySide6.QtMultimediaWidgets.QVideoWidget.setAspectRatioMode(mode: AspectRatioMode, /) -> None)`
info: rule `invalid-argument-type` is enabled by default

error[invalid-argument-type]: Argument to bound method `setAspectRatioMode` is incorrect
   --> manim_slides\present\player.py:112:46
    |
110 |         )
111 |         next_video_widget = QVideoWidget()
112 |         next_video_widget.setAspectRatioMode(aspect_ratio_mode)
    |                                              ^^^^^^^^^^^^^^^^^ Expected `PySide6.QtCore.Qt.AspectRatioMode`, found `PyQt6.QtCore.Qt.AspectRatioMode | PySide6.QtCore.Qt.AspectRatioMode`
113 |         next_video_widget.setFixedSize(360, 240)
114 |         self.next_media_player = QMediaPlayer()
    |
info: Element `AspectRatioMode` of this union is not assignable to `PySide6.QtCore.Qt.AspectRatioMode`
info: Method defined here
  --> .venv\Lib\site-packages\PySide6\QtMultimediaWidgets.pyi:57:9
   |
55 |     def moveEvent(self, event: PySide6.QtGui.QMoveEvent, /) -> None: ...
56 |     def resizeEvent(self, event: PySide6.QtGui.QResizeEvent, /) -> None: ...
57 |     def setAspectRatioMode(self, mode: PySide6.QtCore.Qt.AspectRatioMode, /) -> None: ...
   |         ^^^^^^^^^^^^^^^^^^       --------------------------------------- Parameter declared here
58 |     def setFullScreen(self, fullScreen: bool, /) -> None: ...
59 |     def showEvent(self, event: PySide6.QtGui.QShowEvent, /) -> None: ...
   |
info: Union variant `bound method QVideoWidget.setAspectRatioMode(mode: AspectRatioMode, /) -> None` is incompatible with this call site
info: Attempted to call union type `(bound method PyQt6.QtMultimediaWidgets.QVideoWidget.setAspectRatioMode(mode: AspectRatioMode) -> None) | (bound method PySide6.QtMultimediaWidgets.QVideoWidget.setAspectRatioMode(mode: AspectRatioMode, /) -> None)`
info: rule `invalid-argument-type` is enabled by default

error[invalid-argument-type]: Argument to bound method `addWidget` is incorrect
   --> manim_slides\present\player.py:118:32
    |
116 |         self.next_media_player.setLoops(-1)
117 |
118 |         right_layout.addWidget(next_video_widget)
    |                                ^^^^^^^^^^^^^^^^^ Expected `QWidget | None`, found `PyQt6.QtMultimediaWidgets.QVideoWidget | PySide6.QtMultimediaWidgets.QVideoWidget`
119 |
120 |         # Notes
    |
info: Element `QVideoWidget` of this union is not assignable to `QWidget | None`
info: Method defined here
    --> .venv\Lib\site-packages\PyQt6\QtWidgets.pyi:1194:9
     |
1192 |     def addStrut(self, a0: int) -> None: ...
1193 |     def addLayout(self, layout: typing.Optional[QLayout], stretch: int = ...) -> None: ...
1194 |     def addWidget(self, a0: typing.Optional[QWidget], stretch: int = ..., alignment: QtCore.Qt.AlignmentFlag = ...) -> None: ...
     |         ^^^^^^^^^       ---------------------------- Parameter declared here
1195 |     def addStretch(self, stretch: int = ...) -> None: ...
1196 |     def addSpacing(self, size: int) -> None: ...
     |
info: Union variant `bound method QVBoxLayout.addWidget(a0: QWidget | None, stretch: int = ..., alignment: AlignmentFlag = ...) -> None` is incompatible with this call site
info: Attempted to call union type `(bound method PyQt6.QtWidgets.QVBoxLayout.addWidget(a0: QWidget | None, stretch: int = ..., alignment: AlignmentFlag = ...) -> None) | (bound method PySide6.QtWidgets.QVBoxLayout.addWidget(arg__1: QWidget, /, stretch: int | None = ..., alignment: AlignmentFlag = ...) -> None)`
info: rule `invalid-argument-type` is enabled by default

error[invalid-argument-type]: Argument to bound method `addWidget` is incorrect
   --> manim_slides\present\player.py:118:32
    |
116 |         self.next_media_player.setLoops(-1)
117 |
118 |         right_layout.addWidget(next_video_widget)
    |                                ^^^^^^^^^^^^^^^^^ Expected `QWidget`, found `PyQt6.QtMultimediaWidgets.QVideoWidget | PySide6.QtMultimediaWidgets.QVideoWidget`
119 |
120 |         # Notes
    |
info: Element `QVideoWidget` of this union is not assignable to `QWidget`
info: Method defined here
   --> .venv\Lib\site-packages\PySide6\QtWidgets.pyi:721:9
    |
719 |     def addStretch(self, /, stretch: int | None = ...) -> None: ...
720 |     def addStrut(self, arg__1: int, /) -> None: ...
721 |     def addWidget(self, arg__1: PySide6.QtWidgets.QWidget, /, stretch: int | None = ..., alignment: PySide6.QtCore.Qt.AlignmentFlag =ΓÇª
    |         ^^^^^^^^^       --------------------------------- Parameter declared here
722 |     def count(self, /) -> int: ...
723 |     def direction(self, /) -> PySide6.QtWidgets.QBoxLayout.Direction: ...
    |
info: Union variant `bound method QVBoxLayout.addWidget(arg__1: QWidget, /, stretch: int | None = ..., alignment: AlignmentFlag = ...) -> None` is incompatible with this call site
info: Attempted to call union type `(bound method PyQt6.QtWidgets.QVBoxLayout.addWidget(a0: QWidget | None, stretch: int = ..., alignment: AlignmentFlag = ...) -> None) | (bound method PySide6.QtWidgets.QVBoxLayout.addWidget(arg__1: QWidget, /, stretch: int | None = ..., alignment: AlignmentFlag = ...) -> None)`
info: rule `invalid-argument-type` is enabled by default

error[invalid-argument-type]: Argument to bound method `addWidget` is incorrect
   --> manim_slides\present\player.py:128:13
    |
126 |         right_layout.addWidget(
127 |             self.slide_notes,
128 |             alignment=Qt.AlignmentFlag.AlignTop | Qt.AlignmentFlag.AlignLeft,
    |             ^^^^^^^^^^^^^^^^^^^^^^^^^^^^^^^^^^^^^^^^^^^^^^^^^^^^^^^^^^^^^^^^ Expected `PyQt6.QtCore.Qt.AlignmentFlag`, found `Literal[PyQt6.QtCore.Qt.AlignmentFlag.AlignTop, PySide6.QtCore.Qt.AlignmentFlag.AlignTop]`
129 |         )
130 |         layout.addLayout(right_layout)
    |
info: Element `Literal[AlignmentFlag.AlignTop]` of this union is not assignable to `PyQt6.QtCore.Qt.AlignmentFlag`
info: Method defined here
    --> .venv\Lib\site-packages\PyQt6\QtWidgets.pyi:1194:9
     |
1192 |     def addStrut(self, a0: int) -> None: ...
1193 |     def addLayout(self, layout: typing.Optional[QLayout], stretch: int = ...) -> None: ...
1194 |     def addWidget(self, a0: typing.Optional[QWidget], stretch: int = ..., alignment: QtCore.Qt.AlignmentFlag = ...) -> None: ...
     |         ^^^^^^^^^                                                         ---------------------------------------- Parameter declared here
1195 |     def addStretch(self, stretch: int = ...) -> None: ...
1196 |     def addSpacing(self, size: int) -> None: ...
     |
info: Union variant `bound method QVBoxLayout.addWidget(a0: QWidget | None, stretch: int = ..., alignment: AlignmentFlag = ...) -> None` is incompatible with this call site
info: Attempted to call union type `(bound method PyQt6.QtWidgets.QVBoxLayout.addWidget(a0: QWidget | None, stretch: int = ..., alignment: AlignmentFlag = ...) -> None) | (bound method PySide6.QtWidgets.QVBoxLayout.addWidget(arg__1: QWidget, /, stretch: int | None = ..., alignment: AlignmentFlag = ...) -> None)`
info: rule `invalid-argument-type` is enabled by default

error[invalid-argument-type]: Argument to bound method `addWidget` is incorrect
   --> manim_slides\present\player.py:128:13
    |
126 |         right_layout.addWidget(
127 |             self.slide_notes,
128 |             alignment=Qt.AlignmentFlag.AlignTop | Qt.AlignmentFlag.AlignLeft,
    |             ^^^^^^^^^^^^^^^^^^^^^^^^^^^^^^^^^^^^^^^^^^^^^^^^^^^^^^^^^^^^^^^^ Expected `PySide6.QtCore.Qt.AlignmentFlag`, found `Literal[PyQt6.QtCore.Qt.AlignmentFlag.AlignTop, PySide6.QtCore.Qt.AlignmentFlag.AlignTop]`
129 |         )
130 |         layout.addLayout(right_layout)
    |
info: Element `Literal[AlignmentFlag.AlignTop]` of this union is not assignable to `PySide6.QtCore.Qt.AlignmentFlag`
info: Method defined here
   --> .venv\Lib\site-packages\PySide6\QtWidgets.pyi:721:9
    |
719 | ΓÇª def addStretch(self, /, stretch: int | None = ...) -> None: ...
720 | ΓÇª def addStrut(self, arg__1: int, /) -> None: ...
721 | ΓÇª def addWidget(self, arg__1: PySide6.QtWidgets.QWidget, /, stretch: int | None = ..., alignment: PySide6.QtCore.Qt.AlignmentFlag = ...) -> ΓÇª
    |       ^^^^^^^^^                                                                        ------------------------------------------------ Parameter declared here
722 | ΓÇª def count(self, /) -> int: ...
723 | ΓÇª def direction(self, /) -> PySide6.QtWidgets.QBoxLayout.Direction: ...
    |
info: Union variant `bound method QVBoxLayout.addWidget(arg__1: QWidget, /, stretch: int | None = ..., alignment: AlignmentFlag = ...) -> None` is incompatible with this call site
info: Attempted to call union type `(bound method PyQt6.QtWidgets.QVBoxLayout.addWidget(a0: QWidget | None, stretch: int = ..., alignment: AlignmentFlag = ...) -> None) | (bound method PySide6.QtWidgets.QVBoxLayout.addWidget(arg__1: QWidget, /, stretch: int | None = ..., alignment: AlignmentFlag = ...) -> None)`
info: rule `invalid-argument-type` is enabled by default

error[invalid-argument-type]: Argument to bound method `addLayout` is incorrect
   --> manim_slides\present\player.py:130:26
    |
128 |             alignment=Qt.AlignmentFlag.AlignTop | Qt.AlignmentFlag.AlignLeft,
129 |         )
130 |         layout.addLayout(right_layout)
    |                          ^^^^^^^^^^^^ Expected `QLayout | None`, found `PyQt6.QtWidgets.QVBoxLayout | PySide6.QtWidgets.QVBoxLayout`
131 |
132 |         widget = QWidget()
    |
info: Element `QVBoxLayout` of this union is not assignable to `QLayout | None`
info: Method defined here
    --> .venv\Lib\site-packages\PyQt6\QtWidgets.pyi:1193:9
     |
1191 |     def addItem(self, a0: typing.Optional[QLayoutItem]) -> None: ...
1192 |     def addStrut(self, a0: int) -> None: ...
1193 |     def addLayout(self, layout: typing.Optional[QLayout], stretch: int = ...) -> None: ...
     |         ^^^^^^^^^       -------------------------------- Parameter declared here
1194 |     def addWidget(self, a0: typing.Optional[QWidget], stretch: int = ..., alignment: QtCore.Qt.AlignmentFlag = ...) -> None: ...
1195 |     def addStretch(self, stretch: int = ...) -> None: ...
     |
info: Union variant `bound method QHBoxLayout.addLayout(layout: QLayout | None, stretch: int = ...) -> None` is incompatible with this call site
info: Attempted to call union type `(bound method PyQt6.QtWidgets.QHBoxLayout.addLayout(layout: QLayout | None, stretch: int = ...) -> None) | (bound method PySide6.QtWidgets.QHBoxLayout.addLayout(layout: QLayout, /, stretch: int | None = ...) -> None)`
info: rule `invalid-argument-type` is enabled by default

error[invalid-argument-type]: Argument to bound method `addLayout` is incorrect
   --> manim_slides\present\player.py:130:26
    |
128 |             alignment=Qt.AlignmentFlag.AlignTop | Qt.AlignmentFlag.AlignLeft,
129 |         )
130 |         layout.addLayout(right_layout)
    |                          ^^^^^^^^^^^^ Expected `QLayout`, found `PyQt6.QtWidgets.QVBoxLayout | PySide6.QtWidgets.QVBoxLayout`
131 |
132 |         widget = QWidget()
    |
info: Element `QVBoxLayout` of this union is not assignable to `QLayout`
info: Method defined here
   --> .venv\Lib\site-packages\PySide6\QtWidgets.pyi:716:9
    |
715 |     def addItem(self, arg__1: PySide6.QtWidgets.QLayoutItem, /) -> None: ...
716 |     def addLayout(self, layout: PySide6.QtWidgets.QLayout, /, stretch: int | None = ...) -> None: ...
    |         ^^^^^^^^^       --------------------------------- Parameter declared here
717 |     def addSpacerItem(self, spacerItem: PySide6.QtWidgets.QSpacerItem, /) -> None: ...
718 |     def addSpacing(self, size: int, /) -> None: ...
    |
info: Union variant `bound method QHBoxLayout.addLayout(layout: QLayout, /, stretch: int | None = ...) -> None` is incompatible with this call site
info: Attempted to call union type `(bound method PyQt6.QtWidgets.QHBoxLayout.addLayout(layout: QLayout | None, stretch: int = ...) -> None) | (bound method PySide6.QtWidgets.QHBoxLayout.addLayout(layout: QLayout, /, stretch: int | None = ...) -> None)`
info: rule `invalid-argument-type` is enabled by default

error[invalid-argument-type]: Argument to bound method `setLayout` is incorrect
   --> manim_slides\present\player.py:134:26
    |
132 |         widget = QWidget()
133 |
134 |         widget.setLayout(layout)
    |                          ^^^^^^ Expected `QLayout | None`, found `PyQt6.QtWidgets.QHBoxLayout | PySide6.QtWidgets.QHBoxLayout`
135 |
136 |         main_layout = QVBoxLayout()
    |
info: Element `QHBoxLayout` of this union is not assignable to `QLayout | None`
info: Method defined here
   --> .venv\Lib\site-packages\PyQt6\QtWidgets.pyi:213:9
    |
211 |     def setParent(self, parent: typing.Optional['QWidget'], f: QtCore.Qt.WindowType) -> None: ...
212 |     def updateGeometry(self) -> None: ...
213 |     def setLayout(self, a0: typing.Optional['QLayout']) -> None: ...
    |         ^^^^^^^^^       ------------------------------ Parameter declared here
214 |     def layout(self) -> typing.Optional['QLayout']: ...
215 |     def contentsRect(self) -> QtCore.QRect: ...
    |
info: Union variant `bound method QWidget.setLayout(a0: QLayout | None) -> None` is incompatible with this call site
info: Attempted to call union type `(bound method PyQt6.QtWidgets.QWidget.setLayout(a0: QLayout | None) -> None) | (bound method PySide6.QtWidgets.QWidget.setLayout(arg__1: QLayout, /) -> None)`
info: rule `invalid-argument-type` is enabled by default

error[invalid-argument-type]: Argument to bound method `setLayout` is incorrect
   --> manim_slides\present\player.py:134:26
    |
132 |         widget = QWidget()
133 |
134 |         widget.setLayout(layout)
    |                          ^^^^^^ Expected `QLayout`, found `PyQt6.QtWidgets.QHBoxLayout | PySide6.QtWidgets.QHBoxLayout`
135 |
136 |         main_layout = QVBoxLayout()
    |
info: Element `QHBoxLayout` of this union is not assignable to `QLayout`
info: Method defined here
    --> .venv\Lib\site-packages\PySide6\QtWidgets.pyi:9267:9
     |
9265 |     def setHidden(self, hidden: bool, /) -> None: ...
9266 |     def setInputMethodHints(self, hints: PySide6.QtCore.Qt.InputMethodHint, /) -> None: ...
9267 |     def setLayout(self, arg__1: PySide6.QtWidgets.QLayout, /) -> None: ...
     |         ^^^^^^^^^       --------------------------------- Parameter declared here
9268 |     def setLayoutDirection(self, direction: PySide6.QtCore.Qt.LayoutDirection, /) -> None: ...
9269 |     def setLocale(self, locale: PySide6.QtCore.QLocale | PySide6.QtCore.QLocale.Language, /) -> None: ...
     |
info: Union variant `bound method QWidget.setLayout(arg__1: QLayout, /) -> None` is incompatible with this call site
info: Attempted to call union type `(bound method PyQt6.QtWidgets.QWidget.setLayout(a0: QLayout | None) -> None) | (bound method PySide6.QtWidgets.QWidget.setLayout(arg__1: QLayout, /) -> None)`
info: rule `invalid-argument-type` is enabled by default

error[invalid-argument-type]: Argument to bound method `addWidget` is incorrect
   --> manim_slides\present\player.py:137:31
    |
136 |         main_layout = QVBoxLayout()
137 |         main_layout.addWidget(widget, alignment=Qt.AlignmentFlag.AlignCenter)
    |                               ^^^^^^ Expected `PyQt6.QtWidgets.QWidget | None`, found `PyQt6.QtWidgets.QWidget | PySide6.QtWidgets.QWidget`
138 |
139 |         self.setLayout(main_layout)
    |
info: Element `QWidget` of this union is not assignable to `PyQt6.QtWidgets.QWidget | None`
info: Method defined here
    --> .venv\Lib\site-packages\PyQt6\QtWidgets.pyi:1194:9
     |
1192 |     def addStrut(self, a0: int) -> None: ...
1193 |     def addLayout(self, layout: typing.Optional[QLayout], stretch: int = ...) -> None: ...
1194 |     def addWidget(self, a0: typing.Optional[QWidget], stretch: int = ..., alignment: QtCore.Qt.AlignmentFlag = ...) -> None: ...
     |         ^^^^^^^^^       ---------------------------- Parameter declared here
1195 |     def addStretch(self, stretch: int = ...) -> None: ...
1196 |     def addSpacing(self, size: int) -> None: ...
     |
info: Union variant `bound method QVBoxLayout.addWidget(a0: QWidget | None, stretch: int = ..., alignment: AlignmentFlag = ...) -> None` is incompatible with this call site
info: Attempted to call union type `(bound method PyQt6.QtWidgets.QVBoxLayout.addWidget(a0: QWidget | None, stretch: int = ..., alignment: AlignmentFlag = ...) -> None) | (bound method PySide6.QtWidgets.QVBoxLayout.addWidget(arg__1: QWidget, /, stretch: int | None = ..., alignment: AlignmentFlag = ...) -> None)`
info: rule `invalid-argument-type` is enabled by default

error[invalid-argument-type]: Argument to bound method `addWidget` is incorrect
   --> manim_slides\present\player.py:137:31
    |
136 |         main_layout = QVBoxLayout()
137 |         main_layout.addWidget(widget, alignment=Qt.AlignmentFlag.AlignCenter)
    |                               ^^^^^^ Expected `PySide6.QtWidgets.QWidget`, found `PyQt6.QtWidgets.QWidget | PySide6.QtWidgets.QWidget`
138 |
139 |         self.setLayout(main_layout)
    |
info: Element `QWidget` of this union is not assignable to `PySide6.QtWidgets.QWidget`
info: Method defined here
   --> .venv\Lib\site-packages\PySide6\QtWidgets.pyi:721:9
    |
719 |     def addStretch(self, /, stretch: int | None = ...) -> None: ...
720 |     def addStrut(self, arg__1: int, /) -> None: ...
721 |     def addWidget(self, arg__1: PySide6.QtWidgets.QWidget, /, stretch: int | None = ..., alignment: PySide6.QtCore.Qt.AlignmentFlag =ΓÇª
    |         ^^^^^^^^^       --------------------------------- Parameter declared here
722 |     def count(self, /) -> int: ...
723 |     def direction(self, /) -> PySide6.QtWidgets.QBoxLayout.Direction: ...
    |
info: Union variant `bound method QVBoxLayout.addWidget(arg__1: QWidget, /, stretch: int | None = ..., alignment: AlignmentFlag = ...) -> None` is incompatible with this call site
info: Attempted to call union type `(bound method PyQt6.QtWidgets.QVBoxLayout.addWidget(a0: QWidget | None, stretch: int = ..., alignment: AlignmentFlag = ...) -> None) | (bound method PySide6.QtWidgets.QVBoxLayout.addWidget(arg__1: QWidget, /, stretch: int | None = ..., alignment: AlignmentFlag = ...) -> None)`
info: rule `invalid-argument-type` is enabled by default

error[invalid-argument-type]: Argument to bound method `addWidget` is incorrect
   --> manim_slides\present\player.py:137:39
    |
136 |         main_layout = QVBoxLayout()
137 |         main_layout.addWidget(widget, alignment=Qt.AlignmentFlag.AlignCenter)
    |                                       ^^^^^^^^^^^^^^^^^^^^^^^^^^^^^^^^^^^^^^ Expected `PyQt6.QtCore.Qt.AlignmentFlag`, found `Literal[PyQt6.QtCore.Qt.AlignmentFlag.AlignCenter, PySide6.QtCore.Qt.AlignmentFlag.AlignCenter]`
138 |
139 |         self.setLayout(main_layout)
    |
info: Element `Literal[AlignmentFlag.AlignCenter]` of this union is not assignable to `PyQt6.QtCore.Qt.AlignmentFlag`
info: Method defined here
    --> .venv\Lib\site-packages\PyQt6\QtWidgets.pyi:1194:9
     |
1192 |     def addStrut(self, a0: int) -> None: ...
1193 |     def addLayout(self, layout: typing.Optional[QLayout], stretch: int = ...) -> None: ...
1194 |     def addWidget(self, a0: typing.Optional[QWidget], stretch: int = ..., alignment: QtCore.Qt.AlignmentFlag = ...) -> None: ...
     |         ^^^^^^^^^                                                         ---------------------------------------- Parameter declared here
1195 |     def addStretch(self, stretch: int = ...) -> None: ...
1196 |     def addSpacing(self, size: int) -> None: ...
     |
info: Union variant `bound method QVBoxLayout.addWidget(a0: QWidget | None, stretch: int = ..., alignment: AlignmentFlag = ...) -> None` is incompatible with this call site
info: Attempted to call union type `(bound method PyQt6.QtWidgets.QVBoxLayout.addWidget(a0: QWidget | None, stretch: int = ..., alignment: AlignmentFlag = ...) -> None) | (bound method PySide6.QtWidgets.QVBoxLayout.addWidget(arg__1: QWidget, /, stretch: int | None = ..., alignment: AlignmentFlag = ...) -> None)`
info: rule `invalid-argument-type` is enabled by default

error[invalid-argument-type]: Argument to bound method `addWidget` is incorrect
   --> manim_slides\present\player.py:137:39
    |
136 |         main_layout = QVBoxLayout()
137 |         main_layout.addWidget(widget, alignment=Qt.AlignmentFlag.AlignCenter)
    |                                       ^^^^^^^^^^^^^^^^^^^^^^^^^^^^^^^^^^^^^^ Expected `PySide6.QtCore.Qt.AlignmentFlag`, found `Literal[PyQt6.QtCore.Qt.AlignmentFlag.AlignCenter, PySide6.QtCore.Qt.AlignmentFlag.AlignCenter]`
138 |
139 |         self.setLayout(main_layout)
    |
info: Element `Literal[AlignmentFlag.AlignCenter]` of this union is not assignable to `PySide6.QtCore.Qt.AlignmentFlag`
info: Method defined here
   --> .venv\Lib\site-packages\PySide6\QtWidgets.pyi:721:9
    |
719 | ΓÇª def addStretch(self, /, stretch: int | None = ...) -> None: ...
720 | ΓÇª def addStrut(self, arg__1: int, /) -> None: ...
721 | ΓÇª def addWidget(self, arg__1: PySide6.QtWidgets.QWidget, /, stretch: int | None = ..., alignment: PySide6.QtCore.Qt.AlignmentFlag = ...) -> ΓÇª
    |       ^^^^^^^^^                                                                        ------------------------------------------------ Parameter declared here
722 | ΓÇª def count(self, /) -> int: ...
723 | ΓÇª def direction(self, /) -> PySide6.QtWidgets.QBoxLayout.Direction: ...
    |
info: Union variant `bound method QVBoxLayout.addWidget(arg__1: QWidget, /, stretch: int | None = ..., alignment: AlignmentFlag = ...) -> None` is incompatible with this call site
info: Attempted to call union type `(bound method PyQt6.QtWidgets.QVBoxLayout.addWidget(a0: QWidget | None, stretch: int = ..., alignment: AlignmentFlag = ...) -> None) | (bound method PySide6.QtWidgets.QVBoxLayout.addWidget(arg__1: QWidget, /, stretch: int | None = ..., alignment: AlignmentFlag = ...) -> None)`
info: rule `invalid-argument-type` is enabled by default

error[unresolved-attribute]: Object of type `<class 'PyQt6.QtCore.Qt'> | <class 'PySide6.QtCore.Qt'>` has no attribute `KeepAspectRatio`
   --> manim_slides\present\player.py:175:49
    |
173 |         exit_after_last_slide: bool = False,
174 |         hide_mouse: bool = False,
175 |         aspect_ratio_mode: Qt.AspectRatioMode = Qt.KeepAspectRatio,
    |                                                 ^^^^^^^^^^^^^^^^^^
176 |         presentation_index: int = 0,
177 |         slide_index: int = 0,
    |
info: rule `unresolved-attribute` is enabled by default

error[unresolved-attribute]: Object of type `<class 'PyQt6.QtCore.Qt'> | <class 'PySide6.QtCore.Qt'>` has no attribute `WindowFullScreen`
   --> manim_slides\present\player.py:210:33
    |
209 |         if full_screen:
210 |             self.setWindowState(Qt.WindowFullScreen)
    |                                 ^^^^^^^^^^^^^^^^^^^
211 |         else:
212 |             w, h = self.current_presentation_config.resolution
    |
info: rule `unresolved-attribute` is enabled by default

error[unresolved-attribute]: Object of type `<class 'PyQt6.QtCore.Qt'> | <class 'PySide6.QtCore.Qt'>` has no attribute `BlankCursor`
   --> manim_slides\present\player.py:219:28
    |
218 |         if hide_mouse:
219 |             self.setCursor(Qt.BlankCursor)
    |                            ^^^^^^^^^^^^^^
220 |
221 |         self.setWindowTitle(WINDOW_NAME)
    |
info: rule `unresolved-attribute` is enabled by default

warning[unused-type-ignore-comment]: Unused blanket `type: ignore` directive
   --> manim_slides\present\player.py:376:39
    |
374 |     def next_file(self) -> Optional[Path]:
375 |         if slide_config := self.next_slide_config:
376 |             return slide_config.file  # type: ignore[no-any-return]
    |                                       ^^^^^^^^^^^^^^^^^^^^^^^^^^^^^
377 |
378 |         return None
    |
help: Remove the unused suppression comment
373 |     @property
374 |     def next_file(self) -> Optional[Path]:
375 |         if slide_config := self.next_slide_config:
    -             return slide_config.file  # type: ignore[no-any-return]
376 +             return slide_config.file
377 | 
378 |         return None
379 | 

error[unresolved-attribute]: Object of type `<class 'PyQt6.QtCore.Qt'> | <class 'PySide6.QtCore.Qt'>` has no attribute `WindowFullScreen`
   --> manim_slides\present\player.py:551:34
    |
549 |     @Slot()
550 |     def full_screen(self) -> None:
551 |         if self.windowState() == Qt.WindowFullScreen:
    |                                  ^^^^^^^^^^^^^^^^^^^
552 |             self.setWindowState(Qt.WindowNoState)
553 |             self.info.setWindowState(Qt.WindowNoState)
    |
info: rule `unresolved-attribute` is enabled by default

error[unresolved-attribute]: Object of type `<class 'PyQt6.QtCore.Qt'> | <class 'PySide6.QtCore.Qt'>` has no attribute `WindowNoState`
   --> manim_slides\present\player.py:552:33
    |
550 |     def full_screen(self) -> None:
551 |         if self.windowState() == Qt.WindowFullScreen:
552 |             self.setWindowState(Qt.WindowNoState)
    |                                 ^^^^^^^^^^^^^^^^
553 |             self.info.setWindowState(Qt.WindowNoState)
554 |         else:
    |
info: rule `unresolved-attribute` is enabled by default

error[unresolved-attribute]: Object of type `<class 'PyQt6.QtCore.Qt'> | <class 'PySide6.QtCore.Qt'>` has no attribute `WindowNoState`
   --> manim_slides\present\player.py:553:38
    |
551 |         if self.windowState() == Qt.WindowFullScreen:
552 |             self.setWindowState(Qt.WindowNoState)
553 |             self.info.setWindowState(Qt.WindowNoState)
    |                                      ^^^^^^^^^^^^^^^^
554 |         else:
555 |             self.setWindowState(Qt.WindowFullScreen)
    |
info: rule `unresolved-attribute` is enabled by default

error[unresolved-attribute]: Object of type `<class 'PyQt6.QtCore.Qt'> | <class 'PySide6.QtCore.Qt'>` has no attribute `WindowFullScreen`
   --> manim_slides\present\player.py:555:33
    |
553 |             self.info.setWindowState(Qt.WindowNoState)
554 |         else:
555 |             self.setWindowState(Qt.WindowFullScreen)
    |                                 ^^^^^^^^^^^^^^^^^^^
556 |             self.info.setWindowState(Qt.WindowFullScreen)
    |
info: rule `unresolved-attribute` is enabled by default

error[unresolved-attribute]: Object of type `<class 'PyQt6.QtCore.Qt'> | <class 'PySide6.QtCore.Qt'>` has no attribute `WindowFullScreen`
   --> manim_slides\present\player.py:556:38
    |
554 |         else:
555 |             self.setWindowState(Qt.WindowFullScreen)
556 |             self.info.setWindowState(Qt.WindowFullScreen)
    |                                      ^^^^^^^^^^^^^^^^^^^
557 |
558 |     @Slot()
    |
info: rule `unresolved-attribute` is enabled by default

error[unresolved-attribute]: Object of type `<class 'PyQt6.QtCore.Qt'> | <class 'PySide6.QtCore.Qt'>` has no attribute `BlankCursor`
   --> manim_slides\present\player.py:560:37
    |
558 |     @Slot()
559 |     def hide_mouse(self) -> None:
560 |         if self.cursor().shape() == Qt.BlankCursor:
    |                                     ^^^^^^^^^^^^^^
561 |             self.setCursor(Qt.ArrowCursor)
562 |         else:
    |
info: rule `unresolved-attribute` is enabled by default

error[unresolved-attribute]: Object of type `<class 'PyQt6.QtCore.Qt'> | <class 'PySide6.QtCore.Qt'>` has no attribute `ArrowCursor`
   --> manim_slides\present\player.py:561:28
    |
559 |     def hide_mouse(self) -> None:
560 |         if self.cursor().shape() == Qt.BlankCursor:
561 |             self.setCursor(Qt.ArrowCursor)
    |                            ^^^^^^^^^^^^^^
562 |         else:
563 |             self.setCursor(Qt.BlankCursor)
    |
info: rule `unresolved-attribute` is enabled by default

error[unresolved-attribute]: Object of type `<class 'PyQt6.QtCore.Qt'> | <class 'PySide6.QtCore.Qt'>` has no attribute `BlankCursor`
   --> manim_slides\present\player.py:563:28
    |
561 |             self.setCursor(Qt.ArrowCursor)
562 |         else:
563 |             self.setCursor(Qt.BlankCursor)
    |                            ^^^^^^^^^^^^^^
564 |
565 |     def frame_changed(self, frame: QVideoFrame) -> None:
    |
info: rule `unresolved-attribute` is enabled by default

error[invalid-return-type]: Return type does not match returned value
  --> manim_slides\qt_utils.py:12:16
   |
10 |     """
11 |     if app := QApplication.instance():
12 |         return app
   |                ^^^ expected `PyQt6.QtWidgets.QApplication | PySide6.QtWidgets.QApplication`, found `(PyQt6.QtCore.QCoreApplication & ~AlwaysFalsy) | (PySide6.QtCore.QCoreApplication & ~AlwaysFalsy)`
13 |
14 |     return QApplication([])
   |
  ::: manim_slides\qt_utils.py:6:15
   |
 6 | def qapp() -> QApplication:
   |               ------------ Expected `PyQt6.QtWidgets.QApplication | PySide6.QtWidgets.QApplication` because of return type
 7 |     """
 8 |     Return a QApplication instance, creating one
   |
info: rule `invalid-return-type` is enabled by default

error[invalid-argument-type]: Argument is incorrect
   --> manim_slides\slide\base.py:608:13
    |
606 |             slides=slides,
607 |             resolution=self._resolution,
608 |             background_color=self._background_color,
    |             ^^^^^^^^^^^^^^^^^^^^^^^^^^^^^^^^^^^^^^^ Expected `Color`, found `str`
609 |         ).to_file(slide_path)
    |
info: rule `invalid-argument-type` is enabled by default

warning[unused-type-ignore-comment]: Unused blanket `type: ignore` directive
  --> manim_slides\slide\manim.py:12:33
   |
12 | class Slide(BaseSlide, Scene):  # type: ignore[misc]
   |                                 ^^^^^^^^^^^^^^^^^^^^
13 |     """
14 |     Inherits from :class:`Scene<manim.scene.scene.Scene>` and provides necessary tools
   |
help: Remove the unused suppression comment
9  | from .base import BaseSlide
10 | 
11 | 
   - class Slide(BaseSlide, Scene):  # type: ignore[misc]
12 + class Slide(BaseSlide, Scene):
13 |     """
14 |     Inherits from :class:`Scene<manim.scene.scene.Scene>` and provides necessary tools
15 |     for slides rendering.

warning[unused-type-ignore-comment]: Unused blanket `type: ignore` directive
  --> manim_slides\slide\manim.py:54:54
   |
52 |     def _frame_shape(self) -> tuple[float, float]:
53 |         if isinstance(self.renderer, OpenGLRenderer):
54 |             return self.renderer.camera.frame_shape  # type: ignore
   |                                                      ^^^^^^^^^^^^^^
55 |         else:
56 |             return (
   |
help: Remove the unused suppression comment
51 |     @property
52 |     def _frame_shape(self) -> tuple[float, float]:
53 |         if isinstance(self.renderer, OpenGLRenderer):
   -             return self.renderer.camera.frame_shape  # type: ignore
54 +             return self.renderer.camera.frame_shape
55 |         else:
56 |             return (
57 |                 self.renderer.camera.frame_height,

warning[unused-type-ignore-comment]: Unused blanket `type: ignore` directive
  --> manim_slides\slide\manim.py:72:76
   |
70 |     def _background_color(self) -> str:
71 |         if isinstance(self.renderer, OpenGLRenderer):
72 |             return rgba_to_color(self.renderer.background_color).to_hex()  # type: ignore
   |                                                                            ^^^^^^^^^^^^^^
73 |         else:
74 |             return self.renderer.camera.background_color.to_hex()  # type: ignore
   |
help: Remove the unused suppression comment
69 |     @property
70 |     def _background_color(self) -> str:
71 |         if isinstance(self.renderer, OpenGLRenderer):
   -             return rgba_to_color(self.renderer.background_color).to_hex()  # type: ignore
72 +             return rgba_to_color(self.renderer.background_color).to_hex()
73 |         else:
74 |             return self.renderer.camera.background_color.to_hex()  # type: ignore
75 | 

warning[unused-type-ignore-comment]: Unused blanket `type: ignore` directive
  --> manim_slides\slide\manim.py:74:68
   |
72 |             return rgba_to_color(self.renderer.background_color).to_hex()  # type: ignore
73 |         else:
74 |             return self.renderer.camera.background_color.to_hex()  # type: ignore
   |                                                                    ^^^^^^^^^^^^^^
75 |
76 |     @property
   |
help: Remove the unused suppression comment
71 |         if isinstance(self.renderer, OpenGLRenderer):
72 |             return rgba_to_color(self.renderer.background_color).to_hex()  # type: ignore
73 |         else:
   -             return self.renderer.camera.background_color.to_hex()  # type: ignore
74 +             return self.renderer.camera.background_color.to_hex()
75 | 
76 |     @property
77 |     def _resolution(self) -> tuple[int, int]:

warning[unused-type-ignore-comment]: Unused blanket `type: ignore` directive
  --> manim_slides\slide\manim.py:79:53
   |
77 |     def _resolution(self) -> tuple[int, int]:
78 |         if isinstance(self.renderer, OpenGLRenderer):
79 |             return self.renderer.get_pixel_shape()  # type: ignore
   |                                                     ^^^^^^^^^^^^^^
80 |         else:
81 |             return (
   |
help: Remove the unused suppression comment
76 |     @property
77 |     def _resolution(self) -> tuple[int, int]:
78 |         if isinstance(self.renderer, OpenGLRenderer):
   -             return self.renderer.get_pixel_shape()  # type: ignore
79 +             return self.renderer.get_pixel_shape()
80 |         else:
81 |             return (
82 |                 self.renderer.camera.pixel_width,

error[invalid-return-type]: Return type does not match returned value
  --> manim_slides\slide\manim.py:77:30
   |
76 |       @property
77 |       def _resolution(self) -> tuple[int, int]:
   |                                --------------- Expected `tuple[int, int]` because of return type
78 |           if isinstance(self.renderer, OpenGLRenderer):
79 |               return self.renderer.get_pixel_shape()  # type: ignore
80 |           else:
81 |               return (
   |  ____________________^
82 | |                 self.renderer.camera.pixel_width,
83 | |                 self.renderer.camera.pixel_height,
84 | |             )
   | |_____________^ expected `tuple[int, int]`, found `tuple[Unknown | int | float, Unknown | int | float]`
85 |
86 |       @property
   |
info: rule `invalid-return-type` is enabled by default

warning[unused-type-ignore-comment]: Unused blanket `type: ignore` directive
   --> manim_slides\slide\manim.py:99:50
    |
 97 |     @property
 98 |     def _show_progress_bar(self) -> bool:
 99 |         return config["progress_bar"] != "none"  # type: ignore
    |                                                  ^^^^^^^^^^^^^^
100 |
101 |     @property
    |
help: Remove the unused suppression comment
96  | 
97  |     @property
98  |     def _show_progress_bar(self) -> bool:
    -         return config["progress_bar"] != "none"  # type: ignore
99  +         return config["progress_bar"] != "none"
100 | 
101 |     @property
102 |     def _leave_progress_bar(self) -> bool:

warning[unused-type-ignore-comment]: Unused blanket `type: ignore` directive
   --> manim_slides\slide\manim.py:103:51
    |
101 |     @property
102 |     def _leave_progress_bar(self) -> bool:
103 |         return config["progress_bar"] == "leave"  # type: ignore
    |                                                   ^^^^^^^^^^^^^^
104 |
105 |     @property
    |
help: Remove the unused suppression comment
100 | 
101 |     @property
102 |     def _leave_progress_bar(self) -> bool:
    -         return config["progress_bar"] == "leave"  # type: ignore
103 +         return config["progress_bar"] == "leave"
104 | 
105 |     @property
106 |     def _start_at_animation_number(self) -> Optional[int]:

warning[unused-type-ignore-comment]: Unused blanket `type: ignore` directive
   --> manim_slides\slide\manim.py:107:49
    |
105 |     @property
106 |     def _start_at_animation_number(self) -> Optional[int]:
107 |         return config["from_animation_number"]  # type: ignore
    |                                                 ^^^^^^^^^^^^^^
108 |
109 |     def play(self, *args: Any, **kwargs: Any) -> None:
    |
help: Remove the unused suppression comment
104 | 
105 |     @property
106 |     def _start_at_animation_number(self) -> Optional[int]:
    -         return config["from_animation_number"]  # type: ignore
107 +         return config["from_animation_number"]
108 | 
109 |     def play(self, *args: Any, **kwargs: Any) -> None:
110 |         """Overload 'self.play' and increment animation count."""

error[invalid-method-override]: Invalid override of method `render`
   --> manim_slides\slide\manim.py:151:9
    |
149 |         )
150 |
151 |     def render(self, *args: Any, **kwargs: Any) -> None:
    |         ^^^^^^^^^^^^^^^^^^^^^^^^^^^^^^^^^^^^^^^^^^^^^^^ Definition is incompatible with `Scene.render`
152 |         """MANIM renderer."""
153 |         # We need to disable the caching limit since we rely on intermediate files
    |
   ::: .venv\Lib\site-packages\manim\scene\scene.py:249:9
    |
247 |         return result
248 |
249 |     def render(self, preview: bool = False) -> bool:
    |         ------------------------------------------- `Scene.render` defined here
250 |         """
251 |         Renders this Scene.
    |
info: This violates the Liskov Substitution Principle
info: rule `invalid-method-override` is enabled by default

warning[unused-type-ignore-comment]: Unused blanket `type: ignore` directive
   --> manim_slides\slide\manim.py:177:41
    |
177 | class ThreeDSlide(Slide, ThreeDScene):  # type: ignore[misc]
    |                                         ^^^^^^^^^^^^^^^^^^^^
178 |     """
179 |     Inherits from :class:`Slide` and
    |
help: Remove the unused suppression comment
174 |             self.renderer.file_writer.flush_cache_directory()
175 | 
176 | 
    - class ThreeDSlide(Slide, ThreeDScene):  # type: ignore[misc]
177 + class ThreeDSlide(Slide, ThreeDScene):
178 |     """
179 |     Inherits from :class:`Slide` and
180 |     :class:`ThreeDScene<manim.scene.three_d_scene.ThreeDScene>` and provide necessary

warning[unused-type-ignore-comment]: Unused blanket `type: ignore` directive
  --> manim_slides\slide\manimlib.py:15:33
   |
15 | class Slide(BaseSlide, Scene):  # type: ignore[misc]
   |                                 ^^^^^^^^^^^^^^^^^^^^
16 |     def __init__(self, *args: Any, **kwargs: Any) -> None:
17 |         kwargs.setdefault("file_writer_config", {}).update(
   |
help: Remove the unused suppression comment
12 | from .base import BaseSlide  # noqa: E402
13 | 
14 | 
   - class Slide(BaseSlide, Scene):  # type: ignore[misc]
15 + class Slide(BaseSlide, Scene):
16 |     def __init__(self, *args: Any, **kwargs: Any) -> None:
17 |         kwargs.setdefault("file_writer_config", {}).update(
18 |             subdivide_output=True,

warning[unused-type-ignore-comment]: Unused blanket `type: ignore` directive
  --> manim_slides\slide\manimlib.py:59:42
   |
57 |     @property
58 |     def _leave_progress_bar(self) -> bool:
59 |         return self.leave_progress_bars  # type: ignore
   |                                          ^^^^^^^^^^^^^^
60 |
61 |     @property
   |
help: Remove the unused suppression comment
56 | 
57 |     @property
58 |     def _leave_progress_bar(self) -> bool:
   -         return self.leave_progress_bars  # type: ignore
59 +         return self.leave_progress_bars
60 | 
61 |     @property
62 |     def _start_at_animation_number(self) -> Optional[int]:

warning[unused-type-ignore-comment]: Unused blanket `type: ignore` directive
  --> manim_slides\slide\manimlib.py:63:48
   |
61 |     @property
62 |     def _start_at_animation_number(self) -> Optional[int]:
63 |         return self.start_at_animation_number  # type: ignore
   |                                                ^^^^^^^^^^^^^^
64 |
65 |     def run(self, *args: Any, **kwargs: Any) -> None:
   |
help: Remove the unused suppression comment
60 | 
61 |     @property
62 |     def _start_at_animation_number(self) -> Optional[int]:
   -         return self.start_at_animation_number  # type: ignore
63 +         return self.start_at_animation_number
64 | 
65 |     def run(self, *args: Any, **kwargs: Any) -> None:
66 |         """MANIMGL renderer."""

warning[possibly-missing-attribute]: Submodule `filter` may not be available as an attribute on module `av`
  --> manim_slides\utils.py:95:24
   |
95 | def link_nodes(*nodes: av.filter.context.FilterContext) -> None:
   |                        ^^^^^^^^^
96 |     """Code from https://github.com/PyAV-Org/PyAV/issues/239."""
97 |     for c, n in zip(nodes, nodes[1:]):
   |
help: Consider explicitly importing `av.filter`
info: rule `possibly-missing-attribute` is enabled by default

error[unresolved-attribute]: Unresolved attribute `width` on type `Stream`
   --> manim_slides\utils.py:112:9
    |
110 |             codec_name="libx264", rate=input_stream.base_rate
111 |         )
112 |         output_stream.width = input_stream.width
    |         ^^^^^^^^^^^^^^^^^^^
113 |         output_stream.height = input_stream.height
114 |         output_stream.pix_fmt = input_stream.pix_fmt
    |
info: rule `unresolved-attribute` is enabled by default

error[unresolved-attribute]: Unresolved attribute `height` on type `Stream`
   --> manim_slides\utils.py:113:9
    |
111 |         )
112 |         output_stream.width = input_stream.width
113 |         output_stream.height = input_stream.height
    |         ^^^^^^^^^^^^^^^^^^^^
114 |         output_stream.pix_fmt = input_stream.pix_fmt
    |
info: rule `unresolved-attribute` is enabled by default

error[unresolved-attribute]: Unresolved attribute `pix_fmt` on type `Stream`
   --> manim_slides\utils.py:114:9
    |
112 |         output_stream.width = input_stream.width
113 |         output_stream.height = input_stream.height
114 |         output_stream.pix_fmt = input_stream.pix_fmt
    |         ^^^^^^^^^^^^^^^^^^^^^
115 |
116 |         graph = av.filter.Graph()
    |
info: rule `unresolved-attribute` is enabled by default

warning[possibly-missing-attribute]: Submodule `filter` may not be available as an attribute on module `av`
   --> manim_slides\utils.py:116:17
    |
114 |         output_stream.pix_fmt = input_stream.pix_fmt
115 |
116 |         graph = av.filter.Graph()
    |                 ^^^^^^^^^
117 |         link_nodes(
118 |             graph.add_buffer(template=input_stream),
    |
help: Consider explicitly importing `av.filter`
info: rule `possibly-missing-attribute` is enabled by default

error[unresolved-attribute]: Object of type `Stream` has no attribute `encode`
   --> manim_slides\utils.py:134:34
    |
132 |             frame = graph.pull()
133 |             frame.pict_type = "NONE"  # Otherwise we get a warning saying it is changed
134 |             output_container.mux(output_stream.encode(frame))
    |                                  ^^^^^^^^^^^^^^^^^^^^
135 |
136 |         for packet in output_stream.encode():
    |
info: rule `unresolved-attribute` is enabled by default

error[unresolved-attribute]: Object of type `Stream` has no attribute `encode`
   --> manim_slides\utils.py:136:23
    |
134 |             output_container.mux(output_stream.encode(frame))
135 |
136 |         for packet in output_stream.encode():
    |                       ^^^^^^^^^^^^^^^^^^^^
137 |             output_container.mux(packet)
    |
info: rule `unresolved-attribute` is enabled by default

error[unsupported-operator]: Unsupported `*` operation
   --> manim_slides\utils.py:154:23
    |
152 |         elif input_stream.duration:
153 |             if (
154 |                 float(input_stream.duration * input_stream.time_base)
    |                       ---------------------^^^----------------------
    |                       |                       |
    |                       |                       Has type `Fraction | None`
    |                       Has type `int & ~AlwaysFalsy`
155 |                 <= max_segment_duration
156 |             ):
    |
info: rule `unsupported-operator` is enabled by default

error[unresolved-attribute]: Object of type `<class 'PyQt6.QtWidgets.QDialogButtonBox'> | <class 'PySide6.QtWidgets.QDialogButtonBox'>` has no attribute `Save`
  --> manim_slides\wizard\wizard.py:56:18
   |
54 |         self.closed_without_saving = False
55 |
56 |         button = QDialogButtonBox.Save | QDialogButtonBox.Cancel
   |                  ^^^^^^^^^^^^^^^^^^^^^
57 |
58 |         self.button_box = QDialogButtonBox(button)
   |
info: rule `unresolved-attribute` is enabled by default

error[unresolved-attribute]: Object of type `<class 'PyQt6.QtWidgets.QDialogButtonBox'> | <class 'PySide6.QtWidgets.QDialogButtonBox'>` has no attribute `Cancel`
  --> manim_slides\wizard\wizard.py:56:42
   |
54 |         self.closed_without_saving = False
55 |
56 |         button = QDialogButtonBox.Save | QDialogButtonBox.Cancel
   |                                          ^^^^^^^^^^^^^^^^^^^^^^^
57 |
58 |         self.button_box = QDialogButtonBox(button)
   |
info: rule `unresolved-attribute` is enabled by default

error[unresolved-attribute]: Object of type `<class 'PyQt6.QtWidgets.QMessageBox'> | <class 'PySide6.QtWidgets.QMessageBox'>` has no attribute `Critical`
   --> manim_slides\wizard\wizard.py:103:25
    |
101 |         except ValueError:
102 |             msg = QMessageBox()
103 |             msg.setIcon(QMessageBox.Critical)
    |                         ^^^^^^^^^^^^^^^^^^^^
104 |             msg.setText("Error")
105 |             msg.setInformativeText(
    |
info: rule `unresolved-attribute` is enabled by default

warning[unused-type-ignore-comment]: Unused blanket `type: ignore` directive
  --> remove_unused_ignores.py:32:14
   |
30 |         lines = f.readlines()
31 |     
32 |     # Remove # type: ignore from specified lines (in reverse order to maintain line numbers)
   |              ^^^^^^^^^^^^^^^^^^^^^^^^^^^^^^^^^^^^^^^^^^^^^^^^^^^^^^^^^^^^^^^^^^^^^^^^^^^^^^^
33 |     for line_num in sorted(line_numbers, reverse=True):
34 |         if line_num - 1 < len(lines):
   |
help: Remove the unused suppression comment
29 |     with open(path, 'r', encoding='utf-8') as f:
30 |         lines = f.readlines()
31 |     
   -     # Remove # type: ignore from specified lines (in reverse order to maintain line numbers)
32 +     # Remove
33 |     for line_num in sorted(line_numbers, reverse=True):
34 |         if line_num - 1 < len(lines):
35 |             lines[line_num - 1] = lines[line_num - 1].replace('# type: ignore', '').replace('  # type: ignore[misc]', '')

warning[unused-type-ignore-comment]: Unused blanket `type: ignore` directive
  --> tests\test_base_slide.py:10:25
   |
 8 | @pytest.fixture
 9 | def base_slide() -> BaseSlide:
10 |     return BaseSlide()  # type: ignore[abstract]
   |                         ^^^^^^^^^^^^^^^^^^^^^^^^
   |
help: Remove the unused suppression comment
7  | 
8  | @pytest.fixture
9  | def base_slide() -> BaseSlide:
   -     return BaseSlide()  # type: ignore[abstract]
10 +     return BaseSlide()
11 | 
12 | 
13 | class TestBaseSlide:

error[invalid-argument-type]: Argument to function `sorted` is incorrect
  --> tests\test_base_slide.py:66:23
   |
64 |         assert len(base_slide.canvas) == 3
65 |
66 |         assert sorted(base_slide.canvas_mobjects) == [1, 3, 4]
   |                       ^^^^^^^^^^^^^^^^^^^^^^^^^^ Argument type `Mobject | Any` does not satisfy upper bound `SupportsDunderLT[Any] | SupportsDunderGT[Any]` of type variable `SupportsRichComparisonT`
67 |
68 |         base_slide.remove_from_canvas("a", "b", "c")
   |
info: Type variable defined here
   --> stdlib\_typeshed\__init__.pyi:107:1
    |
106 | SupportsRichComparison: TypeAlias = SupportsDunderLT[Any] | SupportsDunderGT[Any]
107 | SupportsRichComparisonT = TypeVar("SupportsRichComparisonT", bound=SupportsRichComparison)  # noqa: Y001
    | ^^^^^^^^^^^^^^^^^^^^^^^^^^^^^^^^^^^^^^^^^^^^^^^^^^^^^^^^^^^^^^^^^^^^^^^^^^^^^^^^^^^^^^^^^^
108 |
109 | # Dunder protocols
    |
info: rule `invalid-argument-type` is enabled by default

error[unknown-argument]: Argument `files` does not match any known parameter
  --> tests\test_config.py:32:47
   |
30 |     def test_empty_presentation_config(self) -> None:
31 |         with pytest.raises(ValidationError):
32 |             _ = PresentationConfig(slides=[], files=[])
   |                                               ^^^^^^^^
   |
info: rule `unknown-argument` is enabled by default

warning[unused-type-ignore-comment]: Unused blanket `type: ignore` directive
  --> tests\test_convert.py:77:29
   |
75 | )
76 | def test_format_enum(enum_type: EnumMeta) -> None:
77 |     for enum in enum_type:  # type: ignore[var-annotated]
   |                             ^^^^^^^^^^^^^^^^^^^^^^^^^^^^^
78 |         expected = str(enum)
79 |         got = f"{enum}"
   |
help: Remove the unused suppression comment
74 |     ],
75 | )
76 | def test_format_enum(enum_type: EnumMeta) -> None:
   -     for enum in enum_type:  # type: ignore[var-annotated]
77 +     for enum in enum_type:
78 |         expected = str(enum)
79 |         got = f"{enum}"
80 | 

warning[unused-type-ignore-comment]: Unused blanket `type: ignore` directive
   --> tests\test_convert.py:114:29
    |
112 | )
113 | def test_quoted_enum(enum_type: EnumMeta) -> None:
114 |     for enum in enum_type:  # type: ignore[var-annotated]
    |                             ^^^^^^^^^^^^^^^^^^^^^^^^^^^^^
115 |         if enum in ["true", "false", "null"]:
116 |             continue
    |
help: Remove the unused suppression comment
111 |     ],
112 | )
113 | def test_quoted_enum(enum_type: EnumMeta) -> None:
    -     for enum in enum_type:  # type: ignore[var-annotated]
114 +     for enum in enum_type:
115 |         if enum in ["true", "false", "null"]:
116 |             continue
117 | 

error[unresolved-attribute]: Object of type `object` has no attribute `value`
   --> tests\test_convert.py:118:26
    |
116 |             continue
117 |
118 |         expected = "'" + enum.value + "'"
    |                          ^^^^^^^^^^
119 |         got = str(enum)
    |
info: rule `unresolved-attribute` is enabled by default

warning[unused-type-ignore-comment]: Unused blanket `type: ignore` directive
   --> tests\test_convert.py:135:29
    |
133 | )
134 | def test_unquoted_enum(enum_type: EnumMeta) -> None:
135 |     for enum in enum_type:  # type: ignore[var-annotated]
    |                             ^^^^^^^^^^^^^^^^^^^^^^^^^^^^^
136 |         expected = enum.value
137 |         got = str(enum)
    |
help: Remove the unused suppression comment
132 |     ],
133 | )
134 | def test_unquoted_enum(enum_type: EnumMeta) -> None:
    -     for enum in enum_type:  # type: ignore[var-annotated]
135 +     for enum in enum_type:
136 |         expected = enum.value
137 |         got = str(enum)
138 | 

error[unresolved-attribute]: Object of type `object` has no attribute `value`
   --> tests\test_convert.py:136:20
    |
134 | def test_unquoted_enum(enum_type: EnumMeta) -> None:
135 |     for enum in enum_type:  # type: ignore[var-annotated]
136 |         expected = enum.value
    |                    ^^^^^^^^^^
137 |         got = str(enum)
    |
info: rule `unresolved-attribute` is enabled by default

error[invalid-argument-type]: Argument is incorrect
   --> tests\test_convert.py:164:62
    |
162 |     ) -> None:
163 |         out_file = tmp_path / "slides.html"
164 |         RevealJS(presentation_configs=[presentation_config], offline="true").convert_to(
    |                                                              ^^^^^^^^^^^^^^ Expected `bool`, found `Literal["true"]`
165 |             out_file
166 |         )
    |
info: rule `invalid-argument-type` is enabled by default

error[invalid-argument-type]: Argument is incorrect
   --> tests\test_convert.py:203:57
    |
201 |         out_file = tmp_path / "slides.html"
202 |         RevealJS(
203 |             presentation_configs=[presentation_config], offline="false", one_file="true"
    |                                                         ^^^^^^^^^^^^^^^ Expected `bool`, found `Literal["false"]`
204 |         ).convert_to(out_file)
205 |         assert out_file.exists()
    |
info: rule `invalid-argument-type` is enabled by default

error[invalid-argument-type]: Argument is incorrect
   --> tests\test_convert.py:203:74
    |
201 |         out_file = tmp_path / "slides.html"
202 |         RevealJS(
203 |             presentation_configs=[presentation_config], offline="false", one_file="true"
    |                                                                          ^^^^^^^^^^^^^^^ Expected `bool`, found `Literal["true"]`
204 |         ).convert_to(out_file)
205 |         assert out_file.exists()
    |
info: rule `invalid-argument-type` is enabled by default

error[unsupported-operator]: Unsupported `in` operation
   --> tests\test_convert.py:223:24
    |
221 |         # Check if CSS is not inlined
222 |         styles = soup.find_all("style")
223 |         assert not any("background-color: #9a3241;" in style.string for style in styles)
    |                        ----------------------------^^^^------------
    |                        |                               |
    |                        |                               Has type `str | None`
    |                        Has type `Literal["background-color: #9a3241;"]`
224 |         # Check if JS is not inlined
225 |         scripts = soup.find_all("script")
    |
info: Operation fails because operator `in` is not supported between objects of type `Literal["background-color: #9a3241;"]` and `None`
info: rule `unsupported-operator` is enabled by default

error[invalid-argument-type]: Argument is incorrect
   --> tests\test_convert.py:256:57
    |
254 |         out_file = tmp_path / "slides.html"
255 |         RevealJS(
256 |             presentation_configs=[presentation_config], offline="true", one_file="true"
    |                                                         ^^^^^^^^^^^^^^ Expected `bool`, found `Literal["true"]`
257 |         ).convert_to(out_file)
258 |         assert out_file.exists()
    |
info: rule `invalid-argument-type` is enabled by default

error[invalid-argument-type]: Argument is incorrect
   --> tests\test_convert.py:256:73
    |
254 |         out_file = tmp_path / "slides.html"
255 |         RevealJS(
256 |             presentation_configs=[presentation_config], offline="true", one_file="true"
    |                                                                         ^^^^^^^^^^^^^^^ Expected `bool`, found `Literal["true"]`
257 |         ).convert_to(out_file)
258 |         assert out_file.exists()
    |
info: rule `invalid-argument-type` is enabled by default

error[unsupported-operator]: Unsupported `in` operation
   --> tests\test_convert.py:267:20
    |
265 |         # Check if CSS is inlined
266 |         styles = soup.find_all("style")
267 |         assert any("background-color: #9a3241;" in style.string for style in styles)
    |                    ----------------------------^^^^------------
    |                    |                               |
    |                    |                               Has type `str | None`
    |                    Has type `Literal["background-color: #9a3241;"]`
268 |
269 |         # Check if JS is inlined
    |
info: Operation fails because operator `in` is not supported between objects of type `Literal["background-color: #9a3241;"]` and `None`
info: rule `unsupported-operator` is enabled by default

error[unsupported-operator]: Unsupported `in` operation
   --> tests\test_convert.py:271:20
    |
269 |         # Check if JS is inlined
270 |         scripts = soup.find_all("script")
271 |         assert any("background-color: #9a3241;" in script.string for script in scripts)
    |                    ----------------------------^^^^-------------
    |                    |                               |
    |                    |                               Has type `str | None`
    |                    Has type `Literal["background-color: #9a3241;"]`
272 |
273 |     def test_htmlzip_converter(
    |
info: Operation fails because operator `in` is not supported between objects of type `Literal["background-color: #9a3241;"]` and `None`
info: rule `unsupported-operator` is enabled by default

error[invalid-argument-type]: Argument is incorrect
   --> tests\test_convert.py:321:57
    |
319 |         out_file = tmp_path / "slides.pdf"
320 |         PDF(
321 |             presentation_configs=[presentation_config], frame_index=frame_index
    |                                                         ^^^^^^^^^^^^^^^^^^^^^^^ Expected `FrameIndex`, found `str`
322 |         ).convert_to(out_file)
323 |         assert out_file.exists()
    |
info: rule `invalid-argument-type` is enabled by default

error[unresolved-attribute]: Object of type `<class 'PyQt6.QtCore.Qt'> | <class 'PySide6.QtCore.Qt'>` has no attribute `Key_Q`
  --> tests\test_wizard.py:29:32
   |
27 |         widget.show()
28 |         qtbot.addWidget(widget)
29 |         qtbot.keyPress(widget, Qt.Key_Q)
   |                                ^^^^^^^^
30 |         assert widget.key is Qt.Key_Q.value
   |
info: rule `unresolved-attribute` is enabled by default

error[unresolved-attribute]: Object of type `<class 'PyQt6.QtCore.Qt'> | <class 'PySide6.QtCore.Qt'>` has no attribute `Key_Q`
  --> tests\test_wizard.py:30:30
   |
28 |         qtbot.addWidget(widget)
29 |         qtbot.keyPress(widget, Qt.Key_Q)
30 |         assert widget.key is Qt.Key_Q.value
   |                              ^^^^^^^^
   |
info: rule `unresolved-attribute` is enabled by default

error[unresolved-attribute]: Object of type `<class 'PyQt6.QtCore.Qt'> | <class 'PySide6.QtCore.Qt'>` has no attribute `Key_Q`
  --> tests\test_wizard.py:57:36
   |
55 |             dialog = KeyInput()
56 |             qtbot.addWidget(dialog)
57 |             qtbot.keyPress(dialog, Qt.Key_Q)
   |                                    ^^^^^^^^
58 |             assert dialog.key is not None
59 |             key.set_ids(dialog.key)
   |
info: rule `unresolved-attribute` is enabled by default

Found 227 diagnostics
